../Drivers/ioLibrary_Driver/Internet/MQTT/MQTTClient.c:18:13:NewMessageData	24	static
../Drivers/ioLibrary_Driver/Internet/MQTT/MQTTClient.c:24:12:getNextPacketId	16	static
../Drivers/ioLibrary_Driver/Internet/MQTT/MQTTClient.c:29:12:sendPacket	48	static
../Drivers/ioLibrary_Driver/Internet/MQTT/MQTTClient.c:52:6:MQTTClientInit	32	static
../Drivers/ioLibrary_Driver/Internet/MQTT/MQTTClient.c:77:12:decodePacket	64	static
../Drivers/ioLibrary_Driver/Internet/MQTT/MQTTClient.c:105:12:readPacket	64	static
../Drivers/ioLibrary_Driver/Internet/MQTT/MQTTClient.c:135:13:isTopicMatched	32	static
../Drivers/ioLibrary_Driver/Internet/MQTT/MQTTClient.c:163:5:deliverMessage	48	static
../Drivers/ioLibrary_Driver/Internet/MQTT/MQTTClient.c:196:5:keepalive	32	static
../Drivers/ioLibrary_Driver/Internet/MQTT/MQTTClient.c:224:5:cycle	104	static
../Drivers/ioLibrary_Driver/Internet/MQTT/MQTTClient.c:291:5:MQTTYield	32	static
../Drivers/ioLibrary_Driver/Internet/MQTT/MQTTClient.c:308:6:MQTTRun	32	static
../Drivers/ioLibrary_Driver/Internet/MQTT/MQTTClient.c:337:5:waitfor	32	static
../Drivers/ioLibrary_Driver/Internet/MQTT/MQTTClient.c:352:5:MQTTConnect	128	static
../Drivers/ioLibrary_Driver/Internet/MQTT/MQTTClient.c:403:5:MQTTSubscribe	96	static
../Drivers/ioLibrary_Driver/Internet/MQTT/MQTTClient.c:461:5:MQTTUnsubscribe	64	static
../Drivers/ioLibrary_Driver/Internet/MQTT/MQTTClient.c:500:5:MQTTPublish	112	static
../Drivers/ioLibrary_Driver/Internet/MQTT/MQTTClient.c:560:5:MQTTDisconnect	32	static
