Archive member included to satisfy reference by file (symbol)

c:/st/stm32cubeide_1.10.0/stm32cubeide/plugins/com.st.stm32cube.ide.mcu.externaltools.gnu-tools-for-stm32.10.3-2021.10.win32_1.0.100.202210260954/tools/bin/../lib/gcc/arm-none-eabi/10.3.1/../../../../arm-none-eabi/lib/thumb/v7e-m+fp/hard\libc_nano.a(lib_a-atoi.o)
                              ./Drivers/ioLibrary_Driver/Internet/FTPServer/ftpd.o (atoi)
c:/st/stm32cubeide_1.10.0/stm32cubeide/plugins/com.st.stm32cube.ide.mcu.externaltools.gnu-tools-for-stm32.10.3-2021.10.win32_1.0.100.202210260954/tools/bin/../lib/gcc/arm-none-eabi/10.3.1/../../../../arm-none-eabi/lib/thumb/v7e-m+fp/hard\libc_nano.a(lib_a-calloc.o)
                              ./Drivers/TLS/mbedtls/library/asn1parse.o (calloc)
c:/st/stm32cubeide_1.10.0/stm32cubeide/plugins/com.st.stm32cube.ide.mcu.externaltools.gnu-tools-for-stm32.10.3-2021.10.win32_1.0.100.202210260954/tools/bin/../lib/gcc/arm-none-eabi/10.3.1/../../../../arm-none-eabi/lib/thumb/v7e-m+fp/hard\libc_nano.a(lib_a-ctype_.o)
                              ./Drivers/ioLibrary_Driver/Internet/FTPServer/ftpd.o (_ctype_)
c:/st/stm32cubeide_1.10.0/stm32cubeide/plugins/com.st.stm32cube.ide.mcu.externaltools.gnu-tools-for-stm32.10.3-2021.10.win32_1.0.100.202210260954/tools/bin/../lib/gcc/arm-none-eabi/10.3.1/../../../../arm-none-eabi/lib/thumb/v7e-m+fp/hard\libc_nano.a(lib_a-errno.o)
                              ./Core/Src/syscalls.o (__errno)
c:/st/stm32cubeide_1.10.0/stm32cubeide/plugins/com.st.stm32cube.ide.mcu.externaltools.gnu-tools-for-stm32.10.3-2021.10.win32_1.0.100.202210260954/tools/bin/../lib/gcc/arm-none-eabi/10.3.1/../../../../arm-none-eabi/lib/thumb/v7e-m+fp/hard\libc_nano.a(lib_a-exit.o)
                              c:/st/stm32cubeide_1.10.0/stm32cubeide/plugins/com.st.stm32cube.ide.mcu.externaltools.gnu-tools-for-stm32.10.3-2021.10.win32_1.0.100.202210260954/tools/bin/../lib/gcc/arm-none-eabi/10.3.1/../../../../arm-none-eabi/lib/thumb/v7e-m+fp/hard/crt0.o (exit)
c:/st/stm32cubeide_1.10.0/stm32cubeide/plugins/com.st.stm32cube.ide.mcu.externaltools.gnu-tools-for-stm32.10.3-2021.10.win32_1.0.100.202210260954/tools/bin/../lib/gcc/arm-none-eabi/10.3.1/../../../../arm-none-eabi/lib/thumb/v7e-m+fp/hard\libc_nano.a(lib_a-impure.o)
                              c:/st/stm32cubeide_1.10.0/stm32cubeide/plugins/com.st.stm32cube.ide.mcu.externaltools.gnu-tools-for-stm32.10.3-2021.10.win32_1.0.100.202210260954/tools/bin/../lib/gcc/arm-none-eabi/10.3.1/../../../../arm-none-eabi/lib/thumb/v7e-m+fp/hard\libc_nano.a(lib_a-exit.o) (_global_impure_ptr)
c:/st/stm32cubeide_1.10.0/stm32cubeide/plugins/com.st.stm32cube.ide.mcu.externaltools.gnu-tools-for-stm32.10.3-2021.10.win32_1.0.100.202210260954/tools/bin/../lib/gcc/arm-none-eabi/10.3.1/../../../../arm-none-eabi/lib/thumb/v7e-m+fp/hard\libc_nano.a(lib_a-init.o)
                              c:/st/stm32cubeide_1.10.0/stm32cubeide/plugins/com.st.stm32cube.ide.mcu.externaltools.gnu-tools-for-stm32.10.3-2021.10.win32_1.0.100.202210260954/tools/bin/../lib/gcc/arm-none-eabi/10.3.1/../../../../arm-none-eabi/lib/thumb/v7e-m+fp/hard/crt0.o (__libc_init_array)
c:/st/stm32cubeide_1.10.0/stm32cubeide/plugins/com.st.stm32cube.ide.mcu.externaltools.gnu-tools-for-stm32.10.3-2021.10.win32_1.0.100.202210260954/tools/bin/../lib/gcc/arm-none-eabi/10.3.1/../../../../arm-none-eabi/lib/thumb/v7e-m+fp/hard\libc_nano.a(lib_a-malloc.o)
                              ./Drivers/TLS/SSLInterface.o (malloc)
c:/st/stm32cubeide_1.10.0/stm32cubeide/plugins/com.st.stm32cube.ide.mcu.externaltools.gnu-tools-for-stm32.10.3-2021.10.win32_1.0.100.202210260954/tools/bin/../lib/gcc/arm-none-eabi/10.3.1/../../../../arm-none-eabi/lib/thumb/v7e-m+fp/hard\libc_nano.a(lib_a-memcmp.o)
                              ./Drivers/TLS/mbedtls/library/asn1parse.o (memcmp)
c:/st/stm32cubeide_1.10.0/stm32cubeide/plugins/com.st.stm32cube.ide.mcu.externaltools.gnu-tools-for-stm32.10.3-2021.10.win32_1.0.100.202210260954/tools/bin/../lib/gcc/arm-none-eabi/10.3.1/../../../../arm-none-eabi/lib/thumb/v7e-m+fp/hard\libc_nano.a(lib_a-memcpy-stub.o)
                              ./Core/Src/main.o (memcpy)
c:/st/stm32cubeide_1.10.0/stm32cubeide/plugins/com.st.stm32cube.ide.mcu.externaltools.gnu-tools-for-stm32.10.3-2021.10.win32_1.0.100.202210260954/tools/bin/../lib/gcc/arm-none-eabi/10.3.1/../../../../arm-none-eabi/lib/thumb/v7e-m+fp/hard\libc_nano.a(lib_a-memmove.o)
                              ./Drivers/TLS/mbedtls/library/ssl_tls.o (memmove)
c:/st/stm32cubeide_1.10.0/stm32cubeide/plugins/com.st.stm32cube.ide.mcu.externaltools.gnu-tools-for-stm32.10.3-2021.10.win32_1.0.100.202210260954/tools/bin/../lib/gcc/arm-none-eabi/10.3.1/../../../../arm-none-eabi/lib/thumb/v7e-m+fp/hard\libc_nano.a(lib_a-memset.o)
[...]
Memory Configuration

Name             Origin             Length             Attributes
RAM              0x0000000020000000 0x0000000000008000 xrw
FLASH            0x0000000008000000 0x0000000000020000 xr
*default*        0x0000000000000000 0xffffffffffffffff

Linker script and memory map

LOAD c:/st/stm32cubeide_1.10.0/stm32cubeide/plugins/com.st.stm32cube.ide.mcu.externaltools.gnu-tools-for-stm32.10.3-2021.10.win32_1.0.100.202210260954/tools/bin/../lib/gcc/arm-none-eabi/10.3.1/thumb/v7e-m+fp/hard/crti.o
LOAD c:/st/stm32cubeide_1.10.0/stm32cubeide/plugins/com.st.stm32cube.ide.mcu.externaltools.gnu-tools-for-stm32.10.3-2021.10.win32_1.0.100.202210260954/tools/bin/../lib/gcc/arm-none-eabi/10.3.1/thumb/v7e-m+fp/hard/crtbegin.o
LOAD c:/st/stm32cubeide_1.10.0/stm32cubeide/plugins/com.st.stm32cube.ide.mcu.externaltools.gnu-tools-for-stm32.10.3-2021.10.win32_1.0.100.202210260954/tools/bin/../lib/gcc/arm-none-eabi/10.3.1/../../../../arm-none-eabi/lib/thumb/v7e-m+fp/hard/crt0.o
LOAD ./Core/Src/HexTrans.o
LOAD ./Core/Src/gpio.o
LOAD ./Core/Src/main.o
LOAD ./Core/Src/serialCommand.o
LOAD ./Core/Src/spi.o
LOAD ./Core/Src/stm32g4xx_hal_msp.o
LOAD ./Core/Src/stm32g4xx_it.o
LOAD ./Core/Src/syscalls.o
LOAD ./Core/Src/sysmem.o
LOAD ./Core/Src/system_stm32g4xx.o
LOAD ./Core/Src/usart.o
LOAD ./Core/Startup/startup_stm32g431kbtx.o
LOAD ./Drivers/STM32G4xx_HAL_Driver/Src/stm32g4xx_hal.o
LOAD ./Drivers/STM32G4xx_HAL_Driver/Src/stm32g4xx_hal_cortex.o
LOAD ./Drivers/STM32G4xx_HAL_Driver/Src/stm32g4xx_hal_dma.o
LOAD ./Drivers/STM32G4xx_HAL_Driver/Src/stm32g4xx_hal_dma_ex.o
LOAD ./Drivers/STM32G4xx_HAL_Driver/Src/stm32g4xx_hal_exti.o
LOAD ./Drivers/STM32G4xx_HAL_Driver/Src/stm32g4xx_hal_flash.o
LOAD ./Drivers/STM32G4xx_HAL_Driver/Src/stm32g4xx_hal_flash_ex.o
LOAD ./Drivers/STM32G4xx_HAL_Driver/Src/stm32g4xx_hal_flash_ramfunc.o
LOAD ./Drivers/STM32G4xx_HAL_Driver/Src/stm32g4xx_hal_gpio.o
LOAD ./Drivers/STM32G4xx_HAL_Driver/Src/stm32g4xx_hal_pwr.o
LOAD ./Drivers/STM32G4xx_HAL_Driver/Src/stm32g4xx_hal_pwr_ex.o
LOAD ./Drivers/STM32G4xx_HAL_Driver/Src/stm32g4xx_hal_rcc.o
LOAD ./Drivers/STM32G4xx_HAL_Driver/Src/stm32g4xx_hal_rcc_ex.o
LOAD ./Drivers/STM32G4xx_HAL_Driver/Src/stm32g4xx_hal_spi.o
LOAD ./Drivers/STM32G4xx_HAL_Driver/Src/stm32g4xx_hal_spi_ex.o
LOAD ./Drivers/STM32G4xx_HAL_Driver/Src/stm32g4xx_hal_uart.o
LOAD ./Drivers/STM32G4xx_HAL_Driver/Src/stm32g4xx_hal_uart_ex.o
LOAD ./Drivers/TLS/SSLInterface.o
LOAD ./Drivers/TLS/SSL_Random.o
LOAD ./Drivers/TLS/mbedtls/library/aes.o
LOAD ./Drivers/TLS/mbedtls/library/aesni.o
LOAD ./Drivers/TLS/mbedtls/library/arc4.o
LOAD ./Drivers/TLS/mbedtls/library/asn1parse.o
LOAD ./Drivers/TLS/mbedtls/library/asn1write.o
LOAD ./Drivers/TLS/mbedtls/library/base64.o
LOAD ./Drivers/TLS/mbedtls/library/bignum.o
LOAD ./Drivers/TLS/mbedtls/library/blowfish.o
LOAD ./Drivers/TLS/mbedtls/library/camellia.o
LOAD ./Drivers/TLS/mbedtls/library/ccm.o
LOAD ./Drivers/TLS/mbedtls/library/certs.o
LOAD ./Drivers/TLS/mbedtls/library/cipher.o
LOAD ./Drivers/TLS/mbedtls/library/cipher_wrap.o
LOAD ./Drivers/TLS/mbedtls/library/cmac.o
LOAD ./Drivers/TLS/mbedtls/library/ctr_drbg.o
LOAD ./Drivers/TLS/mbedtls/library/debug.o
LOAD ./Drivers/TLS/mbedtls/library/des.o
LOAD ./Drivers/TLS/mbedtls/library/dhm.o
LOAD ./Drivers/TLS/mbedtls/library/ecdh.o
LOAD ./Drivers/TLS/mbedtls/library/ecdsa.o
LOAD ./Drivers/TLS/mbedtls/library/ecjpake.o
LOAD ./Drivers/TLS/mbedtls/library/ecp.o
LOAD ./Drivers/TLS/mbedtls/library/ecp_curves.o
LOAD ./Drivers/TLS/mbedtls/library/entropy.o
LOAD ./Drivers/TLS/mbedtls/library/entropy_poll.o
LOAD ./Drivers/TLS/mbedtls/library/error.o
LOAD ./Drivers/TLS/mbedtls/library/gcm.o
LOAD ./Drivers/TLS/mbedtls/library/havege.o
LOAD ./Drivers/TLS/mbedtls/library/hmac_drbg.o
LOAD ./Drivers/TLS/mbedtls/library/md.o
LOAD ./Drivers/TLS/mbedtls/library/md2.o
LOAD ./Drivers/TLS/mbedtls/library/md4.o
LOAD ./Drivers/TLS/mbedtls/library/md5.o
LOAD ./Drivers/TLS/mbedtls/library/md_wrap.o
LOAD ./Drivers/TLS/mbedtls/library/memory_buffer_alloc.o
LOAD ./Drivers/TLS/mbedtls/library/net_sockets.o
LOAD ./Drivers/TLS/mbedtls/library/oid.o
LOAD ./Drivers/TLS/mbedtls/library/padlock.o
LOAD ./Drivers/TLS/mbedtls/library/pem.o
LOAD ./Drivers/TLS/mbedtls/library/pk.o
LOAD ./Drivers/TLS/mbedtls/library/pk_wrap.o
LOAD ./Drivers/TLS/mbedtls/library/pkcs11.o
LOAD ./Drivers/TLS/mbedtls/library/pkcs12.o
LOAD ./Drivers/TLS/mbedtls/library/pkcs5.o
LOAD ./Drivers/TLS/mbedtls/library/pkparse.o
LOAD ./Drivers/TLS/mbedtls/library/pkwrite.o
LOAD ./Drivers/TLS/mbedtls/library/platform.o
LOAD ./Drivers/TLS/mbedtls/library/ripemd160.o
LOAD ./Drivers/TLS/mbedtls/library/rsa.o
LOAD ./Drivers/TLS/mbedtls/library/rsa_internal.o
LOAD ./Drivers/TLS/mbedtls/library/sha1.o
LOAD ./Drivers/TLS/mbedtls/library/sha256.o
LOAD ./Drivers/TLS/mbedtls/library/sha512.o
LOAD ./Drivers/TLS/mbedtls/library/ssl_cache.o
LOAD ./Drivers/TLS/mbedtls/library/ssl_ciphersuites.o
LOAD ./Drivers/TLS/mbedtls/library/ssl_cli.o
LOAD ./Drivers/TLS/mbedtls/library/ssl_cookie.o
LOAD ./Drivers/TLS/mbedtls/library/ssl_srv.o
LOAD ./Drivers/TLS/mbedtls/library/ssl_ticket.o
LOAD ./Drivers/TLS/mbedtls/library/ssl_tls.o
LOAD ./Drivers/TLS/mbedtls/library/threading.o
LOAD ./Drivers/TLS/mbedtls/library/timing.o
LOAD ./Drivers/TLS/mbedtls/library/version.o
LOAD ./Drivers/TLS/mbedtls/library/version_features.o
LOAD ./Drivers/TLS/mbedtls/library/x509.o
LOAD ./Drivers/TLS/mbedtls/library/x509_create.o
LOAD ./Drivers/TLS/mbedtls/library/x509_crl.o
LOAD ./Drivers/TLS/mbedtls/library/x509_crt.o
LOAD ./Drivers/TLS/mbedtls/library/x509_csr.o
LOAD ./Drivers/TLS/mbedtls/library/x509write_crt.o
LOAD ./Drivers/TLS/mbedtls/library/x509write_csr.o
LOAD ./Drivers/TLS/mbedtls/library/xtea.o
LOAD ./Drivers/ioLibrary_Driver/Application/loopback/loopback.o
LOAD ./Drivers/ioLibrary_Driver/Application/multicast/multicast.o
LOAD ./Drivers/ioLibrary_Driver/Ethernet/W5100/w5100.o
LOAD ./Drivers/ioLibrary_Driver/Ethernet/W5100S/w5100s.o
LOAD ./Drivers/ioLibrary_Driver/Ethernet/W5200/w5200.o
LOAD ./Drivers/ioLibrary_Driver/Ethernet/W5300/w5300.o
LOAD ./Drivers/ioLibrary_Driver/Ethernet/W5500/w5500.o
LOAD ./Drivers/ioLibrary_Driver/Ethernet/socket.o
LOAD ./Drivers/ioLibrary_Driver/Ethernet/wizchip_conf.o
LOAD ./Drivers/ioLibrary_Driver/Internet/DHCP/dhcp.o
LOAD ./Drivers/ioLibrary_Driver/Internet/DNS/dns.o
LOAD ./Drivers/ioLibrary_Driver/Internet/FTPClient/ftpc.o
LOAD ./Drivers/ioLibrary_Driver/Internet/FTPServer/ftpd.o
LOAD ./Drivers/ioLibrary_Driver/Internet/MQTT/MQTTClient.o
LOAD ./Drivers/ioLibrary_Driver/Internet/MQTT/mqtt_interface.o
LOAD ./Drivers/ioLibrary_Driver/Internet/MQTT/MQTTPacket/src/MQTTConnectClient.o
LOAD ./Drivers/ioLibrary_Driver/Internet/MQTT/MQTTPacket/src/MQTTConnectServer.o
LOAD ./Drivers/ioLibrary_Driver/Internet/MQTT/MQTTPacket/src/MQTTDeserializePublish.o
LOAD ./Drivers/ioLibrary_Driver/Internet/MQTT/MQTTPacket/src/MQTTFormat.o
LOAD ./Drivers/ioLibrary_Driver/Internet/MQTT/MQTTPacket/src/MQTTPacket.o
LOAD ./Drivers/ioLibrary_Driver/Internet/MQTT/MQTTPacket/src/MQTTSerializePublish.o
LOAD ./Drivers/ioLibrary_Driver/Internet/MQTT/MQTTPacket/src/MQTTSubscribeClient.o
LOAD ./Drivers/ioLibrary_Driver/Internet/MQTT/MQTTPacket/src/MQTTSubscribeServer.o
LOAD ./Drivers/ioLibrary_Driver/Internet/MQTT/MQTTPacket/src/MQTTUnsubscribeClient.o
LOAD ./Drivers/ioLibrary_Driver/Internet/MQTT/MQTTPacket/src/MQTTUnsubscribeServer.o
LOAD ./Drivers/ioLibrary_Driver/Internet/SNMP/snmp.o
LOAD ./Drivers/ioLibrary_Driver/Internet/SNMP/snmp_custom.o
LOAD ./Drivers/ioLibrary_Driver/Internet/SNTP/sntp.o
LOAD ./Drivers/ioLibrary_Driver/Internet/TFTP/netutil.o
LOAD ./Drivers/ioLibrary_Driver/Internet/TFTP/tftp.o
LOAD ./Drivers/ioLibrary_Driver/Internet/httpServer/httpParser.o
LOAD ./Drivers/ioLibrary_Driver/Internet/httpServer/httpServer.o
LOAD ./Drivers/ioLibrary_Driver/Internet/httpServer/httpUtil.o
LOAD ./W5500/W5500Interface.o
START GROUP
LOAD c:/st/stm32cubeide_1.10.0/stm32cubeide/plugins/com.st.stm32cube.ide.mcu.externaltools.gnu-tools-for-stm32.10.3-2021.10.win32_1.0.100.202210260954/tools/bin/../lib/gcc/arm-none-eabi/10.3.1/../../../../arm-none-eabi/lib/thumb/v7e-m+fp/hard\libstdc++_nano.a
LOAD c:/st/stm32cubeide_1.10.0/stm32cubeide/plugins/com.st.stm32cube.ide.mcu.externaltools.gnu-tools-for-stm32.10.3-2021.10.win32_1.0.100.202210260954/tools/bin/../lib/gcc/arm-none-eabi/10.3.1/../../../../arm-none-eabi/lib/thumb/v7e-m+fp/hard\libsupc++_nano.a
END GROUP
LOAD c:/st/stm32cubeide_1.10.0/stm32cubeide/plugins/com.st.stm32cube.ide.mcu.externaltools.gnu-tools-for-stm32.10.3-2021.10.win32_1.0.100.202210260954/tools/bin/../lib/gcc/arm-none-eabi/10.3.1/../../../../arm-none-eabi/lib/thumb/v7e-m+fp/hard\libstdc++_nano.a
LOAD c:/st/stm32cubeide_1.10.0/stm32cubeide/plugins/com.st.stm32cube.ide.mcu.externaltools.gnu-tools-for-stm32.10.3-2021.10.win32_1.0.100.202210260954/tools/bin/../lib/gcc/arm-none-eabi/10.3.1/../../../../arm-none-eabi/lib/thumb/v7e-m+fp/hard\libm.a
LOAD c:/st/stm32cubeide_1.10.0/stm32cubeide/plugins/com.st.stm32cube.ide.mcu.externaltools.gnu-tools-for-stm32.10.3-2021.10.win32_1.0.100.202210260954/tools/bin/../lib/gcc/arm-none-eabi/10.3.1/../../../../arm-none-eabi/lib/thumb/v7e-m+fp/hard\libc_nano.a
START GROUP
LOAD c:/st/stm32cubeide_1.10.0/stm32cubeide/plugins/com.st.stm32cube.ide.mcu.externaltools.gnu-tools-for-stm32.10.3-2021.10.win32_1.0.100.202210260954/tools/bin/../lib/gcc/arm-none-eabi/10.3.1/thumb/v7e-m+fp/hard\libgcc.a
LOAD c:/st/stm32cubeide_1.10.0/stm32cubeide/plugins/com.st.stm32cube.ide.mcu.externaltools.gnu-tools-for-stm32.10.3-2021.10.win32_1.0.100.202210260954/tools/bin/../lib/gcc/arm-none-eabi/10.3.1/../../../../arm-none-eabi/lib/thumb/v7e-m+fp/hard\libc_nano.a
END GROUP
START GROUP
LOAD c:/st/stm32cubeide_1.10.0/stm32cubeide/plugins/com.st.stm32cube.ide.mcu.externaltools.gnu-tools-for-stm32.10.3-2021.10.win32_1.0.100.202210260954/tools/bin/../lib/gcc/arm-none-eabi/10.3.1/thumb/v7e-m+fp/hard\libgcc.a
LOAD c:/st/stm32cubeide_1.10.0/stm32cubeide/plugins/com.st.stm32cube.ide.mcu.externaltools.gnu-tools-for-stm32.10.3-2021.10.win32_1.0.100.202210260954/tools/bin/../lib/gcc/arm-none-eabi/10.3.1/../../../../arm-none-eabi/lib/thumb/v7e-m+fp/hard\libc_nano.a
LOAD c:/st/stm32cubeide_1.10.0/stm32cubeide/plugins/com.st.stm32cube.ide.mcu.externaltools.gnu-tools-for-stm32.10.3-2021.10.win32_1.0.100.202210260954/tools/bin/../lib/gcc/arm-none-eabi/10.3.1/../../../../arm-none-eabi/lib/thumb/v7e-m+fp/hard\libnosys.a
END GROUP
START GROUP
LOAD c:/st/stm32cubeide_1.10.0/stm32cubeide/plugins/com.st.stm32cube.ide.mcu.externaltools.gnu-tools-for-stm32.10.3-2021.10.win32_1.0.100.202210260954/tools/bin/../lib/gcc/arm-none-eabi/10.3.1/thumb/v7e-m+fp/hard\libgcc.a
LOAD c:/st/stm32cubeide_1.10.0/stm32cubeide/plugins/com.st.stm32cube.ide.mcu.externaltools.gnu-tools-for-stm32.10.3-2021.10.win32_1.0.100.202210260954/tools/bin/../lib/gcc/arm-none-eabi/10.3.1/../../../../arm-none-eabi/lib/thumb/v7e-m+fp/hard\libc_nano.a
LOAD c:/st/stm32cubeide_1.10.0/stm32cubeide/plugins/com.st.stm32cube.ide.mcu.externaltools.gnu-tools-for-stm32.10.3-2021.10.win32_1.0.100.202210260954/tools/bin/../lib/gcc/arm-none-eabi/10.3.1/../../../../arm-none-eabi/lib/thumb/v7e-m+fp/hard\libnosys.a
END GROUP
LOAD c:/st/stm32cubeide_1.10.0/stm32cubeide/plugins/com.st.stm32cube.ide.mcu.externaltools.gnu-tools-for-stm32.10.3-2021.10.win32_1.0.100.202210260954/tools/bin/../lib/gcc/arm-none-eabi/10.3.1/thumb/v7e-m+fp/hard/crtend.o
LOAD c:/st/stm32cubeide_1.10.0/stm32cubeide/plugins/com.st.stm32cube.ide.mcu.externaltools.gnu-tools-for-stm32.10.3-2021.10.win32_1.0.100.202210260954/tools/bin/../lib/gcc/arm-none-eabi/10.3.1/thumb/v7e-m+fp/hard/crtn.o
                0x0000000020008000                _estack = (ORIGIN (RAM) + LENGTH (RAM))
                0x0000000000000200                _Min_Heap_Size = 0x200
                0x0000000000000400                _Min_Stack_Size = 0x400

.isr_vector     0x0000000008000000      0x1d8
                0x0000000008000000                . = ALIGN (0x4)
 *(.isr_vector)
 .isr_vector    0x0000000008000000      0x1d8 ./Core/Startup/startup_stm32g431kbtx.o
                0x0000000008000000                g_pfnVectors
                0x00000000080001d8                . = ALIGN (0x4)

.text           0x00000000080001e0    0x124a8
                0x00000000080001e0                . = ALIGN (0x4)
 *(.text)
 .text          0x00000000080001e0       0x40 c:/st/stm32cubeide_1.10.0/stm32cubeide/plugins/com.st.stm32cube.ide.mcu.externaltools.gnu-tools-for-stm32.10.3-2021.10.win32_1.0.100.202210260954/tools/bin/../lib/gcc/arm-none-eabi/10.3.1/thumb/v7e-m+fp/hard/crtbegin.o
 .text          0x0000000008000220       0x10 c:/st/stm32cubeide_1.10.0/stm32cubeide/plugins/com.st.stm32cube.ide.mcu.externaltools.gnu-tools-for-stm32.10.3-2021.10.win32_1.0.100.202210260954/tools/bin/../lib/gcc/arm-none-eabi/10.3.1/../../../../arm-none-eabi/lib/thumb/v7e-m+fp/hard\libc_nano.a(lib_a-strlen.o)
                0x0000000008000220                strlen
 .text          0x0000000008000230       0xa0 c:/st/stm32cubeide_1.10.0/stm32cubeide/plugins/com.st.stm32cube.ide.mcu.externaltools.gnu-tools-for-stm32.10.3-2021.10.win32_1.0.100.202210260954/tools/bin/../lib/gcc/arm-none-eabi/10.3.1/../../../../arm-none-eabi/lib/thumb/v7e-m+fp/hard\libc_nano.a(lib_a-memchr.o)
                0x0000000008000230                memchr
 .text          0x00000000080002d0       0x30 c:/st/stm32cubeide_1.10.0/stm32cubeide/plugins/com.st.stm32cube.ide.mcu.externaltools.gnu-tools-for-stm32.10.3-2021.10.win32_1.0.100.202210260954/tools/bin/../lib/gcc/arm-none-eabi/10.3.1/thumb/v7e-m+fp/hard\libgcc.a(_aeabi_uldivmod.o)
                0x00000000080002d0                __aeabi_uldivmod
 .text          0x0000000008000300      0x2d0 c:/st/stm32cubeide_1.10.0/stm32cubeide/plugins/com.st.stm32cube.ide.mcu.externaltools.gnu-tools-for-stm32.10.3-2021.10.win32_1.0.100.202210260954/tools/bin/../lib/gcc/arm-none-eabi/10.3.1/thumb/v7e-m+fp/hard\libgcc.a(_udivmoddi4.o)
                0x0000000008000300                __udivmoddi4
 .text          0x00000000080005d0        0x4 c:/st/stm32cubeide_1.10.0/stm32cubeide/plugins/com.st.stm32cube.ide.mcu.externaltools.gnu-tools-for-stm32.10.3-2021.10.win32_1.0.100.202210260954/tools/bin/../lib/gcc/arm-none-eabi/10.3.1/thumb/v7e-m+fp/hard\libgcc.a(_dvmd_tls.o)
                0x00000000080005d0                __aeabi_idiv0
                0x00000000080005d0                __aeabi_ldiv0
 *(.text*)
 .text.char2hex
                0x00000000080005d4       0x28 ./Core/Src/HexTrans.o
                0x00000000080005d4                char2hex
 .text.string_print_Hex
                0x00000000080005fc       0x6c ./Core/Src/HexTrans.o
                0x00000000080005fc                string_print_Hex
 .text.MX_GPIO_Init
                0x0000000008000668       0x84 ./Core/Src/gpio.o
                0x0000000008000668                MX_GPIO_Init
 .text.messageArrived
                0x00000000080006ec       0x64 ./Core/Src/main.o
                0x00000000080006ec                messageArrived
 .text.SystemClock_Config
                0x0000000008000750       0x60 ./Core/Src/main.o
                0x0000000008000750                SystemClock_Config
 .text.print_network_information
                0x00000000080007b0       0x88 ./Core/Src/main.o
                0x00000000080007b0                print_network_information
 .text.process_dhcp
                0x0000000008000838       0x40 ./Core/Src/main.o
                0x0000000008000838                process_dhcp
 .text.startup.main
                0x0000000008000878      0x1a0 ./Core/Src/main.o
                0x0000000008000878                main
 .text.Error_Handler
                0x0000000008000a18        0x4 ./Core/Src/main.o
                0x0000000008000a18                Error_Handler
 .text._write   0x0000000008000a1c       0x18 ./Core/Src/serialCommand.o
                0x0000000008000a1c                _write
 .text.MX_SPI1_Init
                0x0000000008000a34       0x4c ./Core/Src/spi.o
                0x0000000008000a34                MX_SPI1_Init
 .text.HAL_SPI_MspInit
                0x0000000008000a80       0x60 ./Core/Src/spi.o
                0x0000000008000a80                HAL_SPI_MspInit
 .text.HAL_MspInit
                0x0000000008000ae0       0x30 ./Core/Src/stm32g4xx_hal_msp.o
                0x0000000008000ae0                HAL_MspInit
 .text.NMI_Handler
                0x0000000008000b10        0x2 ./Core/Src/stm32g4xx_it.o
                0x0000000008000b10                NMI_Handler
 .text.HardFault_Handler
                0x0000000008000b12        0x2 ./Core/Src/stm32g4xx_it.o
                0x0000000008000b12                HardFault_Handler
 .text.MemManage_Handler
                0x0000000008000b14        0x2 ./Core/Src/stm32g4xx_it.o
                0x0000000008000b14                MemManage_Handler
 .text.BusFault_Handler
                0x0000000008000b16        0x2 ./Core/Src/stm32g4xx_it.o
                0x0000000008000b16                BusFault_Handler
 .text.UsageFault_Handler
                0x0000000008000b18        0x2 ./Core/Src/stm32g4xx_it.o
                0x0000000008000b18                UsageFault_Handler
 .text.SVC_Handler
                0x0000000008000b1a        0x2 ./Core/Src/stm32g4xx_it.o
                0x0000000008000b1a                SVC_Handler
 .text.DebugMon_Handler
                0x0000000008000b1c        0x2 ./Core/Src/stm32g4xx_it.o
                0x0000000008000b1c                DebugMon_Handler
 .text.PendSV_Handler
                0x0000000008000b1e        0x2 ./Core/Src/stm32g4xx_it.o
                0x0000000008000b1e                PendSV_Handler
 .text.SysTick_Handler
                0x0000000008000b20        0x4 ./Core/Src/stm32g4xx_it.o
                0x0000000008000b20                SysTick_Handler
 .text._getpid  0x0000000008000b24        0x4 ./Core/Src/syscalls.o
                0x0000000008000b24                _getpid
 .text._kill    0x0000000008000b28       0x10 ./Core/Src/syscalls.o
                0x0000000008000b28                _kill
 .text._exit    0x0000000008000b38        0xc ./Core/Src/syscalls.o
                0x0000000008000b38                _exit
 .text._read    0x0000000008000b44       0x1c ./Core/Src/syscalls.o
                0x0000000008000b44                _read
 .text._close   0x0000000008000b60        0x6 ./Core/Src/syscalls.o
                0x0000000008000b60                _close
 .text._fstat   0x0000000008000b66        0xa ./Core/Src/syscalls.o
                0x0000000008000b66                _fstat
 .text._isatty  0x0000000008000b70        0x4 ./Core/Src/syscalls.o
                0x0000000008000b70                _isatty
 .text._lseek   0x0000000008000b74        0x4 ./Core/Src/syscalls.o
                0x0000000008000b74                _lseek
 .text._sbrk    0x0000000008000b78       0x40 ./Core/Src/sysmem.o
                0x0000000008000b78                _sbrk
 .text.SystemInit
                0x0000000008000bb8       0x14 ./Core/Src/system_stm32g4xx.o
                0x0000000008000bb8                SystemInit
 .text.MX_USART2_UART_Init
                0x0000000008000bcc       0x64 ./Core/Src/usart.o
                0x0000000008000bcc                MX_USART2_UART_Init
 .text.HAL_UART_MspInit
                0x0000000008000c30       0x80 ./Core/Src/usart.o
                0x0000000008000c30                HAL_UART_MspInit
 .text.Reset_Handler
                0x0000000008000cb0       0x50 ./Core/Startup/startup_stm32g431kbtx.o
                0x0000000008000cb0                Reset_Handler
 .text.Default_Handler
                0x0000000008000d00        0x2 ./Core/Startup/startup_stm32g431kbtx.o
                0x0000000008000d00                RTC_Alarm_IRQHandler
                0x0000000008000d00                EXTI2_IRQHandler
                0x0000000008000d00                TIM8_TRG_COM_IRQHandler
                0x0000000008000d00                TIM8_CC_IRQHandler
                0x0000000008000d00                TIM1_CC_IRQHandler
                0x0000000008000d00                USB_HP_IRQHandler
                0x0000000008000d00                CORDIC_IRQHandler
                0x0000000008000d00                EXTI3_IRQHandler
                0x0000000008000d00                I2C3_ER_IRQHandler
                0x0000000008000d00                EXTI0_IRQHandler
                0x0000000008000d00                I2C2_EV_IRQHandler
                0x0000000008000d00                FPU_IRQHandler
                0x0000000008000d00                FDCAN1_IT1_IRQHandler
                0x0000000008000d00                TIM1_UP_TIM16_IRQHandler
                0x0000000008000d00                ADC1_2_IRQHandler
                0x0000000008000d00                SPI1_IRQHandler
                0x0000000008000d00                TIM6_DAC_IRQHandler
                0x0000000008000d00                TIM8_UP_IRQHandler
                0x0000000008000d00                DMA2_Channel2_IRQHandler
                0x0000000008000d00                DMA1_Channel4_IRQHandler
                0x0000000008000d00                USART3_IRQHandler
                0x0000000008000d00                TIM4_IRQHandler
                0x0000000008000d00                DMA2_Channel1_IRQHandler
                0x0000000008000d00                I2C1_EV_IRQHandler
                0x0000000008000d00                DMA1_Channel6_IRQHandler
                0x0000000008000d00                UART4_IRQHandler
                0x0000000008000d00                DMA2_Channel4_IRQHandler
                0x0000000008000d00                TIM3_IRQHandler
                0x0000000008000d00                RCC_IRQHandler
                0x0000000008000d00                DMA1_Channel1_IRQHandler
                0x0000000008000d00                Default_Handler
                0x0000000008000d00                RTC_TAMP_LSECSS_IRQHandler
                0x0000000008000d00                FMAC_IRQHandler
                0x0000000008000d00                EXTI15_10_IRQHandler
                0x0000000008000d00                TIM7_IRQHandler
                0x0000000008000d00                UCPD1_IRQHandler
                0x0000000008000d00                I2C3_EV_IRQHandler
                0x0000000008000d00                EXTI9_5_IRQHandler
                0x0000000008000d00                RTC_WKUP_IRQHandler
                0x0000000008000d00                PVD_PVM_IRQHandler
                0x0000000008000d00                SPI2_IRQHandler
                0x0000000008000d00                DMA2_Channel5_IRQHandler
                0x0000000008000d00                CRS_IRQHandler
                0x0000000008000d00                DMA1_Channel5_IRQHandler
                0x0000000008000d00                USB_LP_IRQHandler
                0x0000000008000d00                EXTI4_IRQHandler
                0x0000000008000d00                RNG_IRQHandler
                0x0000000008000d00                TIM1_TRG_COM_TIM17_IRQHandler
                0x0000000008000d00                DMA1_Channel3_IRQHandler
                0x0000000008000d00                WWDG_IRQHandler
                0x0000000008000d00                LPUART1_IRQHandler
                0x0000000008000d00                DMA2_Channel6_IRQHandler
                0x0000000008000d00                FDCAN1_IT0_IRQHandler
                0x0000000008000d00                TIM2_IRQHandler
                0x0000000008000d00                COMP1_2_3_IRQHandler
                0x0000000008000d00                EXTI1_IRQHandler
                0x0000000008000d00                USART2_IRQHandler
                0x0000000008000d00                I2C2_ER_IRQHandler
                0x0000000008000d00                DMA1_Channel2_IRQHandler
                0x0000000008000d00                TIM8_BRK_IRQHandler
                0x0000000008000d00                FLASH_IRQHandler
                0x0000000008000d00                USART1_IRQHandler
                0x0000000008000d00                SPI3_IRQHandler
                0x0000000008000d00                I2C1_ER_IRQHandler
                0x0000000008000d00                LPTIM1_IRQHandler
                0x0000000008000d00                DMAMUX_OVR_IRQHandler
                0x0000000008000d00                USBWakeUp_IRQHandler
                0x0000000008000d00                SAI1_IRQHandler
                0x0000000008000d00                DMA2_Channel3_IRQHandler
                0x0000000008000d00                COMP4_IRQHandler
                0x0000000008000d00                TIM1_BRK_TIM15_IRQHandler
 *fill*         0x0000000008000d02        0x2 
 .text.HAL_InitTick
                0x0000000008000d04       0x4c ./Drivers/STM32G4xx_HAL_Driver/Src/stm32g4xx_hal.o
                0x0000000008000d04                HAL_InitTick
 .text.HAL_Init
                0x0000000008000d50       0x1e ./Drivers/STM32G4xx_HAL_Driver/Src/stm32g4xx_hal.o
                0x0000000008000d50                HAL_Init
 *fill*         0x0000000008000d6e        0x2 
 .text.HAL_IncTick
                0x0000000008000d70       0x18 ./Drivers/STM32G4xx_HAL_Driver/Src/stm32g4xx_hal.o
                0x0000000008000d70                HAL_IncTick
 .text.HAL_GetTick
                0x0000000008000d88        0xc ./Drivers/STM32G4xx_HAL_Driver/Src/stm32g4xx_hal.o
                0x0000000008000d88                HAL_GetTick
 .text.HAL_Delay
                0x0000000008000d94       0x28 ./Drivers/STM32G4xx_HAL_Driver/Src/stm32g4xx_hal.o
                0x0000000008000d94                HAL_Delay
 .text.HAL_NVIC_SetPriorityGrouping
                0x0000000008000dbc       0x24 ./Drivers/STM32G4xx_HAL_Driver/Src/stm32g4xx_hal_cortex.o
                0x0000000008000dbc                HAL_NVIC_SetPriorityGrouping
 .text.HAL_NVIC_SetPriority
                0x0000000008000de0       0x64 ./Drivers/STM32G4xx_HAL_Driver/Src/stm32g4xx_hal_cortex.o
                0x0000000008000de0                HAL_NVIC_SetPriority
 .text.HAL_SYSTICK_Config
                0x0000000008000e44       0x28 ./Drivers/STM32G4xx_HAL_Driver/Src/stm32g4xx_hal_cortex.o
                0x0000000008000e44                HAL_SYSTICK_Config
 .text.HAL_GPIO_Init
                0x0000000008000e6c      0x198 ./Drivers/STM32G4xx_HAL_Driver/Src/stm32g4xx_hal_gpio.o
                0x0000000008000e6c                HAL_GPIO_Init
 .text.HAL_GPIO_WritePin
                0x0000000008001004        0xa ./Drivers/STM32G4xx_HAL_Driver/Src/stm32g4xx_hal_gpio.o
                0x0000000008001004                HAL_GPIO_WritePin
 *fill*         0x000000000800100e        0x2 
 .text.HAL_PWREx_ControlVoltageScaling
                0x0000000008001010       0xb4 ./Drivers/STM32G4xx_HAL_Driver/Src/stm32g4xx_hal_pwr_ex.o
                0x0000000008001010                HAL_PWREx_ControlVoltageScaling
 .text.HAL_RCC_OscConfig
                0x00000000080010c4      0x420 ./Drivers/STM32G4xx_HAL_Driver/Src/stm32g4xx_hal_rcc.o
                0x00000000080010c4                HAL_RCC_OscConfig
 .text.HAL_RCC_GetSysClockFreq
                0x00000000080014e4       0x6c ./Drivers/STM32G4xx_HAL_Driver/Src/stm32g4xx_hal_rcc.o
                0x00000000080014e4                HAL_RCC_GetSysClockFreq
 .text.HAL_RCC_ClockConfig
                0x0000000008001550      0x1e8 ./Drivers/STM32G4xx_HAL_Driver/Src/stm32g4xx_hal_rcc.o
                0x0000000008001550                HAL_RCC_ClockConfig
 .text.HAL_RCC_GetPCLK1Freq
                0x0000000008001738       0x24 ./Drivers/STM32G4xx_HAL_Driver/Src/stm32g4xx_hal_rcc.o
                0x0000000008001738                HAL_RCC_GetPCLK1Freq
 .text.HAL_RCC_GetPCLK2Freq
                0x000000000800175c       0x24 ./Drivers/STM32G4xx_HAL_Driver/Src/stm32g4xx_hal_rcc.o
                0x000000000800175c                HAL_RCC_GetPCLK2Freq
 .text.HAL_RCCEx_PeriphCLKConfig
                0x0000000008001780      0x27c ./Drivers/STM32G4xx_HAL_Driver/Src/stm32g4xx_hal_rcc_ex.o
                0x0000000008001780                HAL_RCCEx_PeriphCLKConfig
 .text.SPI_WaitFifoStateUntilTimeout.constprop.0
                0x00000000080019fc       0xcc ./Drivers/STM32G4xx_HAL_Driver/Src/stm32g4xx_hal_spi.o
 .text.SPI_WaitFlagStateUntilTimeout.constprop.0
                0x0000000008001ac8       0xa4 ./Drivers/STM32G4xx_HAL_Driver/Src/stm32g4xx_hal_spi.o
 .text.SPI_EndRxTransaction
                0x0000000008001b6c       0x72 ./Drivers/STM32G4xx_HAL_Driver/Src/stm32g4xx_hal_spi.o
 .text.SPI_EndRxTxTransaction
                0x0000000008001bde       0x4a ./Drivers/STM32G4xx_HAL_Driver/Src/stm32g4xx_hal_spi.o
 .text.HAL_SPI_Init
                0x0000000008001c28       0xdc ./Drivers/STM32G4xx_HAL_Driver/Src/stm32g4xx_hal_spi.o
                0x0000000008001c28                HAL_SPI_Init
 .text.HAL_SPI_Transmit
                0x0000000008001d04      0x192 ./Drivers/STM32G4xx_HAL_Driver/Src/stm32g4xx_hal_spi.o
                0x0000000008001d04                HAL_SPI_Transmit
 .text.HAL_SPI_TransmitReceive
                0x0000000008001e96      0x258 ./Drivers/STM32G4xx_HAL_Driver/Src/stm32g4xx_hal_spi.o
                0x0000000008001e96                HAL_SPI_TransmitReceive
 .text.HAL_SPI_Receive
                0x00000000080020ee      0x170 ./Drivers/STM32G4xx_HAL_Driver/Src/stm32g4xx_hal_spi.o
                0x00000000080020ee                HAL_SPI_Receive
 *fill*         0x000000000800225e        0x2 
 .text.UART_SetConfig
                0x0000000008002260      0x294 ./Drivers/STM32G4xx_HAL_Driver/Src/stm32g4xx_hal_uart.o
                0x0000000008002260                UART_SetConfig
 .text.UART_AdvFeatureConfig
                0x00000000080024f4       0xa8 ./Drivers/STM32G4xx_HAL_Driver/Src/stm32g4xx_hal_uart.o
                0x00000000080024f4                UART_AdvFeatureConfig
 .text.UART_WaitOnFlagUntilTimeout
                0x000000000800259c       0xc4 ./Drivers/STM32G4xx_HAL_Driver/Src/stm32g4xx_hal_uart.o
                0x000000000800259c                UART_WaitOnFlagUntilTimeout
 .text.HAL_UART_Transmit
                0x0000000008002660       0xba ./Drivers/STM32G4xx_HAL_Driver/Src/stm32g4xx_hal_uart.o
                0x0000000008002660                HAL_UART_Transmit
 .text.UART_CheckIdleState
                0x000000000800271a       0x6a ./Drivers/STM32G4xx_HAL_Driver/Src/stm32g4xx_hal_uart.o
                0x000000000800271a                UART_CheckIdleState
 .text.HAL_UART_Init
                0x0000000008002784       0x60 ./Drivers/STM32G4xx_HAL_Driver/Src/stm32g4xx_hal_uart.o
                0x0000000008002784                HAL_UART_Init
 .text.UARTEx_SetNbDataToProcess
                0x00000000080027e4       0x44 ./Drivers/STM32G4xx_HAL_Driver/Src/stm32g4xx_hal_uart_ex.o
 .text.HAL_UARTEx_DisableFifoMode
                0x0000000008002828       0x36 ./Drivers/STM32G4xx_HAL_Driver/Src/stm32g4xx_hal_uart_ex.o
                0x0000000008002828                HAL_UARTEx_DisableFifoMode
 .text.HAL_UARTEx_SetTxFifoThreshold
                0x000000000800285e       0x48 ./Drivers/STM32G4xx_HAL_Driver/Src/stm32g4xx_hal_uart_ex.o
                0x000000000800285e                HAL_UARTEx_SetTxFifoThreshold
 .text.HAL_UARTEx_SetRxFifoThreshold
                0x00000000080028a6       0x48 ./Drivers/STM32G4xx_HAL_Driver/Src/stm32g4xx_hal_uart_ex.o
                0x00000000080028a6                HAL_UARTEx_SetRxFifoThreshold
 *fill*         0x00000000080028ee        0x2 
 .text.WIZnetDebugCB
                0x00000000080028f0       0x14 ./Drivers/TLS/SSLInterface.o
                0x00000000080028f0                WIZnetDebugCB
 .text.WIZnetRecv
                0x0000000008002904       0x30 ./Drivers/TLS/SSLInterface.o
                0x0000000008002904                WIZnetRecv
 .text.WIZnetSend
                0x0000000008002934       0x2c ./Drivers/TLS/SSLInterface.o
                0x0000000008002934                WIZnetSend
 .text.wiz_tls_init
                0x0000000008002960      0x104 ./Drivers/TLS/SSLInterface.o
                0x0000000008002960                wiz_tls_init
 .text.wiz_tls_connect
                0x0000000008002a64       0xdc ./Drivers/TLS/SSLInterface.o
                0x0000000008002a64                wiz_tls_connect
 .text.wiz_tls_read
                0x0000000008002b40        0x6 ./Drivers/TLS/SSLInterface.o
                0x0000000008002b40                wiz_tls_read
 .text.SSLRandomCB
                0x0000000008002b46       0x2c ./Drivers/TLS/SSL_Random.o
                0x0000000008002b46                SSLRandomCB
 *fill*         0x0000000008002b72        0x2 
 .text.aes_gen_tables
                0x0000000008002b74      0x21c ./Drivers/TLS/mbedtls/library/aes.o
 .text.mbedtls_aes_init
                0x0000000008002d90        0xa ./Drivers/TLS/mbedtls/library/aes.o
                0x0000000008002d90                mbedtls_aes_init
 .text.mbedtls_aes_free
                0x0000000008002d9a       0x14 ./Drivers/TLS/mbedtls/library/aes.o
                0x0000000008002d9a                mbedtls_aes_free
 *fill*         0x0000000008002dae        0x2 
 .text.mbedtls_aes_setkey_enc
                0x0000000008002db0      0x1cc ./Drivers/TLS/mbedtls/library/aes.o
                0x0000000008002db0                mbedtls_aes_setkey_enc
 .text.mbedtls_aes_setkey_dec
                0x0000000008002f7c      0x10c ./Drivers/TLS/mbedtls/library/aes.o
                0x0000000008002f7c                mbedtls_aes_setkey_dec
 .text.mbedtls_internal_aes_encrypt
                0x0000000008003088      0x2b8 ./Drivers/TLS/mbedtls/library/aes.o
                0x0000000008003088                mbedtls_internal_aes_encrypt
 .text.mbedtls_internal_aes_decrypt
                0x0000000008003340      0x2c0 ./Drivers/TLS/mbedtls/library/aes.o
                0x0000000008003340                mbedtls_internal_aes_decrypt
 .text.mbedtls_aes_crypt_ecb
                0x0000000008003600       0x1c ./Drivers/TLS/mbedtls/library/aes.o
                0x0000000008003600                mbedtls_aes_crypt_ecb
 .text.mbedtls_aes_crypt_cbc
                0x000000000800361c       0xca ./Drivers/TLS/mbedtls/library/aes.o
                0x000000000800361c                mbedtls_aes_crypt_cbc
 .text.mbedtls_asn1_get_len
                0x00000000080036e6       0x90 ./Drivers/TLS/mbedtls/library/asn1parse.o
                0x00000000080036e6                mbedtls_asn1_get_len
 .text.mbedtls_asn1_get_tag
                0x0000000008003776       0x28 ./Drivers/TLS/mbedtls/library/asn1parse.o
                0x0000000008003776                mbedtls_asn1_get_tag
 .text.mbedtls_asn1_get_bool
                0x000000000800379e       0x30 ./Drivers/TLS/mbedtls/library/asn1parse.o
                0x000000000800379e                mbedtls_asn1_get_bool
 .text.mbedtls_asn1_get_int
                0x00000000080037ce       0x48 ./Drivers/TLS/mbedtls/library/asn1parse.o
                0x00000000080037ce                mbedtls_asn1_get_int
 .text.mbedtls_asn1_get_bitstring
                0x0000000008003816       0x40 ./Drivers/TLS/mbedtls/library/asn1parse.o
                0x0000000008003816                mbedtls_asn1_get_bitstring
 .text.mbedtls_asn1_get_bitstring_null
                0x0000000008003856       0x28 ./Drivers/TLS/mbedtls/library/asn1parse.o
                0x0000000008003856                mbedtls_asn1_get_bitstring_null
 .text.mbedtls_asn1_get_sequence_of
                0x000000000800387e       0x76 ./Drivers/TLS/mbedtls/library/asn1parse.o
                0x000000000800387e                mbedtls_asn1_get_sequence_of
 .text.mbedtls_asn1_get_alg
                0x00000000080038f4       0x9c ./Drivers/TLS/mbedtls/library/asn1parse.o
                0x00000000080038f4                mbedtls_asn1_get_alg
 .text.mbedtls_base64_decode
                0x0000000008003990      0x13c ./Drivers/TLS/mbedtls/library/base64.o
                0x0000000008003990                mbedtls_base64_decode
 .text.mpi_sub_hlp
                0x0000000008003acc       0x52 ./Drivers/TLS/mbedtls/library/bignum.o
 .text.mpi_mul_hlp
                0x0000000008003b1e      0x334 ./Drivers/TLS/mbedtls/library/bignum.o
 .text.mbedtls_mpi_init
                0x0000000008003e52        0xe ./Drivers/TLS/mbedtls/library/bignum.o
                0x0000000008003e52                mbedtls_mpi_init
 .text.mbedtls_mpi_free
                0x0000000008003e60       0x2a ./Drivers/TLS/mbedtls/library/bignum.o
                0x0000000008003e60                mbedtls_mpi_free
 .text.mbedtls_mpi_grow
                0x0000000008003e8a       0x5e ./Drivers/TLS/mbedtls/library/bignum.o
                0x0000000008003e8a                mbedtls_mpi_grow
 .text.mbedtls_mpi_copy
                0x0000000008003ee8       0x54 ./Drivers/TLS/mbedtls/library/bignum.o
                0x0000000008003ee8                mbedtls_mpi_copy
 .text.mbedtls_mpi_lset
                0x0000000008003f3c       0x38 ./Drivers/TLS/mbedtls/library/bignum.o
                0x0000000008003f3c                mbedtls_mpi_lset
 .text.mbedtls_mpi_get_bit
                0x0000000008003f74       0x22 ./Drivers/TLS/mbedtls/library/bignum.o
                0x0000000008003f74                mbedtls_mpi_get_bit
 .text.mbedtls_mpi_lsb
                0x0000000008003f96       0x36 ./Drivers/TLS/mbedtls/library/bignum.o
                0x0000000008003f96                mbedtls_mpi_lsb
 .text.mbedtls_mpi_bitlen
                0x0000000008003fcc       0x38 ./Drivers/TLS/mbedtls/library/bignum.o
                0x0000000008003fcc                mbedtls_mpi_bitlen
 .text.mbedtls_mpi_size
                0x0000000008004004        0xc ./Drivers/TLS/mbedtls/library/bignum.o
                0x0000000008004004                mbedtls_mpi_size
 .text.mbedtls_mpi_read_binary
                0x0000000008004010       0x66 ./Drivers/TLS/mbedtls/library/bignum.o
                0x0000000008004010                mbedtls_mpi_read_binary
 .text.mbedtls_mpi_write_binary
                0x0000000008004076       0x46 ./Drivers/TLS/mbedtls/library/bignum.o
                0x0000000008004076                mbedtls_mpi_write_binary
 .text.mbedtls_mpi_shift_l
                0x00000000080040bc       0xa0 ./Drivers/TLS/mbedtls/library/bignum.o
                0x00000000080040bc                mbedtls_mpi_shift_l
 .text.mbedtls_mpi_shift_r
                0x000000000800415c       0x74 ./Drivers/TLS/mbedtls/library/bignum.o
                0x000000000800415c                mbedtls_mpi_shift_r
 .text.mbedtls_mpi_cmp_abs
                0x00000000080041d0       0x66 ./Drivers/TLS/mbedtls/library/bignum.o
                0x00000000080041d0                mbedtls_mpi_cmp_abs
 .text.mpi_montmul
                0x0000000008004236       0xce ./Drivers/TLS/mbedtls/library/bignum.o
 .text.mbedtls_mpi_cmp_mpi
                0x0000000008004304       0x82 ./Drivers/TLS/mbedtls/library/bignum.o
                0x0000000008004304                mbedtls_mpi_cmp_mpi
 .text.mbedtls_mpi_cmp_int
                0x0000000008004386       0x2c ./Drivers/TLS/mbedtls/library/bignum.o
                0x0000000008004386                mbedtls_mpi_cmp_int
 .text.mbedtls_mpi_add_abs
                0x00000000080043b2       0xae ./Drivers/TLS/mbedtls/library/bignum.o
                0x00000000080043b2                mbedtls_mpi_add_abs
 .text.mbedtls_mpi_sub_abs
                0x0000000008004460       0x7a ./Drivers/TLS/mbedtls/library/bignum.o
                0x0000000008004460                mbedtls_mpi_sub_abs
 .text.mbedtls_mpi_add_mpi
                0x00000000080044da       0x44 ./Drivers/TLS/mbedtls/library/bignum.o
                0x00000000080044da                mbedtls_mpi_add_mpi
 .text.mbedtls_mpi_sub_mpi
                0x000000000800451e       0x46 ./Drivers/TLS/mbedtls/library/bignum.o
                0x000000000800451e                mbedtls_mpi_sub_mpi
 .text.mbedtls_mpi_add_int
                0x0000000008004564       0x2c ./Drivers/TLS/mbedtls/library/bignum.o
                0x0000000008004564                mbedtls_mpi_add_int
 .text.mbedtls_mpi_sub_int
                0x0000000008004590       0x2c ./Drivers/TLS/mbedtls/library/bignum.o
                0x0000000008004590                mbedtls_mpi_sub_int
 .text.mbedtls_mpi_mul_mpi
                0x00000000080045bc       0xc8 ./Drivers/TLS/mbedtls/library/bignum.o
                0x00000000080045bc                mbedtls_mpi_mul_mpi
 .text.mbedtls_mpi_mul_int
                0x0000000008004684       0x1a ./Drivers/TLS/mbedtls/library/bignum.o
                0x0000000008004684                mbedtls_mpi_mul_int
 .text.mbedtls_mpi_div_mpi
                0x000000000800469e      0x37e ./Drivers/TLS/mbedtls/library/bignum.o
                0x000000000800469e                mbedtls_mpi_div_mpi
 .text.mbedtls_mpi_mod_mpi
                0x0000000008004a1c       0x64 ./Drivers/TLS/mbedtls/library/bignum.o
                0x0000000008004a1c                mbedtls_mpi_mod_mpi
 .text.mbedtls_mpi_exp_mod
                0x0000000008004a80      0x45c ./Drivers/TLS/mbedtls/library/bignum.o
                0x0000000008004a80                mbedtls_mpi_exp_mod
 .text.mbedtls_mpi_gcd
                0x0000000008004edc      0x108 ./Drivers/TLS/mbedtls/library/bignum.o
                0x0000000008004edc                mbedtls_mpi_gcd
 .text.mbedtls_mpi_fill_random
                0x0000000008004fe4       0x44 ./Drivers/TLS/mbedtls/library/bignum.o
                0x0000000008004fe4                mbedtls_mpi_fill_random
 .text.mbedtls_mpi_inv_mod
                0x0000000008005028      0x2b8 ./Drivers/TLS/mbedtls/library/bignum.o
                0x0000000008005028                mbedtls_mpi_inv_mod
 .text.mbedtls_cipher_get_block_size
                0x00000000080052e0        0xa ./Drivers/TLS/mbedtls/library/cipher.o
 *fill*         0x00000000080052ea        0x2 
 .text.get_no_padding
                0x00000000080052ec       0x14 ./Drivers/TLS/mbedtls/library/cipher.o
 .text.mbedtls_cipher_info_from_type
                0x0000000008005300       0x18 ./Drivers/TLS/mbedtls/library/cipher.o
                0x0000000008005300                mbedtls_cipher_info_from_type
 .text.mbedtls_cipher_init
                0x0000000008005318        0x8 ./Drivers/TLS/mbedtls/library/cipher.o
                0x0000000008005318                mbedtls_cipher_init
 .text.mbedtls_cipher_free
                0x0000000008005320       0x24 ./Drivers/TLS/mbedtls/library/cipher.o
                0x0000000008005320                mbedtls_cipher_free
 .text.mbedtls_cipher_setkey
                0x0000000008005344       0x44 ./Drivers/TLS/mbedtls/library/cipher.o
                0x0000000008005344                mbedtls_cipher_setkey
 .text.mbedtls_cipher_set_iv
                0x0000000008005388       0x40 ./Drivers/TLS/mbedtls/library/cipher.o
                0x0000000008005388                mbedtls_cipher_set_iv
 .text.mbedtls_cipher_reset
                0x00000000080053c8       0x18 ./Drivers/TLS/mbedtls/library/cipher.o
                0x00000000080053c8                mbedtls_cipher_reset
 .text.mbedtls_cipher_update
                0x00000000080053e0      0x174 ./Drivers/TLS/mbedtls/library/cipher.o
                0x00000000080053e0                mbedtls_cipher_update
 .text.mbedtls_cipher_finish
                0x0000000008005554       0xcc ./Drivers/TLS/mbedtls/library/cipher.o
                0x0000000008005554                mbedtls_cipher_finish
 .text.mbedtls_cipher_set_padding_mode
                0x0000000008005620       0x30 ./Drivers/TLS/mbedtls/library/cipher.o
                0x0000000008005620                mbedtls_cipher_set_padding_mode
 .text.mbedtls_cipher_setup
                0x0000000008005650       0x3c ./Drivers/TLS/mbedtls/library/cipher.o
                0x0000000008005650                mbedtls_cipher_setup
 .text.mbedtls_cipher_crypt
                0x000000000800568c       0x44 ./Drivers/TLS/mbedtls/library/cipher.o
                0x000000000800568c                mbedtls_cipher_crypt
 .text.aes_ctx_free
                0x00000000080056d0       0x12 ./Drivers/TLS/mbedtls/library/cipher_wrap.o
 .text.aes_ctx_alloc
                0x00000000080056e2       0x18 ./Drivers/TLS/mbedtls/library/cipher_wrap.o
 .text.aes_setkey_dec_wrap
                0x00000000080056fa        0x4 ./Drivers/TLS/mbedtls/library/cipher_wrap.o
 .text.aes_setkey_enc_wrap
                0x00000000080056fe        0x4 ./Drivers/TLS/mbedtls/library/cipher_wrap.o
 .text.aes_crypt_cbc_wrap
                0x0000000008005702        0x4 ./Drivers/TLS/mbedtls/library/cipher_wrap.o
 .text.aes_crypt_ecb_wrap
                0x0000000008005706        0x4 ./Drivers/TLS/mbedtls/library/cipher_wrap.o
 .text.mbedtls_ctr_drbg_init
                0x000000000800570a        0xa ./Drivers/TLS/mbedtls/library/ctr_drbg.o
                0x000000000800570a                mbedtls_ctr_drbg_init
 .text.debug_send_line
                0x0000000008005714       0x10 ./Drivers/TLS/mbedtls/library/debug.o
 .text.mbedtls_debug_print_mpi.part.0
                0x0000000008005724      0x144 ./Drivers/TLS/mbedtls/library/debug.o
 .text.mbedtls_debug_set_threshold
                0x0000000008005868        0xc ./Drivers/TLS/mbedtls/library/debug.o
                0x0000000008005868                mbedtls_debug_set_threshold
 .text.mbedtls_debug_print_msg
                0x0000000008005874       0x60 ./Drivers/TLS/mbedtls/library/debug.o
                0x0000000008005874                mbedtls_debug_print_msg
 .text.mbedtls_debug_print_ret
                0x00000000080058d4       0x60 ./Drivers/TLS/mbedtls/library/debug.o
                0x00000000080058d4                mbedtls_debug_print_ret
 .text.mbedtls_debug_print_buf
                0x0000000008005934      0x134 ./Drivers/TLS/mbedtls/library/debug.o
                0x0000000008005934                mbedtls_debug_print_buf
 .text.mbedtls_debug_print_mpi
                0x0000000008005a68       0x28 ./Drivers/TLS/mbedtls/library/debug.o
                0x0000000008005a68                mbedtls_debug_print_mpi
 .text.mbedtls_debug_print_crt
                0x0000000008005a90      0x168 ./Drivers/TLS/mbedtls/library/debug.o
                0x0000000008005a90                mbedtls_debug_print_crt
 .text.mbedtls_strerror
                0x0000000008005bf8      0xc90 ./Drivers/TLS/mbedtls/library/error.o
                0x0000000008005bf8                mbedtls_strerror
 .text.mbedtls_md_info_from_type
                0x0000000008006888       0x1c ./Drivers/TLS/mbedtls/library/md.o
                0x0000000008006888                mbedtls_md_info_from_type
 .text.mbedtls_md_init
                0x00000000080068a4        0xa ./Drivers/TLS/mbedtls/library/md.o
                0x00000000080068a4                mbedtls_md_init
 .text.mbedtls_md_free
                0x00000000080068ae       0x42 ./Drivers/TLS/mbedtls/library/md.o
                0x00000000080068ae                mbedtls_md_free
 .text.mbedtls_md_setup
                0x00000000080068f0       0x40 ./Drivers/TLS/mbedtls/library/md.o
                0x00000000080068f0                mbedtls_md_setup
 .text.mbedtls_md
                0x0000000008006930       0x20 ./Drivers/TLS/mbedtls/library/md.o
                0x0000000008006930                mbedtls_md
 .text.mbedtls_md_hmac_starts
                0x0000000008006950       0xc8 ./Drivers/TLS/mbedtls/library/md.o
                0x0000000008006950                mbedtls_md_hmac_starts
 .text.mbedtls_md_hmac_update
                0x0000000008006a18       0x24 ./Drivers/TLS/mbedtls/library/md.o
                0x0000000008006a18                mbedtls_md_hmac_update
 .text.mbedtls_md_hmac_finish
                0x0000000008006a3c       0x60 ./Drivers/TLS/mbedtls/library/md.o
                0x0000000008006a3c                mbedtls_md_hmac_finish
 .text.mbedtls_md_hmac_reset
                0x0000000008006a9c       0x30 ./Drivers/TLS/mbedtls/library/md.o
                0x0000000008006a9c                mbedtls_md_hmac_reset
 .text.mbedtls_md_process
                0x0000000008006acc       0x14 ./Drivers/TLS/mbedtls/library/md.o
                0x0000000008006acc                mbedtls_md_process
 .text.mbedtls_md_get_size
                0x0000000008006ae0        0x6 ./Drivers/TLS/mbedtls/library/md.o
                0x0000000008006ae0                mbedtls_md_get_size
 .text.sha224_process_wrap
                0x0000000008006ae6        0x4 ./Drivers/TLS/mbedtls/library/md_wrap.o
 .text.sha224_clone_wrap
                0x0000000008006aea        0x4 ./Drivers/TLS/mbedtls/library/md_wrap.o
 .text.sha224_ctx_free
                0x0000000008006aee       0x12 ./Drivers/TLS/mbedtls/library/md_wrap.o
 .text.sha224_ctx_alloc
                0x0000000008006b00       0x16 ./Drivers/TLS/mbedtls/library/md_wrap.o
 .text.sha224_wrap
                0x0000000008006b16        0x6 ./Drivers/TLS/mbedtls/library/md_wrap.o
 .text.sha256_wrap
                0x0000000008006b1c        0x6 ./Drivers/TLS/mbedtls/library/md_wrap.o
 .text.sha224_finish_wrap
                0x0000000008006b22        0x4 ./Drivers/TLS/mbedtls/library/md_wrap.o
 .text.sha224_update_wrap
                0x0000000008006b26        0x4 ./Drivers/TLS/mbedtls/library/md_wrap.o
 .text.sha224_starts_wrap
                0x0000000008006b2a        0x6 ./Drivers/TLS/mbedtls/library/md_wrap.o
 .text.sha256_starts_wrap
                0x0000000008006b30        0x6 ./Drivers/TLS/mbedtls/library/md_wrap.o
 *fill*         0x0000000008006b36        0x2 
 .text.oid_sig_alg_from_asn1.part.0
                0x0000000008006b38       0x2c ./Drivers/TLS/mbedtls/library/oid.o
 .text.mbedtls_oid_get_attr_short_name
                0x0000000008006b64       0x34 ./Drivers/TLS/mbedtls/library/oid.o
                0x0000000008006b64                mbedtls_oid_get_attr_short_name
 .text.mbedtls_oid_get_x509_ext_type
                0x0000000008006b98       0x34 ./Drivers/TLS/mbedtls/library/oid.o
                0x0000000008006b98                mbedtls_oid_get_x509_ext_type
 .text.mbedtls_oid_get_extended_key_usage
                0x0000000008006bcc       0x34 ./Drivers/TLS/mbedtls/library/oid.o
                0x0000000008006bcc                mbedtls_oid_get_extended_key_usage
 .text.mbedtls_oid_get_sig_alg_desc
                0x0000000008006c00       0x1a ./Drivers/TLS/mbedtls/library/oid.o
                0x0000000008006c00                mbedtls_oid_get_sig_alg_desc
 .text.mbedtls_oid_get_sig_alg
                0x0000000008006c1a       0x20 ./Drivers/TLS/mbedtls/library/oid.o
                0x0000000008006c1a                mbedtls_oid_get_sig_alg
 *fill*         0x0000000008006c3a        0x2 
 .text.mbedtls_oid_get_pk_alg
                0x0000000008006c3c       0x34 ./Drivers/TLS/mbedtls/library/oid.o
                0x0000000008006c3c                mbedtls_oid_get_pk_alg
 .text.mbedtls_oid_get_oid_by_md
                0x0000000008006c70       0x28 ./Drivers/TLS/mbedtls/library/oid.o
                0x0000000008006c70                mbedtls_oid_get_oid_by_md
 .text.mbedtls_pem_init
                0x0000000008006c98        0xa ./Drivers/TLS/mbedtls/library/pem.o
                0x0000000008006c98                mbedtls_pem_init
 *fill*         0x0000000008006ca2        0x2 
 .text.mbedtls_pem_read_buffer
                0x0000000008006ca4      0x11c ./Drivers/TLS/mbedtls/library/pem.o
                0x0000000008006ca4                mbedtls_pem_read_buffer
 .text.mbedtls_pem_free
                0x0000000008006dc0       0x36 ./Drivers/TLS/mbedtls/library/pem.o
                0x0000000008006dc0                mbedtls_pem_free
 .text.mbedtls_pk_free
                0x0000000008006df6       0x22 ./Drivers/TLS/mbedtls/library/pk.o
                0x0000000008006df6                mbedtls_pk_free
 .text.mbedtls_pk_info_from_type
                0x0000000008006e18       0x10 ./Drivers/TLS/mbedtls/library/pk.o
                0x0000000008006e18                mbedtls_pk_info_from_type
 .text.mbedtls_pk_setup
                0x0000000008006e28       0x2c ./Drivers/TLS/mbedtls/library/pk.o
                0x0000000008006e28                mbedtls_pk_setup
 .text.mbedtls_pk_can_do
                0x0000000008006e54       0x12 ./Drivers/TLS/mbedtls/library/pk.o
                0x0000000008006e54                mbedtls_pk_can_do
 *fill*         0x0000000008006e66        0x2 
 .text.mbedtls_pk_verify
                0x0000000008006e68       0x54 ./Drivers/TLS/mbedtls/library/pk.o
                0x0000000008006e68                mbedtls_pk_verify
 .text.mbedtls_pk_verify_ext
                0x0000000008006ebc       0x64 ./Drivers/TLS/mbedtls/library/pk.o
                0x0000000008006ebc                mbedtls_pk_verify_ext
 .text.mbedtls_pk_sign
                0x0000000008006f20       0x60 ./Drivers/TLS/mbedtls/library/pk.o
                0x0000000008006f20                mbedtls_pk_sign
 .text.mbedtls_pk_encrypt
                0x0000000008006f80       0x28 ./Drivers/TLS/mbedtls/library/pk.o
                0x0000000008006f80                mbedtls_pk_encrypt
 .text.mbedtls_pk_get_bitlen
                0x0000000008006fa8       0x10 ./Drivers/TLS/mbedtls/library/pk.o
                0x0000000008006fa8                mbedtls_pk_get_bitlen
 .text.mbedtls_pk_debug
                0x0000000008006fb8       0x24 ./Drivers/TLS/mbedtls/library/pk.o
                0x0000000008006fb8                mbedtls_pk_debug
 .text.mbedtls_pk_get_name
                0x0000000008006fdc       0x14 ./Drivers/TLS/mbedtls/library/pk.o
                0x0000000008006fdc                mbedtls_pk_get_name
 .text.mbedtls_pk_get_type
                0x0000000008006ff0        0xa ./Drivers/TLS/mbedtls/library/pk.o
                0x0000000008006ff0                mbedtls_pk_get_type
 .text.rsa_can_do
                0x0000000008006ffa        0xc ./Drivers/TLS/mbedtls/library/pk_wrap.o
 *fill*         0x0000000008007006        0x2 
 .text.rsa_debug
                0x0000000008007008       0x24 ./Drivers/TLS/mbedtls/library/pk_wrap.o
 .text.rsa_free_wrap
                0x000000000800702c       0x12 ./Drivers/TLS/mbedtls/library/pk_wrap.o
 .text.rsa_alloc_wrap
                0x000000000800703e       0x1a ./Drivers/TLS/mbedtls/library/pk_wrap.o
 .text.rsa_check_pair_wrap
                0x0000000008007058        0x4 ./Drivers/TLS/mbedtls/library/pk_wrap.o
 .text.rsa_get_bitlen
                0x000000000800705c        0xa ./Drivers/TLS/mbedtls/library/pk_wrap.o
 *fill*         0x0000000008007066        0x2 
 .text.rsa_encrypt_wrap
                0x0000000008007068       0x48 ./Drivers/TLS/mbedtls/library/pk_wrap.o
 .text.rsa_decrypt_wrap
                0x00000000080070b0       0x48 ./Drivers/TLS/mbedtls/library/pk_wrap.o
 .text.rsa_sign_wrap
                0x00000000080070f8       0x3a ./Drivers/TLS/mbedtls/library/pk_wrap.o
 *fill*         0x0000000008007132        0x2 
 .text.rsa_verify_wrap
                0x0000000008007134       0x50 ./Drivers/TLS/mbedtls/library/pk_wrap.o
 .text.pk_get_rsapubkey
                0x0000000008007184       0xc4 ./Drivers/TLS/mbedtls/library/pkparse.o
 .text.pk_get_pk_alg
                0x0000000008007248       0x54 ./Drivers/TLS/mbedtls/library/pkparse.o
 .text.mbedtls_pk_parse_subpubkey
                0x000000000800729c       0xac ./Drivers/TLS/mbedtls/library/pkparse.o
                0x000000000800729c                mbedtls_pk_parse_subpubkey
 .text.rsa_rsassa_pkcs1_v15_encode
                0x0000000008007348      0x118 ./Drivers/TLS/mbedtls/library/rsa.o
 .text.rsa_check_context.constprop.0
                0x0000000008007460       0xb8 ./Drivers/TLS/mbedtls/library/rsa.o
 .text.mbedtls_rsa_import_raw
                0x0000000008007518       0x84 ./Drivers/TLS/mbedtls/library/rsa.o
                0x0000000008007518                mbedtls_rsa_import_raw
 .text.mbedtls_rsa_complete
                0x000000000800759c      0x118 ./Drivers/TLS/mbedtls/library/rsa.o
                0x000000000800759c                mbedtls_rsa_complete
 .text.mbedtls_rsa_init
                0x00000000080076b4       0x16 ./Drivers/TLS/mbedtls/library/rsa.o
                0x00000000080076b4                mbedtls_rsa_init
 .text.mbedtls_rsa_get_len
                0x00000000080076ca        0x4 ./Drivers/TLS/mbedtls/library/rsa.o
                0x00000000080076ca                mbedtls_rsa_get_len
 *fill*         0x00000000080076ce        0x2 
 .text.mbedtls_rsa_check_pubkey
                0x00000000080076d0       0x48 ./Drivers/TLS/mbedtls/library/rsa.o
                0x00000000080076d0                mbedtls_rsa_check_pubkey
 .text.mbedtls_rsa_check_privkey
                0x0000000008007718       0x64 ./Drivers/TLS/mbedtls/library/rsa.o
                0x0000000008007718                mbedtls_rsa_check_privkey
 .text.mbedtls_rsa_check_pub_priv
                0x000000000800777c       0x38 ./Drivers/TLS/mbedtls/library/rsa.o
                0x000000000800777c                mbedtls_rsa_check_pub_priv
 .text.mbedtls_rsa_public
                0x00000000080077b4       0x80 ./Drivers/TLS/mbedtls/library/rsa.o
                0x00000000080077b4                mbedtls_rsa_public
 .text.mbedtls_rsa_private
                0x0000000008007834      0x378 ./Drivers/TLS/mbedtls/library/rsa.o
                0x0000000008007834                mbedtls_rsa_private
 .text.mbedtls_rsa_rsaes_pkcs1_v15_encrypt
                0x0000000008007bac       0xe4 ./Drivers/TLS/mbedtls/library/rsa.o
                0x0000000008007bac                mbedtls_rsa_rsaes_pkcs1_v15_encrypt
 .text.mbedtls_rsa_pkcs1_encrypt
                0x0000000008007c90       0x18 ./Drivers/TLS/mbedtls/library/rsa.o
                0x0000000008007c90                mbedtls_rsa_pkcs1_encrypt
 .text.mbedtls_rsa_rsaes_pkcs1_v15_decrypt
                0x0000000008007ca8      0x114 ./Drivers/TLS/mbedtls/library/rsa.o
                0x0000000008007ca8                mbedtls_rsa_rsaes_pkcs1_v15_decrypt
 .text.mbedtls_rsa_pkcs1_decrypt
                0x0000000008007dbc       0x1c ./Drivers/TLS/mbedtls/library/rsa.o
                0x0000000008007dbc                mbedtls_rsa_pkcs1_decrypt
 .text.mbedtls_rsa_rsassa_pkcs1_v15_sign
                0x0000000008007dd8       0xd4 ./Drivers/TLS/mbedtls/library/rsa.o
                0x0000000008007dd8                mbedtls_rsa_rsassa_pkcs1_v15_sign
 .text.mbedtls_rsa_pkcs1_sign
                0x0000000008007eac       0x24 ./Drivers/TLS/mbedtls/library/rsa.o
                0x0000000008007eac                mbedtls_rsa_pkcs1_sign
 .text.mbedtls_rsa_rsassa_pkcs1_v15_verify
                0x0000000008007ed0       0xdc ./Drivers/TLS/mbedtls/library/rsa.o
                0x0000000008007ed0                mbedtls_rsa_rsassa_pkcs1_v15_verify
 .text.mbedtls_rsa_pkcs1_verify
                0x0000000008007fac       0x24 ./Drivers/TLS/mbedtls/library/rsa.o
                0x0000000008007fac                mbedtls_rsa_pkcs1_verify
 .text.mbedtls_rsa_free
                0x0000000008007fd0       0x6e ./Drivers/TLS/mbedtls/library/rsa.o
                0x0000000008007fd0                mbedtls_rsa_free
 *fill*         0x000000000800803e        0x2 
 .text.mbedtls_rsa_deduce_primes
                0x0000000008008040      0x1e0 ./Drivers/TLS/mbedtls/library/rsa_internal.o
                0x0000000008008040                mbedtls_rsa_deduce_primes
 .text.mbedtls_rsa_deduce_private_exponent
                0x0000000008008220       0xbc ./Drivers/TLS/mbedtls/library/rsa_internal.o
                0x0000000008008220                mbedtls_rsa_deduce_private_exponent
 .text.mbedtls_rsa_validate_crt
                0x00000000080082dc      0x110 ./Drivers/TLS/mbedtls/library/rsa_internal.o
                0x00000000080082dc                mbedtls_rsa_validate_crt
 .text.mbedtls_rsa_validate_params
                0x00000000080083ec      0x18c ./Drivers/TLS/mbedtls/library/rsa_internal.o
                0x00000000080083ec                mbedtls_rsa_validate_params
 .text.mbedtls_rsa_deduce_crt
                0x0000000008008578       0x88 ./Drivers/TLS/mbedtls/library/rsa_internal.o
                0x0000000008008578                mbedtls_rsa_deduce_crt
 .text.mbedtls_sha256_init
                0x0000000008008600        0x8 ./Drivers/TLS/mbedtls/library/sha256.o
                0x0000000008008600                mbedtls_sha256_init
 .text.mbedtls_sha256_free
                0x0000000008008608       0x14 ./Drivers/TLS/mbedtls/library/sha256.o
                0x0000000008008608                mbedtls_sha256_free
 .text.mbedtls_sha256_clone
                0x000000000800861c        0xa ./Drivers/TLS/mbedtls/library/sha256.o
                0x000000000800861c                mbedtls_sha256_clone
 *fill*         0x0000000008008626        0x2 
 .text.mbedtls_sha256_starts_ret
                0x0000000008008628       0xa4 ./Drivers/TLS/mbedtls/library/sha256.o
                0x0000000008008628                mbedtls_sha256_starts_ret
 .text.mbedtls_internal_sha256_process
                0x00000000080086cc      0x6bc ./Drivers/TLS/mbedtls/library/sha256.o
                0x00000000080086cc                mbedtls_internal_sha256_process
 .text.mbedtls_sha256_update_ret.part.0
                0x0000000008008d88       0x76 ./Drivers/TLS/mbedtls/library/sha256.o
 .text.mbedtls_sha256_update_ret
                0x0000000008008dfe        0xa ./Drivers/TLS/mbedtls/library/sha256.o
                0x0000000008008dfe                mbedtls_sha256_update_ret
 .text.mbedtls_sha256_finish_ret
                0x0000000008008e08      0x114 ./Drivers/TLS/mbedtls/library/sha256.o
                0x0000000008008e08                mbedtls_sha256_finish_ret
 .text.mbedtls_sha256_ret
                0x0000000008008f1c       0x42 ./Drivers/TLS/mbedtls/library/sha256.o
                0x0000000008008f1c                mbedtls_sha256_ret
 *fill*         0x0000000008008f5e        0x2 
 .text.mbedtls_ssl_list_ciphersuites
                0x0000000008008f60        0x8 ./Drivers/TLS/mbedtls/library/ssl_ciphersuites.o
                0x0000000008008f60                mbedtls_ssl_list_ciphersuites
 .text.mbedtls_ssl_ciphersuite_from_id
                0x0000000008008f68       0x18 ./Drivers/TLS/mbedtls/library/ssl_ciphersuites.o
                0x0000000008008f68                mbedtls_ssl_ciphersuite_from_id
 .text.mbedtls_ssl_get_ciphersuite_name
                0x0000000008008f80       0x14 ./Drivers/TLS/mbedtls/library/ssl_ciphersuites.o
                0x0000000008008f80                mbedtls_ssl_get_ciphersuite_name
 .text.mbedtls_ssl_own_key
                0x0000000008008f94       0x14 ./Drivers/TLS/mbedtls/library/ssl_cli.o
 .text.mbedtls_ssl_handshake_client_step
                0x0000000008008fa8      0xf7c ./Drivers/TLS/mbedtls/library/ssl_cli.o
                0x0000000008008fa8                mbedtls_ssl_handshake_client_step
 .text.mbedtls_zeroize
                0x0000000008009f24       0x10 ./Drivers/TLS/mbedtls/library/ssl_tls.o
 .text.ssl_calc_finished_tls_sha256
                0x0000000008009f34       0xd8 ./Drivers/TLS/mbedtls/library/ssl_tls.o
 .text.ssl_calc_verify_tls_sha256
                0x000000000800a00c       0x78 ./Drivers/TLS/mbedtls/library/ssl_tls.o
 .text.ssl_update_checksum_start
                0x000000000800a084        0x8 ./Drivers/TLS/mbedtls/library/ssl_tls.o
 .text.ssl_update_checksum_sha256
                0x000000000800a08c        0x4 ./Drivers/TLS/mbedtls/library/ssl_tls.o
 .text.ssl_set_timer
                0x000000000800a090       0x38 ./Drivers/TLS/mbedtls/library/ssl_tls.o
 .text.tls_prf_sha256
                0x000000000800a0c8      0x11c ./Drivers/TLS/mbedtls/library/ssl_tls.o
 .text.mbedtls_ssl_derive_keys
                0x000000000800a1e4      0x47c ./Drivers/TLS/mbedtls/library/ssl_tls.o
                0x000000000800a1e4                mbedtls_ssl_derive_keys
 .text.mbedtls_ssl_fetch_input
                0x000000000800a660      0x144 ./Drivers/TLS/mbedtls/library/ssl_tls.o
                0x000000000800a660                mbedtls_ssl_fetch_input
 .text.mbedtls_ssl_flush_output
                0x000000000800a7a4      0x118 ./Drivers/TLS/mbedtls/library/ssl_tls.o
                0x000000000800a7a4                mbedtls_ssl_flush_output
 .text.mbedtls_ssl_write_record
                0x000000000800a8bc      0x3b0 ./Drivers/TLS/mbedtls/library/ssl_tls.o
                0x000000000800a8bc                mbedtls_ssl_write_record
 .text.mbedtls_ssl_prepare_handshake_record
                0x000000000800ac6c       0x8c ./Drivers/TLS/mbedtls/library/ssl_tls.o
                0x000000000800ac6c                mbedtls_ssl_prepare_handshake_record
 .text.mbedtls_ssl_update_handshake_status
                0x000000000800acf8       0x20 ./Drivers/TLS/mbedtls/library/ssl_tls.o
                0x000000000800acf8                mbedtls_ssl_update_handshake_status
 .text.mbedtls_ssl_handle_message_type
                0x000000000800ad18       0xb8 ./Drivers/TLS/mbedtls/library/ssl_tls.o
                0x000000000800ad18                mbedtls_ssl_handle_message_type
 .text.mbedtls_ssl_send_alert_message
                0x000000000800add0       0xa4 ./Drivers/TLS/mbedtls/library/ssl_tls.o
                0x000000000800add0                mbedtls_ssl_send_alert_message
 .text.mbedtls_ssl_read_record_layer
                0x000000000800ae74      0x5cc ./Drivers/TLS/mbedtls/library/ssl_tls.o
                0x000000000800ae74                mbedtls_ssl_read_record_layer
 .text.mbedtls_ssl_read_record
                0x000000000800b440       0xac ./Drivers/TLS/mbedtls/library/ssl_tls.o
                0x000000000800b440                mbedtls_ssl_read_record
 .text.mbedtls_ssl_write_certificate
                0x000000000800b4ec      0x190 ./Drivers/TLS/mbedtls/library/ssl_tls.o
                0x000000000800b4ec                mbedtls_ssl_write_certificate
 .text.mbedtls_ssl_parse_certificate
                0x000000000800b67c      0x350 ./Drivers/TLS/mbedtls/library/ssl_tls.o
                0x000000000800b67c                mbedtls_ssl_parse_certificate
 .text.mbedtls_ssl_write_change_cipher_spec
                0x000000000800b9cc       0x70 ./Drivers/TLS/mbedtls/library/ssl_tls.o
                0x000000000800b9cc                mbedtls_ssl_write_change_cipher_spec
 .text.mbedtls_ssl_parse_change_cipher_spec
                0x000000000800ba3c       0xfc ./Drivers/TLS/mbedtls/library/ssl_tls.o
                0x000000000800ba3c                mbedtls_ssl_parse_change_cipher_spec
 .text.mbedtls_ssl_optimize_checksum
                0x000000000800bb38       0x34 ./Drivers/TLS/mbedtls/library/ssl_tls.o
                0x000000000800bb38                mbedtls_ssl_optimize_checksum
 .text.mbedtls_ssl_write_finished
                0x000000000800bb6c       0xec ./Drivers/TLS/mbedtls/library/ssl_tls.o
                0x000000000800bb6c                mbedtls_ssl_write_finished
 .text.mbedtls_ssl_parse_finished
                0x000000000800bc58      0x120 ./Drivers/TLS/mbedtls/library/ssl_tls.o
                0x000000000800bc58                mbedtls_ssl_parse_finished
 .text.mbedtls_ssl_session_init
                0x000000000800bd78        0x8 ./Drivers/TLS/mbedtls/library/ssl_tls.o
                0x000000000800bd78                mbedtls_ssl_session_init
 .text.mbedtls_ssl_init
                0x000000000800bd80        0x8 ./Drivers/TLS/mbedtls/library/ssl_tls.o
                0x000000000800bd80                mbedtls_ssl_init
 .text.mbedtls_ssl_conf_authmode
                0x000000000800bd88        0xe ./Drivers/TLS/mbedtls/library/ssl_tls.o
                0x000000000800bd88                mbedtls_ssl_conf_authmode
 .text.mbedtls_ssl_conf_rng
                0x000000000800bd96        0x6 ./Drivers/TLS/mbedtls/library/ssl_tls.o
                0x000000000800bd96                mbedtls_ssl_conf_rng
 .text.mbedtls_ssl_conf_dbg
                0x000000000800bd9c        0x6 ./Drivers/TLS/mbedtls/library/ssl_tls.o
                0x000000000800bd9c                mbedtls_ssl_conf_dbg
 .text.mbedtls_ssl_set_bio
                0x000000000800bda2        0xc ./Drivers/TLS/mbedtls/library/ssl_tls.o
                0x000000000800bda2                mbedtls_ssl_set_bio
 .text.mbedtls_ssl_conf_ca_chain
                0x000000000800bdae        0x6 ./Drivers/TLS/mbedtls/library/ssl_tls.o
                0x000000000800bdae                mbedtls_ssl_conf_ca_chain
 .text.mbedtls_ssl_set_hostname
                0x000000000800bdb4       0x6c ./Drivers/TLS/mbedtls/library/ssl_tls.o
                0x000000000800bdb4                mbedtls_ssl_set_hostname
 .text.mbedtls_ssl_get_ciphersuite
                0x000000000800be20       0x10 ./Drivers/TLS/mbedtls/library/ssl_tls.o
                0x000000000800be20                mbedtls_ssl_get_ciphersuite
 .text.mbedtls_ssl_handshake_step
                0x000000000800be30       0x34 ./Drivers/TLS/mbedtls/library/ssl_tls.o
                0x000000000800be30                mbedtls_ssl_handshake_step
 .text.mbedtls_ssl_handshake
                0x000000000800be64       0x5c ./Drivers/TLS/mbedtls/library/ssl_tls.o
                0x000000000800be64                mbedtls_ssl_handshake
 .text.mbedtls_ssl_read
                0x000000000800bec0      0x1f8 ./Drivers/TLS/mbedtls/library/ssl_tls.o
                0x000000000800bec0                mbedtls_ssl_read
 .text.mbedtls_ssl_transform_free
                0x000000000800c0b8       0x32 ./Drivers/TLS/mbedtls/library/ssl_tls.o
                0x000000000800c0b8                mbedtls_ssl_transform_free
 .text.mbedtls_ssl_handshake_free
                0x000000000800c0ea       0x1c ./Drivers/TLS/mbedtls/library/ssl_tls.o
                0x000000000800c0ea                mbedtls_ssl_handshake_free
 .text.mbedtls_ssl_session_free
                0x000000000800c106       0x22 ./Drivers/TLS/mbedtls/library/ssl_tls.o
                0x000000000800c106                mbedtls_ssl_session_free
 .text.mbedtls_ssl_handshake_wrapup
                0x000000000800c128       0xd4 ./Drivers/TLS/mbedtls/library/ssl_tls.o
                0x000000000800c128                mbedtls_ssl_handshake_wrapup
 .text.ssl_handshake_init
                0x000000000800c1fc       0xf8 ./Drivers/TLS/mbedtls/library/ssl_tls.o
 .text.mbedtls_ssl_setup
                0x000000000800c2f4       0x94 ./Drivers/TLS/mbedtls/library/ssl_tls.o
                0x000000000800c2f4                mbedtls_ssl_setup
 .text.mbedtls_ssl_config_init
                0x000000000800c388        0x8 ./Drivers/TLS/mbedtls/library/ssl_tls.o
                0x000000000800c388                mbedtls_ssl_config_init
 .text.mbedtls_ssl_config_defaults
                0x000000000800c390       0x74 ./Drivers/TLS/mbedtls/library/ssl_tls.o
                0x000000000800c390                mbedtls_ssl_config_defaults
 .text.mbedtls_ssl_sig_from_pk
                0x000000000800c404       0x10 ./Drivers/TLS/mbedtls/library/ssl_tls.o
                0x000000000800c404                mbedtls_ssl_sig_from_pk
 .text.mbedtls_ssl_hash_from_md_alg
                0x000000000800c414       0x12 ./Drivers/TLS/mbedtls/library/ssl_tls.o
                0x000000000800c414                mbedtls_ssl_hash_from_md_alg
 .text.mbedtls_ssl_write_version
                0x000000000800c426        0x6 ./Drivers/TLS/mbedtls/library/ssl_tls.o
                0x000000000800c426                mbedtls_ssl_write_version
 .text.mbedtls_ssl_read_version
                0x000000000800c42c        0xa ./Drivers/TLS/mbedtls/library/ssl_tls.o
                0x000000000800c42c                mbedtls_ssl_read_version
 *fill*         0x000000000800c436        0x2 
 .text.x509_parse_int
                0x000000000800c438       0x38 ./Drivers/TLS/mbedtls/library/x509.o
 .text.mbedtls_x509_get_serial
                0x000000000800c470       0x4c ./Drivers/TLS/mbedtls/library/x509.o
                0x000000000800c470                mbedtls_x509_get_serial
 .text.mbedtls_x509_get_alg
                0x000000000800c4bc        0xe ./Drivers/TLS/mbedtls/library/x509.o
                0x000000000800c4bc                mbedtls_x509_get_alg
 *fill*         0x000000000800c4ca        0x2 
 .text.mbedtls_x509_get_name
                0x000000000800c4cc       0xf4 ./Drivers/TLS/mbedtls/library/x509.o
                0x000000000800c4cc                mbedtls_x509_get_name
 .text.mbedtls_x509_get_time
                0x000000000800c5c0      0x164 ./Drivers/TLS/mbedtls/library/x509.o
                0x000000000800c5c0                mbedtls_x509_get_time
 .text.mbedtls_x509_get_sig
                0x000000000800c724       0x3c ./Drivers/TLS/mbedtls/library/x509.o
                0x000000000800c724                mbedtls_x509_get_sig
 .text.mbedtls_x509_get_sig_alg
                0x000000000800c760       0x40 ./Drivers/TLS/mbedtls/library/x509.o
                0x000000000800c760                mbedtls_x509_get_sig_alg
 .text.mbedtls_x509_get_ext
                0x000000000800c7a0       0x54 ./Drivers/TLS/mbedtls/library/x509.o
                0x000000000800c7a0                mbedtls_x509_get_ext
 .text.mbedtls_x509_dn_gets
                0x000000000800c7f4      0x104 ./Drivers/TLS/mbedtls/library/x509.o
                0x000000000800c7f4                mbedtls_x509_dn_gets
 .text.mbedtls_x509_serial_gets
                0x000000000800c8f8       0xa0 ./Drivers/TLS/mbedtls/library/x509.o
                0x000000000800c8f8                mbedtls_x509_serial_gets
 .text.mbedtls_x509_sig_alg_gets
                0x000000000800c998       0x4c ./Drivers/TLS/mbedtls/library/x509.o
                0x000000000800c998                mbedtls_x509_sig_alg_gets
 .text.mbedtls_x509_key_size_helper
                0x000000000800c9e4       0x24 ./Drivers/TLS/mbedtls/library/x509.o
                0x000000000800c9e4                mbedtls_x509_key_size_helper
 .text.mbedtls_x509_time_is_past
                0x000000000800ca08        0x4 ./Drivers/TLS/mbedtls/library/x509.o
                0x000000000800ca08                mbedtls_x509_time_is_past
 .text.mbedtls_x509_time_is_future
                0x000000000800ca0c        0x4 ./Drivers/TLS/mbedtls/library/x509.o
                0x000000000800ca0c                mbedtls_x509_time_is_future
 .text.mbedtls_zeroize
                0x000000000800ca10       0x10 ./Drivers/TLS/mbedtls/library/x509_crt.o
 .text.x509_memcasecmp
                0x000000000800ca20       0x30 ./Drivers/TLS/mbedtls/library/x509_crt.o
 .text.x509_name_cmp
                0x000000000800ca50       0x7e ./Drivers/TLS/mbedtls/library/x509_crt.o
 .text.x509_crt_check_parent
                0x000000000800cace       0x48 ./Drivers/TLS/mbedtls/library/x509_crt.o
 .text.x509_profile_check_key
                0x000000000800cb16       0x26 ./Drivers/TLS/mbedtls/library/x509_crt.o
 .text.x509_check_wildcard
                0x000000000800cb3c       0x58 ./Drivers/TLS/mbedtls/library/x509_crt.o
 .text.x509_crt_verify_top.constprop.0
                0x000000000800cb94      0x1ce ./Drivers/TLS/mbedtls/library/x509_crt.o
 *fill*         0x000000000800cd62        0x2 
 .text.x509_crt_verify_child.isra.0
                0x000000000800cd64      0x1dc ./Drivers/TLS/mbedtls/library/x509_crt.o
 .text.mbedtls_x509_crt_info
                0x000000000800cf40      0x658 ./Drivers/TLS/mbedtls/library/x509_crt.o
                0x000000000800cf40                mbedtls_x509_crt_info
 .text.mbedtls_x509_crt_verify_with_profile
                0x000000000800d598      0x1b8 ./Drivers/TLS/mbedtls/library/x509_crt.o
                0x000000000800d598                mbedtls_x509_crt_verify_with_profile
 .text.mbedtls_x509_crt_init
                0x000000000800d750        0xa ./Drivers/TLS/mbedtls/library/x509_crt.o
                0x000000000800d750                mbedtls_x509_crt_init
 .text.mbedtls_x509_crt_free
                0x000000000800d75a       0xb6 ./Drivers/TLS/mbedtls/library/x509_crt.o
                0x000000000800d75a                mbedtls_x509_crt_free
 .text.mbedtls_x509_crt_parse_der
                0x000000000800d810      0x684 ./Drivers/TLS/mbedtls/library/x509_crt.o
                0x000000000800d810                mbedtls_x509_crt_parse_der
 .text.mbedtls_x509_crt_parse
                0x000000000800de94       0xe4 ./Drivers/TLS/mbedtls/library/x509_crt.o
                0x000000000800de94                mbedtls_x509_crt_parse
 .text.WIZCHIP_READ
                0x000000000800df78       0x5c ./Drivers/ioLibrary_Driver/Ethernet/W5500/w5500.o
                0x000000000800df78                WIZCHIP_READ
 .text.WIZCHIP_WRITE
                0x000000000800dfd4       0x64 ./Drivers/ioLibrary_Driver/Ethernet/W5500/w5500.o
                0x000000000800dfd4                WIZCHIP_WRITE
 .text.WIZCHIP_READ_BUF
                0x000000000800e038       0x74 ./Drivers/ioLibrary_Driver/Ethernet/W5500/w5500.o
                0x000000000800e038                WIZCHIP_READ_BUF
 .text.WIZCHIP_WRITE_BUF
                0x000000000800e0ac       0x74 ./Drivers/ioLibrary_Driver/Ethernet/W5500/w5500.o
                0x000000000800e0ac                WIZCHIP_WRITE_BUF
 .text.getSn_TX_FSR
                0x000000000800e120       0x46 ./Drivers/ioLibrary_Driver/Ethernet/W5500/w5500.o
                0x000000000800e120                getSn_TX_FSR
 .text.getSn_RX_RSR
                0x000000000800e166       0x46 ./Drivers/ioLibrary_Driver/Ethernet/W5500/w5500.o
                0x000000000800e166                getSn_RX_RSR
 .text.wiz_send_data
                0x000000000800e1ac       0x5e ./Drivers/ioLibrary_Driver/Ethernet/W5500/w5500.o
                0x000000000800e1ac                wiz_send_data
 .text.wiz_recv_data
                0x000000000800e20a       0x5e ./Drivers/ioLibrary_Driver/Ethernet/W5500/w5500.o
                0x000000000800e20a                wiz_recv_data
 .text.wiz_recv_ignore
                0x000000000800e268       0x3c ./Drivers/ioLibrary_Driver/Ethernet/W5500/w5500.o
                0x000000000800e268                wiz_recv_ignore
 .text.close    0x000000000800e2a4       0x7c ./Drivers/ioLibrary_Driver/Ethernet/socket.o
                0x000000000800e2a4                close
 .text.socket   0x000000000800e320      0x124 ./Drivers/ioLibrary_Driver/Ethernet/socket.o
                0x000000000800e320                socket
 .text.connect  0x000000000800e444       0xf4 ./Drivers/ioLibrary_Driver/Ethernet/socket.o
                0x000000000800e444                connect
 .text.disconnect
                0x000000000800e538       0x88 ./Drivers/ioLibrary_Driver/Ethernet/socket.o
                0x000000000800e538                disconnect
 .text.send     0x000000000800e5c0      0x114 ./Drivers/ioLibrary_Driver/Ethernet/socket.o
                0x000000000800e5c0                send
 .text.recv     0x000000000800e6d4       0xdc ./Drivers/ioLibrary_Driver/Ethernet/socket.o
                0x000000000800e6d4                recv
 .text.sendto   0x000000000800e7b0      0x160 ./Drivers/ioLibrary_Driver/Ethernet/socket.o
                0x000000000800e7b0                sendto
 .text.recvfrom
                0x000000000800e910      0x218 ./Drivers/ioLibrary_Driver/Ethernet/socket.o
                0x000000000800e910                recvfrom
 .text.wizchip_cris_enter
                0x000000000800eb28        0x2 ./Drivers/ioLibrary_Driver/Ethernet/wizchip_conf.o
                0x000000000800eb28                wizchip_cris_enter
 .text.wizchip_bus_readdata
                0x000000000800eb2a        0x4 ./Drivers/ioLibrary_Driver/Ethernet/wizchip_conf.o
                0x000000000800eb2a                wizchip_bus_readdata
 .text.wizchip_bus_writedata
                0x000000000800eb2e        0x4 ./Drivers/ioLibrary_Driver/Ethernet/wizchip_conf.o
                0x000000000800eb2e                wizchip_bus_writedata
 .text.wizchip_spi_readbyte
                0x000000000800eb32        0x4 ./Drivers/ioLibrary_Driver/Ethernet/wizchip_conf.o
                0x000000000800eb32                wizchip_spi_readbyte
 .text.wizchip_spi_writebyte
                0x000000000800eb36        0x2 ./Drivers/ioLibrary_Driver/Ethernet/wizchip_conf.o
                0x000000000800eb36                wizchip_spi_writebyte
 .text.wizchip_cris_exit
                0x000000000800eb38        0x2 ./Drivers/ioLibrary_Driver/Ethernet/wizchip_conf.o
                0x000000000800eb38                wizchip_cris_exit
 .text.wizchip_cs_select
                0x000000000800eb3a        0x2 ./Drivers/ioLibrary_Driver/Ethernet/wizchip_conf.o
                0x000000000800eb3a                wizchip_cs_select
 .text.wizchip_cs_deselect
                0x000000000800eb3c        0x2 ./Drivers/ioLibrary_Driver/Ethernet/wizchip_conf.o
                0x000000000800eb3c                wizchip_cs_deselect
 *fill*         0x000000000800eb3e        0x2 
 .text.reg_wizchip_cs_cbfunc
                0x000000000800eb40       0x24 ./Drivers/ioLibrary_Driver/Ethernet/wizchip_conf.o
                0x000000000800eb40                reg_wizchip_cs_cbfunc
 .text.reg_wizchip_spi_cbfunc
                0x000000000800eb64       0x2c ./Drivers/ioLibrary_Driver/Ethernet/wizchip_conf.o
                0x000000000800eb64                reg_wizchip_spi_cbfunc
 .text.wizchip_sw_reset
                0x000000000800eb90       0x7a ./Drivers/ioLibrary_Driver/Ethernet/wizchip_conf.o
                0x000000000800eb90                wizchip_sw_reset
 .text.wizchip_init
                0x000000000800ec0a       0x7a ./Drivers/ioLibrary_Driver/Ethernet/wizchip_conf.o
                0x000000000800ec0a                wizchip_init
 .text.wizchip_clrinterrupt
                0x000000000800ec84       0x2e ./Drivers/ioLibrary_Driver/Ethernet/wizchip_conf.o
                0x000000000800ec84                wizchip_clrinterrupt
 .text.wizchip_getinterrupt
                0x000000000800ecb2       0x22 ./Drivers/ioLibrary_Driver/Ethernet/wizchip_conf.o
                0x000000000800ecb2                wizchip_getinterrupt
 .text.wizchip_setinterruptmask
                0x000000000800ecd4       0x1c ./Drivers/ioLibrary_Driver/Ethernet/wizchip_conf.o
                0x000000000800ecd4                wizchip_setinterruptmask
 .text.wizchip_getinterruptmask
                0x000000000800ecf0       0x1c ./Drivers/ioLibrary_Driver/Ethernet/wizchip_conf.o
                0x000000000800ecf0                wizchip_getinterruptmask
 .text.wizphy_getphylink
                0x000000000800ed0c       0x10 ./Drivers/ioLibrary_Driver/Ethernet/wizchip_conf.o
                0x000000000800ed0c                wizphy_getphylink
 .text.wizphy_getphypmode
                0x000000000800ed1c       0x18 ./Drivers/ioLibrary_Driver/Ethernet/wizchip_conf.o
                0x000000000800ed1c                wizphy_getphypmode
 .text.wizphy_reset
                0x000000000800ed34       0x30 ./Drivers/ioLibrary_Driver/Ethernet/wizchip_conf.o
                0x000000000800ed34                wizphy_reset
 .text.wizphy_setphyconf
                0x000000000800ed64       0x46 ./Drivers/ioLibrary_Driver/Ethernet/wizchip_conf.o
                0x000000000800ed64                wizphy_setphyconf
 .text.wizphy_getphyconf
                0x000000000800edaa       0x6a ./Drivers/ioLibrary_Driver/Ethernet/wizchip_conf.o
                0x000000000800edaa                wizphy_getphyconf
 .text.wizphy_setphypmode
                0x000000000800ee14       0x52 ./Drivers/ioLibrary_Driver/Ethernet/wizchip_conf.o
                0x000000000800ee14                wizphy_setphypmode
 *fill*         0x000000000800ee66        0x2 
 .text.ctlwizchip
                0x000000000800ee68       0xe0 ./Drivers/ioLibrary_Driver/Ethernet/wizchip_conf.o
                0x000000000800ee68                ctlwizchip
 .text.wizchip_setnetinfo
                0x000000000800ef48       0x5c ./Drivers/ioLibrary_Driver/Ethernet/wizchip_conf.o
                0x000000000800ef48                wizchip_setnetinfo
 .text.wizchip_getnetinfo
                0x000000000800efa4       0x5c ./Drivers/ioLibrary_Driver/Ethernet/wizchip_conf.o
                0x000000000800efa4                wizchip_getnetinfo
 .text.wizchip_setnetmode
                0x000000000800f000       0x26 ./Drivers/ioLibrary_Driver/Ethernet/wizchip_conf.o
                0x000000000800f000                wizchip_setnetmode
 .text.wizchip_getnetmode
                0x000000000800f026        0x6 ./Drivers/ioLibrary_Driver/Ethernet/wizchip_conf.o
                0x000000000800f026                wizchip_getnetmode
 .text.wizchip_settimeout
                0x000000000800f02c       0x28 ./Drivers/ioLibrary_Driver/Ethernet/wizchip_conf.o
                0x000000000800f02c                wizchip_settimeout
 .text.wizchip_gettimeout
                0x000000000800f054       0x28 ./Drivers/ioLibrary_Driver/Ethernet/wizchip_conf.o
                0x000000000800f054                wizchip_gettimeout
 .text.ctlnetwork
                0x000000000800f07c       0x4c ./Drivers/ioLibrary_Driver/Ethernet/wizchip_conf.o
                0x000000000800f07c                ctlnetwork
 .text.default_ip_assign
                0x000000000800f0c8       0x38 ./Drivers/ioLibrary_Driver/Internet/DHCP/dhcp.o
                0x000000000800f0c8                default_ip_assign
 .text.default_ip_update
                0x000000000800f100       0x28 ./Drivers/ioLibrary_Driver/Internet/DHCP/dhcp.o
                0x000000000800f100                default_ip_update
 .text.default_ip_conflict
                0x000000000800f128       0x24 ./Drivers/ioLibrary_Driver/Internet/DHCP/dhcp.o
                0x000000000800f128                default_ip_conflict
 .text.makeDHCPMSG
                0x000000000800f14c       0x98 ./Drivers/ioLibrary_Driver/Internet/DHCP/dhcp.o
                0x000000000800f14c                makeDHCPMSG
 .text.send_DHCP_DECLINE
                0x000000000800f1e4       0xe8 ./Drivers/ioLibrary_Driver/Internet/DHCP/dhcp.o
                0x000000000800f1e4                send_DHCP_DECLINE
 .text.parseDHCPMSG
                0x000000000800f2cc      0x258 ./Drivers/ioLibrary_Driver/Internet/DHCP/dhcp.o
                0x000000000800f2cc                parseDHCPMSG
 .text.DHCP_stop
                0x000000000800f524       0x1c ./Drivers/ioLibrary_Driver/Internet/DHCP/dhcp.o
                0x000000000800f524                DHCP_stop
 .text.check_DHCP_leasedIP
                0x000000000800f540       0x70 ./Drivers/ioLibrary_Driver/Internet/DHCP/dhcp.o
                0x000000000800f540                check_DHCP_leasedIP
 .text.reset_DHCP_timeout
                0x000000000800f5b0       0x20 ./Drivers/ioLibrary_Driver/Internet/DHCP/dhcp.o
                0x000000000800f5b0                reset_DHCP_timeout
 .text.DHCP_init
                0x000000000800f5d0       0xb0 ./Drivers/ioLibrary_Driver/Internet/DHCP/dhcp.o
                0x000000000800f5d0                DHCP_init
 .text.NibbleToHex
                0x000000000800f680        0xe ./Drivers/ioLibrary_Driver/Internet/DHCP/dhcp.o
                0x000000000800f680                NibbleToHex
 *fill*         0x000000000800f68e        0x2 
 .text.send_DHCP_DISCOVER
                0x000000000800f690      0x1d4 ./Drivers/ioLibrary_Driver/Internet/DHCP/dhcp.o
                0x000000000800f690                send_DHCP_DISCOVER
 .text.send_DHCP_REQUEST
                0x000000000800f864      0x274 ./Drivers/ioLibrary_Driver/Internet/DHCP/dhcp.o
                0x000000000800f864                send_DHCP_REQUEST
 .text.check_DHCP_timeout
                0x000000000800fad8       0x80 ./Drivers/ioLibrary_Driver/Internet/DHCP/dhcp.o
                0x000000000800fad8                check_DHCP_timeout
 .text.DHCP_run
                0x000000000800fb58      0x1c0 ./Drivers/ioLibrary_Driver/Internet/DHCP/dhcp.o
                0x000000000800fb58                DHCP_run
 .text.parse_name
                0x000000000800fd18       0xa4 ./Drivers/ioLibrary_Driver/Internet/DNS/dns.o
                0x000000000800fd18                parse_name
 .text.dns_question
                0x000000000800fdbc       0x1c ./Drivers/ioLibrary_Driver/Internet/DNS/dns.o
                0x000000000800fdbc                dns_question
 .text.dns_answer
                0x000000000800fdd8       0xe0 ./Drivers/ioLibrary_Driver/Internet/DNS/dns.o
                0x000000000800fdd8                dns_answer
 .text.parseDNSMSG
                0x000000000800feb8       0xca ./Drivers/ioLibrary_Driver/Internet/DNS/dns.o
                0x000000000800feb8                parseDNSMSG
 *fill*         0x000000000800ff82        0x2 
 .text.dns_makequery
                0x000000000800ff84       0xa8 ./Drivers/ioLibrary_Driver/Internet/DNS/dns.o
                0x000000000800ff84                dns_makequery
 .text.check_DNS_timeout
                0x000000000801002c       0x2c ./Drivers/ioLibrary_Driver/Internet/DNS/dns.o
                0x000000000801002c                check_DNS_timeout
 .text.DNS_init
                0x0000000008010058       0x20 ./Drivers/ioLibrary_Driver/Internet/DNS/dns.o
                0x0000000008010058                DNS_init
 .text.DNS_run  0x0000000008010078      0x114 ./Drivers/ioLibrary_Driver/Internet/DNS/dns.o
                0x0000000008010078                DNS_run
 .text.sendPacket
                0x000000000801018c       0x58 ./Drivers/ioLibrary_Driver/Internet/MQTT/MQTTClient.o
 .text.MQTTClientInit
                0x00000000080101e4       0x32 ./Drivers/ioLibrary_Driver/Internet/MQTT/MQTTClient.o
                0x00000000080101e4                MQTTClientInit
 .text.deliverMessage
                0x0000000008010216       0xa4 ./Drivers/ioLibrary_Driver/Internet/MQTT/MQTTClient.o
                0x0000000008010216                deliverMessage
 .text.keepalive
                0x00000000080102ba       0x4a ./Drivers/ioLibrary_Driver/Internet/MQTT/MQTTClient.o
                0x00000000080102ba                keepalive
 .text.cycle    0x0000000008010304      0x19c ./Drivers/ioLibrary_Driver/Internet/MQTT/MQTTClient.o
                0x0000000008010304                cycle
 .text.MQTTYield
                0x00000000080104a0       0x2a ./Drivers/ioLibrary_Driver/Internet/MQTT/MQTTClient.o
                0x00000000080104a0                MQTTYield
 .text.waitfor  0x00000000080104ca       0x26 ./Drivers/ioLibrary_Driver/Internet/MQTT/MQTTClient.o
                0x00000000080104ca                waitfor
 .text.MQTTConnect
                0x00000000080104f0       0x9c ./Drivers/ioLibrary_Driver/Internet/MQTT/MQTTClient.o
                0x00000000080104f0                MQTTConnect
 .text.MQTTSubscribe
                0x000000000801058c       0xcc ./Drivers/ioLibrary_Driver/Internet/MQTT/MQTTClient.o
                0x000000000801058c                MQTTSubscribe
 .text.w5x00_read
                0x0000000008010658       0x2c ./Drivers/ioLibrary_Driver/Internet/MQTT/mqtt_interface.o
                0x0000000008010658                w5x00_read
 .text.w5x00_disconnect
                0x0000000008010684        0x6 ./Drivers/ioLibrary_Driver/Internet/MQTT/mqtt_interface.o
                0x0000000008010684                w5x00_disconnect
 .text.w5x00_write
                0x000000000801068a       0x2e ./Drivers/ioLibrary_Driver/Internet/MQTT/mqtt_interface.o
                0x000000000801068a                w5x00_write
 .text.TimerInit
                0x00000000080106b8        0x6 ./Drivers/ioLibrary_Driver/Internet/MQTT/mqtt_interface.o
                0x00000000080106b8                TimerInit
 *fill*         0x00000000080106be        0x2 
 .text.TimerIsExpired
                0x00000000080106c0       0x10 ./Drivers/ioLibrary_Driver/Internet/MQTT/mqtt_interface.o
                0x00000000080106c0                TimerIsExpired
 .text.TimerCountdownMS
                0x00000000080106d0       0x10 ./Drivers/ioLibrary_Driver/Internet/MQTT/mqtt_interface.o
                0x00000000080106d0                TimerCountdownMS
 .text.TimerCountdown
                0x00000000080106e0       0x14 ./Drivers/ioLibrary_Driver/Internet/MQTT/mqtt_interface.o
                0x00000000080106e0                TimerCountdown
 .text.TimerLeftMS
                0x00000000080106f4       0x14 ./Drivers/ioLibrary_Driver/Internet/MQTT/mqtt_interface.o
                0x00000000080106f4                TimerLeftMS
 .text.NewNetwork
                0x0000000008010708       0x1c ./Drivers/ioLibrary_Driver/Internet/MQTT/mqtt_interface.o
                0x0000000008010708                NewNetwork
 .text.MQTTSerialize_connectLength
                0x0000000008010724       0x7c ./Drivers/ioLibrary_Driver/Internet/MQTT/MQTTPacket/src/MQTTConnectClient.o
                0x0000000008010724                MQTTSerialize_connectLength
 .text.MQTTSerialize_connect
                0x00000000080107a0      0x120 ./Drivers/ioLibrary_Driver/Internet/MQTT/MQTTPacket/src/MQTTConnectClient.o
                0x00000000080107a0                MQTTSerialize_connect
 .text.MQTTDeserialize_connack
                0x00000000080108c0       0x48 ./Drivers/ioLibrary_Driver/Internet/MQTT/MQTTPacket/src/MQTTConnectClient.o
                0x00000000080108c0                MQTTDeserialize_connack
 .text.MQTTSerialize_zero
                0x0000000008010908       0x32 ./Drivers/ioLibrary_Driver/Internet/MQTT/MQTTPacket/src/MQTTConnectClient.o
                0x0000000008010908                MQTTSerialize_zero
 .text.MQTTSerialize_pingreq
                0x000000000801093a        0x6 ./Drivers/ioLibrary_Driver/Internet/MQTT/MQTTPacket/src/MQTTConnectClient.o
                0x000000000801093a                MQTTSerialize_pingreq
 .text.MQTTDeserialize_publish
                0x0000000008010940       0x8a ./Drivers/ioLibrary_Driver/Internet/MQTT/MQTTPacket/src/MQTTDeserializePublish.o
                0x0000000008010940                MQTTDeserialize_publish
 .text.MQTTDeserialize_ack
                0x00000000080109ca       0x44 ./Drivers/ioLibrary_Driver/Internet/MQTT/MQTTPacket/src/MQTTDeserializePublish.o
                0x00000000080109ca                MQTTDeserialize_ack
 *fill*         0x0000000008010a0e        0x2 
 .text.bufchar  0x0000000008010a10       0x2c ./Drivers/ioLibrary_Driver/Internet/MQTT/MQTTPacket/src/MQTTPacket.o
                0x0000000008010a10                bufchar
 .text.MQTTPacket_encode
                0x0000000008010a3c       0x3a ./Drivers/ioLibrary_Driver/Internet/MQTT/MQTTPacket/src/MQTTPacket.o
                0x0000000008010a3c                MQTTPacket_encode
 .text.MQTTPacket_decode
                0x0000000008010a76       0x3c ./Drivers/ioLibrary_Driver/Internet/MQTT/MQTTPacket/src/MQTTPacket.o
                0x0000000008010a76                MQTTPacket_decode