Archive member included to satisfy reference by file (symbol)

c:/st/stm32cubeide_1.10.0/stm32cubeide/plugins/com.st.stm32cube.ide.mcu.externaltools.gnu-tools-for-stm32.10.3-2021.10.win32_1.0.100.202210260954/tools/bin/../lib/gcc/arm-none-eabi/10.3.1/../../../../arm-none-eabi/lib/thumb/v7e-m+fp/hard\libc_nano.a(lib_a-atoi.o)
                              ./Drivers/ioLibrary_Driver/Internet/FTPServer/ftpd.o (atoi)
c:/st/stm32cubeide_1.10.0/stm32cubeide/plugins/com.st.stm32cube.ide.mcu.externaltools.gnu-tools-for-stm32.10.3-2021.10.win32_1.0.100.202210260954/tools/bin/../lib/gcc/arm-none-eabi/10.3.1/../../../../arm-none-eabi/lib/thumb/v7e-m+fp/hard\libc_nano.a(lib_a-ctype_.o)
                              ./Drivers/ioLibrary_Driver/Internet/FTPServer/ftpd.o (_ctype_)
c:/st/stm32cubeide_1.10.0/stm32cubeide/plugins/com.st.stm32cube.ide.mcu.externaltools.gnu-tools-for-stm32.10.3-2021.10.win32_1.0.100.202210260954/tools/bin/../lib/gcc/arm-none-eabi/10.3.1/../../../../arm-none-eabi/lib/thumb/v7e-m+fp/hard\libc_nano.a(lib_a-errno.o)
                              ./Core/Src/syscalls.o (__errno)
c:/st/stm32cubeide_1.10.0/stm32cubeide/plugins/com.st.stm32cube.ide.mcu.externaltools.gnu-tools-for-stm32.10.3-2021.10.win32_1.0.100.202210260954/tools/bin/../lib/gcc/arm-none-eabi/10.3.1/../../../../arm-none-eabi/lib/thumb/v7e-m+fp/hard\libc_nano.a(lib_a-exit.o)
                              c:/st/stm32cubeide_1.10.0/stm32cubeide/plugins/com.st.stm32cube.ide.mcu.externaltools.gnu-tools-for-stm32.10.3-2021.10.win32_1.0.100.202210260954/tools/bin/../lib/gcc/arm-none-eabi/10.3.1/../../../../arm-none-eabi/lib/thumb/v7e-m+fp/hard/crt0.o (exit)
c:/st/stm32cubeide_1.10.0/stm32cubeide/plugins/com.st.stm32cube.ide.mcu.externaltools.gnu-tools-for-stm32.10.3-2021.10.win32_1.0.100.202210260954/tools/bin/../lib/gcc/arm-none-eabi/10.3.1/../../../../arm-none-eabi/lib/thumb/v7e-m+fp/hard\libc_nano.a(lib_a-impure.o)
                              c:/st/stm32cubeide_1.10.0/stm32cubeide/plugins/com.st.stm32cube.ide.mcu.externaltools.gnu-tools-for-stm32.10.3-2021.10.win32_1.0.100.202210260954/tools/bin/../lib/gcc/arm-none-eabi/10.3.1/../../../../arm-none-eabi/lib/thumb/v7e-m+fp/hard\libc_nano.a(lib_a-exit.o) (_global_impure_ptr)
c:/st/stm32cubeide_1.10.0/stm32cubeide/plugins/com.st.stm32cube.ide.mcu.externaltools.gnu-tools-for-stm32.10.3-2021.10.win32_1.0.100.202210260954/tools/bin/../lib/gcc/arm-none-eabi/10.3.1/../../../../arm-none-eabi/lib/thumb/v7e-m+fp/hard\libc_nano.a(lib_a-init.o)
                              c:/st/stm32cubeide_1.10.0/stm32cubeide/plugins/com.st.stm32cube.ide.mcu.externaltools.gnu-tools-for-stm32.10.3-2021.10.win32_1.0.100.202210260954/tools/bin/../lib/gcc/arm-none-eabi/10.3.1/../../../../arm-none-eabi/lib/thumb/v7e-m+fp/hard/crt0.o (__libc_init_array)
c:/st/stm32cubeide_1.10.0/stm32cubeide/plugins/com.st.stm32cube.ide.mcu.externaltools.gnu-tools-for-stm32.10.3-2021.10.win32_1.0.100.202210260954/tools/bin/../lib/gcc/arm-none-eabi/10.3.1/../../../../arm-none-eabi/lib/thumb/v7e-m+fp/hard\libc_nano.a(lib_a-malloc.o)
                              ./Drivers/ioLibrary_Driver/Internet/httpServer/httpServer.o (malloc)
c:/st/stm32cubeide_1.10.0/stm32cubeide/plugins/com.st.stm32cube.ide.mcu.externaltools.gnu-tools-for-stm32.10.3-2021.10.win32_1.0.100.202210260954/tools/bin/../lib/gcc/arm-none-eabi/10.3.1/../../../../arm-none-eabi/lib/thumb/v7e-m+fp/hard\libc_nano.a(lib_a-memcmp.o)
                              ./Drivers/ioLibrary_Driver/Internet/MQTT/MQTTPacket/src/MQTTConnectServer.o (memcmp)
c:/st/stm32cubeide_1.10.0/stm32cubeide/plugins/com.st.stm32cube.ide.mcu.externaltools.gnu-tools-for-stm32.10.3-2021.10.win32_1.0.100.202210260954/tools/bin/../lib/gcc/arm-none-eabi/10.3.1/../../../../arm-none-eabi/lib/thumb/v7e-m+fp/hard\libc_nano.a(lib_a-memcpy-stub.o)
                              ./Core/Src/main.o (memcpy)
c:/st/stm32cubeide_1.10.0/stm32cubeide/plugins/com.st.stm32cube.ide.mcu.externaltools.gnu-tools-for-stm32.10.3-2021.10.win32_1.0.100.202210260954/tools/bin/../lib/gcc/arm-none-eabi/10.3.1/../../../../arm-none-eabi/lib/thumb/v7e-m+fp/hard\libc_nano.a(lib_a-memset.o)
                              c:/st/stm32cubeide_1.10.0/stm32cubeide/plugins/com.st.stm32cube.ide.mcu.externaltools.gnu-tools-for-stm32.10.3-2021.10.win32_1.0.100.202210260954/tools/bin/../lib/gcc/arm-none-eabi/10.3.1/../../../../arm-none-eabi/lib/thumb/v7e-m+fp/hard/crt0.o (memset)
c:/st/stm32cubeide_1.10.0/stm32cubeide/plugins/com.st.stm32cube.ide.mcu.externaltools.gnu-tools-for-stm32.10.3-2021.10.win32_1.0.100.202210260954/tools/bin/../lib/gcc/arm-none-eabi/10.3.1/../../../../arm-none-eabi/lib/thumb/v7e-m+fp/hard\libc_nano.a(lib_a-nano-freer.o)
                              c:/st/stm32cubeide_1.10.0/stm32cubeide/plugins/com.st.stm32cube.ide.mcu.externaltools.gnu-tools-for-stm32.10.3-2021.10.win32_1.0.100.202210260954/tools/bin/../lib/gcc/arm-none-eabi/10.3.1/../../../../arm-none-eabi/lib/thumb/v7e-m+fp/hard\libc_nano.a(lib_a-malloc.o) (_free_r)
[...]
Memory Configuration

Name             Origin             Length             Attributes
RAM              0x0000000020000000 0x0000000000008000 xrw
FLASH            0x0000000008000000 0x0000000000020000 xr
*default*        0x0000000000000000 0xffffffffffffffff

Linker script and memory map

LOAD c:/st/stm32cubeide_1.10.0/stm32cubeide/plugins/com.st.stm32cube.ide.mcu.externaltools.gnu-tools-for-stm32.10.3-2021.10.win32_1.0.100.202210260954/tools/bin/../lib/gcc/arm-none-eabi/10.3.1/thumb/v7e-m+fp/hard/crti.o
LOAD c:/st/stm32cubeide_1.10.0/stm32cubeide/plugins/com.st.stm32cube.ide.mcu.externaltools.gnu-tools-for-stm32.10.3-2021.10.win32_1.0.100.202210260954/tools/bin/../lib/gcc/arm-none-eabi/10.3.1/thumb/v7e-m+fp/hard/crtbegin.o
LOAD c:/st/stm32cubeide_1.10.0/stm32cubeide/plugins/com.st.stm32cube.ide.mcu.externaltools.gnu-tools-for-stm32.10.3-2021.10.win32_1.0.100.202210260954/tools/bin/../lib/gcc/arm-none-eabi/10.3.1/../../../../arm-none-eabi/lib/thumb/v7e-m+fp/hard/crt0.o
LOAD ./Core/Src/gpio.o
LOAD ./Core/Src/main.o
LOAD ./Core/Src/serialCommand.o
LOAD ./Core/Src/spi.o
LOAD ./Core/Src/stm32g4xx_hal_msp.o
LOAD ./Core/Src/stm32g4xx_it.o
LOAD ./Core/Src/syscalls.o
LOAD ./Core/Src/sysmem.o
LOAD ./Core/Src/system_stm32g4xx.o
LOAD ./Core/Src/usart.o
LOAD ./Core/Startup/startup_stm32g431kbtx.o
LOAD ./Drivers/STM32G4xx_HAL_Driver/Src/stm32g4xx_hal.o
LOAD ./Drivers/STM32G4xx_HAL_Driver/Src/stm32g4xx_hal_cortex.o
LOAD ./Drivers/STM32G4xx_HAL_Driver/Src/stm32g4xx_hal_dma.o
LOAD ./Drivers/STM32G4xx_HAL_Driver/Src/stm32g4xx_hal_dma_ex.o
LOAD ./Drivers/STM32G4xx_HAL_Driver/Src/stm32g4xx_hal_exti.o
LOAD ./Drivers/STM32G4xx_HAL_Driver/Src/stm32g4xx_hal_flash.o
LOAD ./Drivers/STM32G4xx_HAL_Driver/Src/stm32g4xx_hal_flash_ex.o
LOAD ./Drivers/STM32G4xx_HAL_Driver/Src/stm32g4xx_hal_flash_ramfunc.o
LOAD ./Drivers/STM32G4xx_HAL_Driver/Src/stm32g4xx_hal_gpio.o
LOAD ./Drivers/STM32G4xx_HAL_Driver/Src/stm32g4xx_hal_pwr.o
LOAD ./Drivers/STM32G4xx_HAL_Driver/Src/stm32g4xx_hal_pwr_ex.o
LOAD ./Drivers/STM32G4xx_HAL_Driver/Src/stm32g4xx_hal_rcc.o
LOAD ./Drivers/STM32G4xx_HAL_Driver/Src/stm32g4xx_hal_rcc_ex.o
LOAD ./Drivers/STM32G4xx_HAL_Driver/Src/stm32g4xx_hal_spi.o
LOAD ./Drivers/STM32G4xx_HAL_Driver/Src/stm32g4xx_hal_spi_ex.o
LOAD ./Drivers/STM32G4xx_HAL_Driver/Src/stm32g4xx_hal_uart.o
LOAD ./Drivers/STM32G4xx_HAL_Driver/Src/stm32g4xx_hal_uart_ex.o
LOAD ./Drivers/ioLibrary_Driver/Application/loopback/loopback.o
LOAD ./Drivers/ioLibrary_Driver/Application/multicast/multicast.o
LOAD ./Drivers/ioLibrary_Driver/Ethernet/W5100/w5100.o
LOAD ./Drivers/ioLibrary_Driver/Ethernet/W5100S/w5100s.o
LOAD ./Drivers/ioLibrary_Driver/Ethernet/W5200/w5200.o
LOAD ./Drivers/ioLibrary_Driver/Ethernet/W5300/w5300.o
LOAD ./Drivers/ioLibrary_Driver/Ethernet/W5500/w5500.o
LOAD ./Drivers/ioLibrary_Driver/Ethernet/socket.o
LOAD ./Drivers/ioLibrary_Driver/Ethernet/wizchip_conf.o
LOAD ./Drivers/ioLibrary_Driver/Internet/DHCP/dhcp.o
LOAD ./Drivers/ioLibrary_Driver/Internet/DNS/dns.o
LOAD ./Drivers/ioLibrary_Driver/Internet/FTPClient/ftpc.o
LOAD ./Drivers/ioLibrary_Driver/Internet/FTPServer/ftpd.o
LOAD ./Drivers/ioLibrary_Driver/Internet/MQTT/MQTTClient.o
LOAD ./Drivers/ioLibrary_Driver/Internet/MQTT/mqtt_interface.o
LOAD ./Drivers/ioLibrary_Driver/Internet/MQTT/MQTTPacket/src/MQTTConnectClient.o
LOAD ./Drivers/ioLibrary_Driver/Internet/MQTT/MQTTPacket/src/MQTTConnectServer.o
LOAD ./Drivers/ioLibrary_Driver/Internet/MQTT/MQTTPacket/src/MQTTDeserializePublish.o
LOAD ./Drivers/ioLibrary_Driver/Internet/MQTT/MQTTPacket/src/MQTTFormat.o
LOAD ./Drivers/ioLibrary_Driver/Internet/MQTT/MQTTPacket/src/MQTTPacket.o
LOAD ./Drivers/ioLibrary_Driver/Internet/MQTT/MQTTPacket/src/MQTTSerializePublish.o
LOAD ./Drivers/ioLibrary_Driver/Internet/MQTT/MQTTPacket/src/MQTTSubscribeClient.o
LOAD ./Drivers/ioLibrary_Driver/Internet/MQTT/MQTTPacket/src/MQTTSubscribeServer.o
LOAD ./Drivers/ioLibrary_Driver/Internet/MQTT/MQTTPacket/src/MQTTUnsubscribeClient.o
LOAD ./Drivers/ioLibrary_Driver/Internet/MQTT/MQTTPacket/src/MQTTUnsubscribeServer.o
LOAD ./Drivers/ioLibrary_Driver/Internet/SNMP/snmp.o
LOAD ./Drivers/ioLibrary_Driver/Internet/SNMP/snmp_custom.o
LOAD ./Drivers/ioLibrary_Driver/Internet/SNTP/sntp.o
LOAD ./Drivers/ioLibrary_Driver/Internet/TFTP/netutil.o
LOAD ./Drivers/ioLibrary_Driver/Internet/TFTP/tftp.o
LOAD ./Drivers/ioLibrary_Driver/Internet/httpServer/httpParser.o
LOAD ./Drivers/ioLibrary_Driver/Internet/httpServer/httpServer.o
LOAD ./Drivers/ioLibrary_Driver/Internet/httpServer/httpUtil.o
LOAD ./W5500/W5500Interface.o
START GROUP
LOAD c:/st/stm32cubeide_1.10.0/stm32cubeide/plugins/com.st.stm32cube.ide.mcu.externaltools.gnu-tools-for-stm32.10.3-2021.10.win32_1.0.100.202210260954/tools/bin/../lib/gcc/arm-none-eabi/10.3.1/../../../../arm-none-eabi/lib/thumb/v7e-m+fp/hard\libstdc++_nano.a
LOAD c:/st/stm32cubeide_1.10.0/stm32cubeide/plugins/com.st.stm32cube.ide.mcu.externaltools.gnu-tools-for-stm32.10.3-2021.10.win32_1.0.100.202210260954/tools/bin/../lib/gcc/arm-none-eabi/10.3.1/../../../../arm-none-eabi/lib/thumb/v7e-m+fp/hard\libsupc++_nano.a
END GROUP
LOAD c:/st/stm32cubeide_1.10.0/stm32cubeide/plugins/com.st.stm32cube.ide.mcu.externaltools.gnu-tools-for-stm32.10.3-2021.10.win32_1.0.100.202210260954/tools/bin/../lib/gcc/arm-none-eabi/10.3.1/../../../../arm-none-eabi/lib/thumb/v7e-m+fp/hard\libstdc++_nano.a
LOAD c:/st/stm32cubeide_1.10.0/stm32cubeide/plugins/com.st.stm32cube.ide.mcu.externaltools.gnu-tools-for-stm32.10.3-2021.10.win32_1.0.100.202210260954/tools/bin/../lib/gcc/arm-none-eabi/10.3.1/../../../../arm-none-eabi/lib/thumb/v7e-m+fp/hard\libm.a
LOAD c:/st/stm32cubeide_1.10.0/stm32cubeide/plugins/com.st.stm32cube.ide.mcu.externaltools.gnu-tools-for-stm32.10.3-2021.10.win32_1.0.100.202210260954/tools/bin/../lib/gcc/arm-none-eabi/10.3.1/../../../../arm-none-eabi/lib/thumb/v7e-m+fp/hard\libc_nano.a
START GROUP
LOAD c:/st/stm32cubeide_1.10.0/stm32cubeide/plugins/com.st.stm32cube.ide.mcu.externaltools.gnu-tools-for-stm32.10.3-2021.10.win32_1.0.100.202210260954/tools/bin/../lib/gcc/arm-none-eabi/10.3.1/thumb/v7e-m+fp/hard\libgcc.a
LOAD c:/st/stm32cubeide_1.10.0/stm32cubeide/plugins/com.st.stm32cube.ide.mcu.externaltools.gnu-tools-for-stm32.10.3-2021.10.win32_1.0.100.202210260954/tools/bin/../lib/gcc/arm-none-eabi/10.3.1/../../../../arm-none-eabi/lib/thumb/v7e-m+fp/hard\libc_nano.a
END GROUP
START GROUP
LOAD c:/st/stm32cubeide_1.10.0/stm32cubeide/plugins/com.st.stm32cube.ide.mcu.externaltools.gnu-tools-for-stm32.10.3-2021.10.win32_1.0.100.202210260954/tools/bin/../lib/gcc/arm-none-eabi/10.3.1/thumb/v7e-m+fp/hard\libgcc.a
LOAD c:/st/stm32cubeide_1.10.0/stm32cubeide/plugins/com.st.stm32cube.ide.mcu.externaltools.gnu-tools-for-stm32.10.3-2021.10.win32_1.0.100.202210260954/tools/bin/../lib/gcc/arm-none-eabi/10.3.1/../../../../arm-none-eabi/lib/thumb/v7e-m+fp/hard\libc_nano.a
LOAD c:/st/stm32cubeide_1.10.0/stm32cubeide/plugins/com.st.stm32cube.ide.mcu.externaltools.gnu-tools-for-stm32.10.3-2021.10.win32_1.0.100.202210260954/tools/bin/../lib/gcc/arm-none-eabi/10.3.1/../../../../arm-none-eabi/lib/thumb/v7e-m+fp/hard\libnosys.a
END GROUP
START GROUP
LOAD c:/st/stm32cubeide_1.10.0/stm32cubeide/plugins/com.st.stm32cube.ide.mcu.externaltools.gnu-tools-for-stm32.10.3-2021.10.win32_1.0.100.202210260954/tools/bin/../lib/gcc/arm-none-eabi/10.3.1/thumb/v7e-m+fp/hard\libgcc.a
LOAD c:/st/stm32cubeide_1.10.0/stm32cubeide/plugins/com.st.stm32cube.ide.mcu.externaltools.gnu-tools-for-stm32.10.3-2021.10.win32_1.0.100.202210260954/tools/bin/../lib/gcc/arm-none-eabi/10.3.1/../../../../arm-none-eabi/lib/thumb/v7e-m+fp/hard\libc_nano.a
LOAD c:/st/stm32cubeide_1.10.0/stm32cubeide/plugins/com.st.stm32cube.ide.mcu.externaltools.gnu-tools-for-stm32.10.3-2021.10.win32_1.0.100.202210260954/tools/bin/../lib/gcc/arm-none-eabi/10.3.1/../../../../arm-none-eabi/lib/thumb/v7e-m+fp/hard\libnosys.a
END GROUP
LOAD c:/st/stm32cubeide_1.10.0/stm32cubeide/plugins/com.st.stm32cube.ide.mcu.externaltools.gnu-tools-for-stm32.10.3-2021.10.win32_1.0.100.202210260954/tools/bin/../lib/gcc/arm-none-eabi/10.3.1/thumb/v7e-m+fp/hard/crtend.o
LOAD c:/st/stm32cubeide_1.10.0/stm32cubeide/plugins/com.st.stm32cube.ide.mcu.externaltools.gnu-tools-for-stm32.10.3-2021.10.win32_1.0.100.202210260954/tools/bin/../lib/gcc/arm-none-eabi/10.3.1/thumb/v7e-m+fp/hard/crtn.o
                0x0000000020008000                _estack = (ORIGIN (RAM) + LENGTH (RAM))
                0x0000000000000200                _Min_Heap_Size = 0x200
                0x0000000000000400                _Min_Stack_Size = 0x400

.isr_vector     0x0000000008000000      0x1d8
                0x0000000008000000                . = ALIGN (0x4)
 *(.isr_vector)
 .isr_vector    0x0000000008000000      0x1d8 ./Core/Startup/startup_stm32g431kbtx.o
                0x0000000008000000                g_pfnVectors
                0x00000000080001d8                . = ALIGN (0x4)

.text           0x00000000080001e0     0xace4
                0x00000000080001e0                . = ALIGN (0x4)
 *(.text)
 .text          0x00000000080001e0       0x40 c:/st/stm32cubeide_1.10.0/stm32cubeide/plugins/com.st.stm32cube.ide.mcu.externaltools.gnu-tools-for-stm32.10.3-2021.10.win32_1.0.100.202210260954/tools/bin/../lib/gcc/arm-none-eabi/10.3.1/thumb/v7e-m+fp/hard/crtbegin.o
 .text          0x0000000008000220       0x10 c:/st/stm32cubeide_1.10.0/stm32cubeide/plugins/com.st.stm32cube.ide.mcu.externaltools.gnu-tools-for-stm32.10.3-2021.10.win32_1.0.100.202210260954/tools/bin/../lib/gcc/arm-none-eabi/10.3.1/../../../../arm-none-eabi/lib/thumb/v7e-m+fp/hard\libc_nano.a(lib_a-strlen.o)
                0x0000000008000220                strlen
 .text          0x0000000008000230       0xa0 c:/st/stm32cubeide_1.10.0/stm32cubeide/plugins/com.st.stm32cube.ide.mcu.externaltools.gnu-tools-for-stm32.10.3-2021.10.win32_1.0.100.202210260954/tools/bin/../lib/gcc/arm-none-eabi/10.3.1/../../../../arm-none-eabi/lib/thumb/v7e-m+fp/hard\libc_nano.a(lib_a-memchr.o)
                0x0000000008000230                memchr
 .text          0x00000000080002d0       0x30 c:/st/stm32cubeide_1.10.0/stm32cubeide/plugins/com.st.stm32cube.ide.mcu.externaltools.gnu-tools-for-stm32.10.3-2021.10.win32_1.0.100.202210260954/tools/bin/../lib/gcc/arm-none-eabi/10.3.1/thumb/v7e-m+fp/hard\libgcc.a(_aeabi_uldivmod.o)
                0x00000000080002d0                __aeabi_uldivmod
 .text          0x0000000008000300      0x2d0 c:/st/stm32cubeide_1.10.0/stm32cubeide/plugins/com.st.stm32cube.ide.mcu.externaltools.gnu-tools-for-stm32.10.3-2021.10.win32_1.0.100.202210260954/tools/bin/../lib/gcc/arm-none-eabi/10.3.1/thumb/v7e-m+fp/hard\libgcc.a(_udivmoddi4.o)
                0x0000000008000300                __udivmoddi4
 .text          0x00000000080005d0        0x4 c:/st/stm32cubeide_1.10.0/stm32cubeide/plugins/com.st.stm32cube.ide.mcu.externaltools.gnu-tools-for-stm32.10.3-2021.10.win32_1.0.100.202210260954/tools/bin/../lib/gcc/arm-none-eabi/10.3.1/thumb/v7e-m+fp/hard\libgcc.a(_dvmd_tls.o)
                0x00000000080005d0                __aeabi_idiv0
                0x00000000080005d0                __aeabi_ldiv0
 *(.text*)
 .text.MX_GPIO_Init
                0x00000000080005d4       0xa8 ./Core/Src/gpio.o
                0x00000000080005d4                MX_GPIO_Init
 .text.messageArrived
                0x000000000800067c       0x98 ./Core/Src/main.o
                0x000000000800067c                messageArrived
 .text.main     0x0000000008000714      0x218 ./Core/Src/main.o
                0x0000000008000714                main
 .text.SystemClock_Config
                0x000000000800092c       0x80 ./Core/Src/main.o
                0x000000000800092c                SystemClock_Config
 .text.print_network_information
                0x00000000080009ac       0xe8 ./Core/Src/main.o
                0x00000000080009ac                print_network_information
 .text.process_dhcp
                0x0000000008000a94       0x60 ./Core/Src/main.o
                0x0000000008000a94                process_dhcp
 .text.Error_Handler
                0x0000000008000af4        0xa ./Core/Src/main.o
                0x0000000008000af4                Error_Handler
 *fill*         0x0000000008000afe        0x2 
 .text._write   0x0000000008000b00       0x28 ./Core/Src/serialCommand.o
                0x0000000008000b00                _write
 .text.MX_SPI1_Init
                0x0000000008000b28       0x7c ./Core/Src/spi.o
                0x0000000008000b28                MX_SPI1_Init
 .text.HAL_SPI_MspInit
                0x0000000008000ba4       0x84 ./Core/Src/spi.o
                0x0000000008000ba4                HAL_SPI_MspInit
 .text.HAL_MspInit
                0x0000000008000c28       0x48 ./Core/Src/stm32g4xx_hal_msp.o
                0x0000000008000c28                HAL_MspInit
 .text.NMI_Handler
                0x0000000008000c70        0x6 ./Core/Src/stm32g4xx_it.o
                0x0000000008000c70                NMI_Handler
 .text.HardFault_Handler
                0x0000000008000c76        0x6 ./Core/Src/stm32g4xx_it.o
                0x0000000008000c76                HardFault_Handler
 .text.MemManage_Handler
                0x0000000008000c7c        0x6 ./Core/Src/stm32g4xx_it.o
                0x0000000008000c7c                MemManage_Handler
 .text.BusFault_Handler
                0x0000000008000c82        0x6 ./Core/Src/stm32g4xx_it.o
                0x0000000008000c82                BusFault_Handler
 .text.UsageFault_Handler
                0x0000000008000c88        0x6 ./Core/Src/stm32g4xx_it.o
                0x0000000008000c88                UsageFault_Handler
 .text.SVC_Handler
                0x0000000008000c8e        0xe ./Core/Src/stm32g4xx_it.o
                0x0000000008000c8e                SVC_Handler
 .text.DebugMon_Handler
                0x0000000008000c9c        0xe ./Core/Src/stm32g4xx_it.o
                0x0000000008000c9c                DebugMon_Handler
 .text.PendSV_Handler
                0x0000000008000caa        0xe ./Core/Src/stm32g4xx_it.o
                0x0000000008000caa                PendSV_Handler
 .text.SysTick_Handler
                0x0000000008000cb8        0xc ./Core/Src/stm32g4xx_it.o
                0x0000000008000cb8                SysTick_Handler
 .text._read    0x0000000008000cc4       0x3a ./Core/Src/syscalls.o
                0x0000000008000cc4                _read
 .text._close   0x0000000008000cfe       0x18 ./Core/Src/syscalls.o
                0x0000000008000cfe                _close
 .text._fstat   0x0000000008000d16       0x20 ./Core/Src/syscalls.o
                0x0000000008000d16                _fstat
 .text._isatty  0x0000000008000d36       0x16 ./Core/Src/syscalls.o
                0x0000000008000d36                _isatty
 .text._lseek   0x0000000008000d4c       0x1a ./Core/Src/syscalls.o
                0x0000000008000d4c                _lseek
 *fill*         0x0000000008000d66        0x2 
 .text._sbrk    0x0000000008000d68       0x6c ./Core/Src/sysmem.o
                0x0000000008000d68                _sbrk
 .text.SystemInit
                0x0000000008000dd4       0x24 ./Core/Src/system_stm32g4xx.o
                0x0000000008000dd4                SystemInit
 .text.MX_USART2_UART_Init
                0x0000000008000df8       0x98 ./Core/Src/usart.o
                0x0000000008000df8                MX_USART2_UART_Init
 .text.HAL_UART_MspInit
                0x0000000008000e90       0xb0 ./Core/Src/usart.o
                0x0000000008000e90                HAL_UART_MspInit
 .text.Reset_Handler
                0x0000000008000f40       0x50 ./Core/Startup/startup_stm32g431kbtx.o
                0x0000000008000f40                Reset_Handler
 .text.Default_Handler
                0x0000000008000f90        0x2 ./Core/Startup/startup_stm32g431kbtx.o
                0x0000000008000f90                RTC_Alarm_IRQHandler
                0x0000000008000f90                EXTI2_IRQHandler
                0x0000000008000f90                TIM8_TRG_COM_IRQHandler
                0x0000000008000f90                TIM8_CC_IRQHandler
                0x0000000008000f90                TIM1_CC_IRQHandler
                0x0000000008000f90                USB_HP_IRQHandler
                0x0000000008000f90                CORDIC_IRQHandler
                0x0000000008000f90                EXTI3_IRQHandler
                0x0000000008000f90                I2C3_ER_IRQHandler
                0x0000000008000f90                EXTI0_IRQHandler
                0x0000000008000f90                I2C2_EV_IRQHandler
                0x0000000008000f90                FPU_IRQHandler
                0x0000000008000f90                FDCAN1_IT1_IRQHandler
                0x0000000008000f90                TIM1_UP_TIM16_IRQHandler
                0x0000000008000f90                ADC1_2_IRQHandler
                0x0000000008000f90                SPI1_IRQHandler
                0x0000000008000f90                TIM6_DAC_IRQHandler
                0x0000000008000f90                TIM8_UP_IRQHandler
                0x0000000008000f90                DMA2_Channel2_IRQHandler
                0x0000000008000f90                DMA1_Channel4_IRQHandler
                0x0000000008000f90                USART3_IRQHandler
                0x0000000008000f90                TIM4_IRQHandler
                0x0000000008000f90                DMA2_Channel1_IRQHandler
                0x0000000008000f90                I2C1_EV_IRQHandler
                0x0000000008000f90                DMA1_Channel6_IRQHandler
                0x0000000008000f90                UART4_IRQHandler
                0x0000000008000f90                DMA2_Channel4_IRQHandler
                0x0000000008000f90                TIM3_IRQHandler
                0x0000000008000f90                RCC_IRQHandler
                0x0000000008000f90                DMA1_Channel1_IRQHandler
                0x0000000008000f90                Default_Handler
                0x0000000008000f90                RTC_TAMP_LSECSS_IRQHandler
                0x0000000008000f90                FMAC_IRQHandler
                0x0000000008000f90                EXTI15_10_IRQHandler
                0x0000000008000f90                TIM7_IRQHandler
                0x0000000008000f90                UCPD1_IRQHandler
                0x0000000008000f90                I2C3_EV_IRQHandler
                0x0000000008000f90                EXTI9_5_IRQHandler
                0x0000000008000f90                RTC_WKUP_IRQHandler
                0x0000000008000f90                PVD_PVM_IRQHandler
                0x0000000008000f90                SPI2_IRQHandler
                0x0000000008000f90                DMA2_Channel5_IRQHandler
                0x0000000008000f90                CRS_IRQHandler
                0x0000000008000f90                DMA1_Channel5_IRQHandler
                0x0000000008000f90                USB_LP_IRQHandler
                0x0000000008000f90                EXTI4_IRQHandler
                0x0000000008000f90                RNG_IRQHandler
                0x0000000008000f90                TIM1_TRG_COM_TIM17_IRQHandler
                0x0000000008000f90                DMA1_Channel3_IRQHandler
                0x0000000008000f90                WWDG_IRQHandler
                0x0000000008000f90                LPUART1_IRQHandler
                0x0000000008000f90                DMA2_Channel6_IRQHandler
                0x0000000008000f90                FDCAN1_IT0_IRQHandler
                0x0000000008000f90                TIM2_IRQHandler
                0x0000000008000f90                COMP1_2_3_IRQHandler
                0x0000000008000f90                EXTI1_IRQHandler
                0x0000000008000f90                USART2_IRQHandler
                0x0000000008000f90                I2C2_ER_IRQHandler
                0x0000000008000f90                DMA1_Channel2_IRQHandler
                0x0000000008000f90                TIM8_BRK_IRQHandler
                0x0000000008000f90                FLASH_IRQHandler
                0x0000000008000f90                USART1_IRQHandler
                0x0000000008000f90                SPI3_IRQHandler
                0x0000000008000f90                I2C1_ER_IRQHandler
                0x0000000008000f90                LPTIM1_IRQHandler
                0x0000000008000f90                DMAMUX_OVR_IRQHandler
                0x0000000008000f90                USBWakeUp_IRQHandler
                0x0000000008000f90                SAI1_IRQHandler
                0x0000000008000f90                DMA2_Channel3_IRQHandler
                0x0000000008000f90                COMP4_IRQHandler
                0x0000000008000f90                TIM1_BRK_TIM15_IRQHandler
 .text.HAL_Init
                0x0000000008000f92       0x30 ./Drivers/STM32G4xx_HAL_Driver/Src/stm32g4xx_hal.o
                0x0000000008000f92                HAL_Init
 *fill*         0x0000000008000fc2        0x2 
 .text.HAL_InitTick
                0x0000000008000fc4       0x74 ./Drivers/STM32G4xx_HAL_Driver/Src/stm32g4xx_hal.o
                0x0000000008000fc4                HAL_InitTick
 .text.HAL_IncTick
                0x0000000008001038       0x24 ./Drivers/STM32G4xx_HAL_Driver/Src/stm32g4xx_hal.o
                0x0000000008001038                HAL_IncTick
 .text.HAL_GetTick
                0x000000000800105c       0x18 ./Drivers/STM32G4xx_HAL_Driver/Src/stm32g4xx_hal.o
                0x000000000800105c                HAL_GetTick
 .text.HAL_Delay
                0x0000000008001074       0x44 ./Drivers/STM32G4xx_HAL_Driver/Src/stm32g4xx_hal.o
                0x0000000008001074                HAL_Delay
 .text.__NVIC_SetPriorityGrouping
                0x00000000080010b8       0x48 ./Drivers/STM32G4xx_HAL_Driver/Src/stm32g4xx_hal_cortex.o
 .text.__NVIC_GetPriorityGrouping
                0x0000000008001100       0x1c ./Drivers/STM32G4xx_HAL_Driver/Src/stm32g4xx_hal_cortex.o
 .text.__NVIC_SetPriority
                0x000000000800111c       0x54 ./Drivers/STM32G4xx_HAL_Driver/Src/stm32g4xx_hal_cortex.o
 .text.NVIC_EncodePriority
                0x0000000008001170       0x66 ./Drivers/STM32G4xx_HAL_Driver/Src/stm32g4xx_hal_cortex.o
 *fill*         0x00000000080011d6        0x2 
 .text.SysTick_Config
                0x00000000080011d8       0x44 ./Drivers/STM32G4xx_HAL_Driver/Src/stm32g4xx_hal_cortex.o
 .text.HAL_NVIC_SetPriorityGrouping
                0x000000000800121c       0x16 ./Drivers/STM32G4xx_HAL_Driver/Src/stm32g4xx_hal_cortex.o
                0x000000000800121c                HAL_NVIC_SetPriorityGrouping
 .text.HAL_NVIC_SetPriority
                0x0000000008001232       0x34 ./Drivers/STM32G4xx_HAL_Driver/Src/stm32g4xx_hal_cortex.o
                0x0000000008001232                HAL_NVIC_SetPriority
 .text.HAL_SYSTICK_Config
                0x0000000008001266       0x18 ./Drivers/STM32G4xx_HAL_Driver/Src/stm32g4xx_hal_cortex.o
                0x0000000008001266                HAL_SYSTICK_Config
 *fill*         0x000000000800127e        0x2 
 .text.HAL_GPIO_Init
                0x0000000008001280      0x304 ./Drivers/STM32G4xx_HAL_Driver/Src/stm32g4xx_hal_gpio.o
                0x0000000008001280                HAL_GPIO_Init
 .text.HAL_GPIO_WritePin
                0x0000000008001584       0x30 ./Drivers/STM32G4xx_HAL_Driver/Src/stm32g4xx_hal_gpio.o
                0x0000000008001584                HAL_GPIO_WritePin
 .text.HAL_PWREx_ControlVoltageScaling
                0x00000000080015b4      0x148 ./Drivers/STM32G4xx_HAL_Driver/Src/stm32g4xx_hal_pwr_ex.o
                0x00000000080015b4                HAL_PWREx_ControlVoltageScaling
 .text.HAL_RCC_OscConfig
                0x00000000080016fc      0x630 ./Drivers/STM32G4xx_HAL_Driver/Src/stm32g4xx_hal_rcc.o
                0x00000000080016fc                HAL_RCC_OscConfig
 .text.HAL_RCC_ClockConfig
                0x0000000008001d2c      0x278 ./Drivers/STM32G4xx_HAL_Driver/Src/stm32g4xx_hal_rcc.o
                0x0000000008001d2c                HAL_RCC_ClockConfig
 .text.HAL_RCC_GetSysClockFreq
                0x0000000008001fa4       0xc4 ./Drivers/STM32G4xx_HAL_Driver/Src/stm32g4xx_hal_rcc.o
                0x0000000008001fa4                HAL_RCC_GetSysClockFreq
 .text.HAL_RCC_GetHCLKFreq
                0x0000000008002068       0x18 ./Drivers/STM32G4xx_HAL_Driver/Src/stm32g4xx_hal_rcc.o
                0x0000000008002068                HAL_RCC_GetHCLKFreq
 .text.HAL_RCC_GetPCLK1Freq
                0x0000000008002080       0x2c ./Drivers/STM32G4xx_HAL_Driver/Src/stm32g4xx_hal_rcc.o
                0x0000000008002080                HAL_RCC_GetPCLK1Freq
 .text.HAL_RCC_GetPCLK2Freq
                0x00000000080020ac       0x2c ./Drivers/STM32G4xx_HAL_Driver/Src/stm32g4xx_hal_rcc.o
                0x00000000080020ac                HAL_RCC_GetPCLK2Freq
 .text.RCC_GetSysClockFreqFromPLLSource
                0x00000000080020d8       0x8c ./Drivers/STM32G4xx_HAL_Driver/Src/stm32g4xx_hal_rcc.o
 .text.HAL_RCCEx_PeriphCLKConfig
                0x0000000008002164      0x3e0 ./Drivers/STM32G4xx_HAL_Driver/Src/stm32g4xx_hal_rcc_ex.o
                0x0000000008002164                HAL_RCCEx_PeriphCLKConfig
 .text.HAL_SPI_Init
                0x0000000008002544      0x156 ./Drivers/STM32G4xx_HAL_Driver/Src/stm32g4xx_hal_spi.o
                0x0000000008002544                HAL_SPI_Init
 .text.HAL_SPI_Transmit
                0x000000000800269a      0x2dc ./Drivers/STM32G4xx_HAL_Driver/Src/stm32g4xx_hal_spi.o
                0x000000000800269a                HAL_SPI_Transmit
 .text.HAL_SPI_Receive
                0x0000000008002976      0x260 ./Drivers/STM32G4xx_HAL_Driver/Src/stm32g4xx_hal_spi.o
                0x0000000008002976                HAL_SPI_Receive
 .text.HAL_SPI_TransmitReceive
                0x0000000008002bd6      0x426 ./Drivers/STM32G4xx_HAL_Driver/Src/stm32g4xx_hal_spi.o
                0x0000000008002bd6                HAL_SPI_TransmitReceive
 .text.SPI_WaitFlagStateUntilTimeout
                0x0000000008002ffc      0x110 ./Drivers/STM32G4xx_HAL_Driver/Src/stm32g4xx_hal_spi.o
 .text.SPI_WaitFifoStateUntilTimeout
                0x000000000800310c      0x12c ./Drivers/STM32G4xx_HAL_Driver/Src/stm32g4xx_hal_spi.o
 .text.SPI_EndRxTransaction
                0x0000000008003238       0xb0 ./Drivers/STM32G4xx_HAL_Driver/Src/stm32g4xx_hal_spi.o
 .text.SPI_EndRxTxTransaction
                0x00000000080032e8       0x8c ./Drivers/STM32G4xx_HAL_Driver/Src/stm32g4xx_hal_spi.o
 .text.HAL_UART_Init
                0x0000000008003374       0xa0 ./Drivers/STM32G4xx_HAL_Driver/Src/stm32g4xx_hal_uart.o
                0x0000000008003374                HAL_UART_Init
 .text.HAL_UART_Transmit
                0x0000000008003414      0x12c ./Drivers/STM32G4xx_HAL_Driver/Src/stm32g4xx_hal_uart.o
                0x0000000008003414                HAL_UART_Transmit
 .text.UART_SetConfig
                0x0000000008003540      0x598 ./Drivers/STM32G4xx_HAL_Driver/Src/stm32g4xx_hal_uart.o
                0x0000000008003540                UART_SetConfig
 .text.UART_AdvFeatureConfig
                0x0000000008003ad8      0x144 ./Drivers/STM32G4xx_HAL_Driver/Src/stm32g4xx_hal_uart.o
                0x0000000008003ad8                UART_AdvFeatureConfig
 .text.UART_CheckIdleState
                0x0000000008003c1c       0x96 ./Drivers/STM32G4xx_HAL_Driver/Src/stm32g4xx_hal_uart.o
                0x0000000008003c1c                UART_CheckIdleState
 .text.UART_WaitOnFlagUntilTimeout
                0x0000000008003cb2      0x190 ./Drivers/STM32G4xx_HAL_Driver/Src/stm32g4xx_hal_uart.o
                0x0000000008003cb2                UART_WaitOnFlagUntilTimeout
 .text.HAL_UARTEx_DisableFifoMode
                0x0000000008003e42       0x72 ./Drivers/STM32G4xx_HAL_Driver/Src/stm32g4xx_hal_uart_ex.o
                0x0000000008003e42                HAL_UARTEx_DisableFifoMode
 .text.HAL_UARTEx_SetTxFifoThreshold
                0x0000000008003eb4       0x7c ./Drivers/STM32G4xx_HAL_Driver/Src/stm32g4xx_hal_uart_ex.o
                0x0000000008003eb4                HAL_UARTEx_SetTxFifoThreshold
 .text.HAL_UARTEx_SetRxFifoThreshold
                0x0000000008003f30       0x7c ./Drivers/STM32G4xx_HAL_Driver/Src/stm32g4xx_hal_uart_ex.o
                0x0000000008003f30                HAL_UARTEx_SetRxFifoThreshold
 .text.UARTEx_SetNbDataToProcess
                0x0000000008003fac       0x9c ./Drivers/STM32G4xx_HAL_Driver/Src/stm32g4xx_hal_uart_ex.o
 .text.WIZCHIP_READ
                0x0000000008004048       0x98 ./Drivers/ioLibrary_Driver/Ethernet/W5500/w5500.o
                0x0000000008004048                WIZCHIP_READ
 .text.WIZCHIP_WRITE
                0x00000000080040e0       0x9c ./Drivers/ioLibrary_Driver/Ethernet/W5500/w5500.o
                0x00000000080040e0                WIZCHIP_WRITE
 .text.WIZCHIP_READ_BUF
                0x000000000800417c       0xc0 ./Drivers/ioLibrary_Driver/Ethernet/W5500/w5500.o
                0x000000000800417c                WIZCHIP_READ_BUF
 .text.WIZCHIP_WRITE_BUF
                0x000000000800423c       0xc0 ./Drivers/ioLibrary_Driver/Ethernet/W5500/w5500.o
                0x000000000800423c                WIZCHIP_WRITE_BUF
 .text.getSn_TX_FSR
                0x00000000080042fc       0x96 ./Drivers/ioLibrary_Driver/Ethernet/W5500/w5500.o
                0x00000000080042fc                getSn_TX_FSR
 .text.getSn_RX_RSR
                0x0000000008004392       0x96 ./Drivers/ioLibrary_Driver/Ethernet/W5500/w5500.o
                0x0000000008004392                getSn_RX_RSR
 .text.wiz_send_data
                0x0000000008004428       0xb8 ./Drivers/ioLibrary_Driver/Ethernet/W5500/w5500.o
                0x0000000008004428                wiz_send_data
 .text.wiz_recv_data
                0x00000000080044e0       0xb8 ./Drivers/ioLibrary_Driver/Ethernet/W5500/w5500.o
                0x00000000080044e0                wiz_recv_data
 .text.wiz_recv_ignore
                0x0000000008004598       0x90 ./Drivers/ioLibrary_Driver/Ethernet/W5500/w5500.o
                0x0000000008004598                wiz_recv_ignore
 .text.socket   0x0000000008004628      0x22c ./Drivers/ioLibrary_Driver/Ethernet/socket.o
                0x0000000008004628                socket
 .text.close    0x0000000008004854       0xdc ./Drivers/ioLibrary_Driver/Ethernet/socket.o
                0x0000000008004854                close
 .text.connect  0x0000000008004930      0x1b8 ./Drivers/ioLibrary_Driver/Ethernet/socket.o
                0x0000000008004930                connect
 .text.disconnect
                0x0000000008004ae8       0xec ./Drivers/ioLibrary_Driver/Ethernet/socket.o
                0x0000000008004ae8                disconnect
 .text.send     0x0000000008004bd4      0x1f4 ./Drivers/ioLibrary_Driver/Ethernet/socket.o
                0x0000000008004bd4                send
 .text.recv     0x0000000008004dc8      0x16c ./Drivers/ioLibrary_Driver/Ethernet/socket.o
                0x0000000008004dc8                recv
 .text.sendto   0x0000000008004f34      0x26c ./Drivers/ioLibrary_Driver/Ethernet/socket.o
                0x0000000008004f34                sendto
 .text.recvfrom
                0x00000000080051a0      0x3dc ./Drivers/ioLibrary_Driver/Ethernet/socket.o
                0x00000000080051a0                recvfrom
 .text.wizchip_cris_enter
                0x000000000800557c        0xe ./Drivers/ioLibrary_Driver/Ethernet/wizchip_conf.o
                0x000000000800557c                wizchip_cris_enter
 .text.wizchip_cris_exit
                0x000000000800558a        0xe ./Drivers/ioLibrary_Driver/Ethernet/wizchip_conf.o
                0x000000000800558a                wizchip_cris_exit
 .text.wizchip_cs_select
                0x0000000008005598        0xe ./Drivers/ioLibrary_Driver/Ethernet/wizchip_conf.o
                0x0000000008005598                wizchip_cs_select
 .text.wizchip_cs_deselect
                0x00000000080055a6        0xe ./Drivers/ioLibrary_Driver/Ethernet/wizchip_conf.o
                0x00000000080055a6                wizchip_cs_deselect
 .text.wizchip_bus_readdata
                0x00000000080055b4       0x1a ./Drivers/ioLibrary_Driver/Ethernet/wizchip_conf.o
                0x00000000080055b4                wizchip_bus_readdata
 .text.wizchip_bus_writedata
                0x00000000080055ce       0x1e ./Drivers/ioLibrary_Driver/Ethernet/wizchip_conf.o
                0x00000000080055ce                wizchip_bus_writedata
 .text.wizchip_spi_readbyte
                0x00000000080055ec       0x10 ./Drivers/ioLibrary_Driver/Ethernet/wizchip_conf.o
                0x00000000080055ec                wizchip_spi_readbyte
 .text.wizchip_spi_writebyte
                0x00000000080055fc       0x16 ./Drivers/ioLibrary_Driver/Ethernet/wizchip_conf.o
                0x00000000080055fc                wizchip_spi_writebyte
 *fill*         0x0000000008005612        0x2 
 .text.reg_wizchip_cs_cbfunc
                0x0000000008005614       0x4c ./Drivers/ioLibrary_Driver/Ethernet/wizchip_conf.o
                0x0000000008005614                reg_wizchip_cs_cbfunc
 .text.reg_wizchip_spi_cbfunc
                0x0000000008005660       0x58 ./Drivers/ioLibrary_Driver/Ethernet/wizchip_conf.o
                0x0000000008005660                reg_wizchip_spi_cbfunc
 .text.ctlwizchip
                0x00000000080056b8      0x1c4 ./Drivers/ioLibrary_Driver/Ethernet/wizchip_conf.o
                0x00000000080056b8                ctlwizchip
 .text.ctlnetwork
                0x000000000800587c       0x7c ./Drivers/ioLibrary_Driver/Ethernet/wizchip_conf.o
                0x000000000800587c                ctlnetwork
 .text.wizchip_sw_reset
                0x00000000080058f8       0x98 ./Drivers/ioLibrary_Driver/Ethernet/wizchip_conf.o
                0x00000000080058f8                wizchip_sw_reset
 .text.wizchip_init
                0x0000000008005990      0x118 ./Drivers/ioLibrary_Driver/Ethernet/wizchip_conf.o
                0x0000000008005990                wizchip_init
 .text.wizchip_clrinterrupt
                0x0000000008005aa8       0x68 ./Drivers/ioLibrary_Driver/Ethernet/wizchip_conf.o
                0x0000000008005aa8                wizchip_clrinterrupt
 .text.wizchip_getinterrupt
                0x0000000008005b10       0x4a ./Drivers/ioLibrary_Driver/Ethernet/wizchip_conf.o
                0x0000000008005b10                wizchip_getinterrupt
 .text.wizchip_setinterruptmask
                0x0000000008005b5a       0x36 ./Drivers/ioLibrary_Driver/Ethernet/wizchip_conf.o
                0x0000000008005b5a                wizchip_setinterruptmask
 .text.wizchip_getinterruptmask
                0x0000000008005b90       0x46 ./Drivers/ioLibrary_Driver/Ethernet/wizchip_conf.o
                0x0000000008005b90                wizchip_getinterruptmask
 .text.wizphy_getphylink
                0x0000000008005bd6       0x2c ./Drivers/ioLibrary_Driver/Ethernet/wizchip_conf.o
                0x0000000008005bd6                wizphy_getphylink
 .text.wizphy_getphypmode
                0x0000000008005c02       0x32 ./Drivers/ioLibrary_Driver/Ethernet/wizchip_conf.o
                0x0000000008005c02                wizphy_getphypmode
 .text.wizphy_reset
                0x0000000008005c34       0x4e ./Drivers/ioLibrary_Driver/Ethernet/wizchip_conf.o
                0x0000000008005c34                wizphy_reset
 .text.wizphy_setphyconf
                0x0000000008005c82       0x84 ./Drivers/ioLibrary_Driver/Ethernet/wizchip_conf.o
                0x0000000008005c82                wizphy_setphyconf
 .text.wizphy_getphyconf
                0x0000000008005d06       0xd2 ./Drivers/ioLibrary_Driver/Ethernet/wizchip_conf.o
                0x0000000008005d06                wizphy_getphyconf
 .text.wizphy_setphypmode
                0x0000000008005dd8       0x94 ./Drivers/ioLibrary_Driver/Ethernet/wizchip_conf.o
                0x0000000008005dd8                wizphy_setphypmode
 .text.wizchip_setnetinfo
                0x0000000008005e6c       0x80 ./Drivers/ioLibrary_Driver/Ethernet/wizchip_conf.o
                0x0000000008005e6c                wizchip_setnetinfo
 .text.wizchip_getnetinfo
                0x0000000008005eec       0x80 ./Drivers/ioLibrary_Driver/Ethernet/wizchip_conf.o
                0x0000000008005eec                wizchip_getnetinfo
 .text.wizchip_setnetmode
                0x0000000008005f6c       0x44 ./Drivers/ioLibrary_Driver/Ethernet/wizchip_conf.o
                0x0000000008005f6c                wizchip_setnetmode
 .text.wizchip_getnetmode
                0x0000000008005fb0       0x10 ./Drivers/ioLibrary_Driver/Ethernet/wizchip_conf.o
                0x0000000008005fb0                wizchip_getnetmode
 .text.wizchip_settimeout
                0x0000000008005fc0       0x42 ./Drivers/ioLibrary_Driver/Ethernet/wizchip_conf.o
                0x0000000008005fc0                wizchip_settimeout
 .text.wizchip_gettimeout
                0x0000000008006002       0x44 ./Drivers/ioLibrary_Driver/Ethernet/wizchip_conf.o
                0x0000000008006002                wizchip_gettimeout
 *fill*         0x0000000008006046        0x2 
 .text.default_ip_assign
                0x0000000008006048       0x38 ./Drivers/ioLibrary_Driver/Internet/DHCP/dhcp.o
                0x0000000008006048                default_ip_assign
 .text.default_ip_update
                0x0000000008006080       0x2c ./Drivers/ioLibrary_Driver/Internet/DHCP/dhcp.o
                0x0000000008006080                default_ip_update
 .text.default_ip_conflict
                0x00000000080060ac       0x28 ./Drivers/ioLibrary_Driver/Internet/DHCP/dhcp.o
                0x00000000080060ac                default_ip_conflict
 .text.makeDHCPMSG
                0x00000000080060d4      0x1ec ./Drivers/ioLibrary_Driver/Internet/DHCP/dhcp.o
                0x00000000080060d4                makeDHCPMSG
 .text.send_DHCP_DISCOVER
                0x00000000080062c0      0x398 ./Drivers/ioLibrary_Driver/Internet/DHCP/dhcp.o
                0x00000000080062c0                send_DHCP_DISCOVER
 .text.send_DHCP_REQUEST
                0x0000000008006658      0x520 ./Drivers/ioLibrary_Driver/Internet/DHCP/dhcp.o
                0x0000000008006658                send_DHCP_REQUEST
 .text.send_DHCP_DECLINE
                0x0000000008006b78      0x2ac ./Drivers/ioLibrary_Driver/Internet/DHCP/dhcp.o
                0x0000000008006b78                send_DHCP_DECLINE
 .text.parseDHCPMSG
                0x0000000008006e24      0x480 ./Drivers/ioLibrary_Driver/Internet/DHCP/dhcp.o
                0x0000000008006e24                parseDHCPMSG
 .text.DHCP_run
                0x00000000080072a4      0x27c ./Drivers/ioLibrary_Driver/Internet/DHCP/dhcp.o
                0x00000000080072a4                DHCP_run
 .text.DHCP_stop
                0x0000000008007520       0x20 ./Drivers/ioLibrary_Driver/Internet/DHCP/dhcp.o
                0x0000000008007520                DHCP_stop
 .text.check_DHCP_timeout
                0x0000000008007540       0xc0 ./Drivers/ioLibrary_Driver/Internet/DHCP/dhcp.o
                0x0000000008007540                check_DHCP_timeout
 .text.check_DHCP_leasedIP
                0x0000000008007600       0x88 ./Drivers/ioLibrary_Driver/Internet/DHCP/dhcp.o
                0x0000000008007600                check_DHCP_leasedIP
 .text.DHCP_init
                0x0000000008007688      0x128 ./Drivers/ioLibrary_Driver/Internet/DHCP/dhcp.o
                0x0000000008007688                DHCP_init
 .text.reset_DHCP_timeout
                0x00000000080077b0       0x2c ./Drivers/ioLibrary_Driver/Internet/DHCP/dhcp.o
                0x00000000080077b0                reset_DHCP_timeout
 .text.NibbleToHex
                0x00000000080077dc       0x32 ./Drivers/ioLibrary_Driver/Internet/DHCP/dhcp.o
                0x00000000080077dc                NibbleToHex
 .text.get16    0x000000000800780e       0x30 ./Drivers/ioLibrary_Driver/Internet/DNS/dns.o
                0x000000000800780e                get16
 .text.put16    0x000000000800783e       0x36 ./Drivers/ioLibrary_Driver/Internet/DNS/dns.o
                0x000000000800783e                put16
 .text.parse_name
                0x0000000008007874      0x10e ./Drivers/ioLibrary_Driver/Internet/DNS/dns.o
                0x0000000008007874                parse_name
 .text.dns_question
                0x0000000008007982       0x4a ./Drivers/ioLibrary_Driver/Internet/DNS/dns.o
                0x0000000008007982                dns_question
 .text.dns_answer
                0x00000000080079cc      0x1f0 ./Drivers/ioLibrary_Driver/Internet/DNS/dns.o
                0x00000000080079cc                dns_answer
 .text.parseDNSMSG
                0x0000000008007bbc      0x18e ./Drivers/ioLibrary_Driver/Internet/DNS/dns.o
                0x0000000008007bbc                parseDNSMSG
 *fill*         0x0000000008007d4a        0x2 
 .text.dns_makequery
                0x0000000008007d4c      0x17c ./Drivers/ioLibrary_Driver/Internet/DNS/dns.o
                0x0000000008007d4c                dns_makequery
 .text.check_DNS_timeout
                0x0000000008007ec8       0x4c ./Drivers/ioLibrary_Driver/Internet/DNS/dns.o
                0x0000000008007ec8                check_DNS_timeout
 .text.DNS_init
                0x0000000008007f14       0x38 ./Drivers/ioLibrary_Driver/Internet/DNS/dns.o
                0x0000000008007f14                DNS_init
 .text.DNS_run  0x0000000008007f4c      0x198 ./Drivers/ioLibrary_Driver/Internet/DNS/dns.o
                0x0000000008007f4c                DNS_run
 .text.NewMessageData
                0x00000000080080e4       0x24 ./Drivers/ioLibrary_Driver/Internet/MQTT/MQTTClient.o
 .text.getNextPacketId
                0x0000000008008108       0x32 ./Drivers/ioLibrary_Driver/Internet/MQTT/MQTTClient.o
 .text.sendPacket
                0x000000000800813a       0x92 ./Drivers/ioLibrary_Driver/Internet/MQTT/MQTTClient.o
 .text.MQTTClientInit
                0x00000000080081cc       0x7c ./Drivers/ioLibrary_Driver/Internet/MQTT/MQTTClient.o
                0x00000000080081cc                MQTTClientInit
 .text.decodePacket
                0x0000000008008248       0x88 ./Drivers/ioLibrary_Driver/Internet/MQTT/MQTTClient.o
 .text.readPacket
                0x00000000080082d0       0xc8 ./Drivers/ioLibrary_Driver/Internet/MQTT/MQTTClient.o
 .text.isTopicMatched
                0x0000000008008398       0xd2 ./Drivers/ioLibrary_Driver/Internet/MQTT/MQTTClient.o
 .text.deliverMessage
                0x000000000800846a       0xd6 ./Drivers/ioLibrary_Driver/Internet/MQTT/MQTTClient.o
                0x000000000800846a                deliverMessage
 .text.keepalive
                0x0000000008008540       0x8e ./Drivers/ioLibrary_Driver/Internet/MQTT/MQTTClient.o
                0x0000000008008540                keepalive
 *fill*         0x00000000080085ce        0x2 
 .text.cycle    0x00000000080085d0      0x1c8 ./Drivers/ioLibrary_Driver/Internet/MQTT/MQTTClient.o
                0x00000000080085d0                cycle
 .text.MQTTYield
                0x0000000008008798       0x4a ./Drivers/ioLibrary_Driver/Internet/MQTT/MQTTClient.o
                0x0000000008008798                MQTTYield
 .text.waitfor  0x00000000080087e2       0x3e ./Drivers/ioLibrary_Driver/Internet/MQTT/MQTTClient.o
                0x00000000080087e2                waitfor
 .text.MQTTConnect
                0x0000000008008820      0x10c ./Drivers/ioLibrary_Driver/Internet/MQTT/MQTTClient.o
                0x0000000008008820                MQTTConnect
 .text.MQTTSubscribe
                0x000000000800892c      0x152 ./Drivers/ioLibrary_Driver/Internet/MQTT/MQTTClient.o
                0x000000000800892c                MQTTSubscribe
 .text.TimerInit
                0x0000000008008a7e       0x1a ./Drivers/ioLibrary_Driver/Internet/MQTT/mqtt_interface.o
                0x0000000008008a7e                TimerInit
 .text.TimerIsExpired
                0x0000000008008a98       0x2c ./Drivers/ioLibrary_Driver/Internet/MQTT/mqtt_interface.o
                0x0000000008008a98                TimerIsExpired
 .text.TimerCountdownMS
                0x0000000008008ac4       0x28 ./Drivers/ioLibrary_Driver/Internet/MQTT/mqtt_interface.o
                0x0000000008008ac4                TimerCountdownMS
 .text.TimerCountdown
                0x0000000008008aec       0x30 ./Drivers/ioLibrary_Driver/Internet/MQTT/mqtt_interface.o
                0x0000000008008aec                TimerCountdown
 .text.TimerLeftMS
                0x0000000008008b1c       0x2c ./Drivers/ioLibrary_Driver/Internet/MQTT/mqtt_interface.o
                0x0000000008008b1c                TimerLeftMS
 .text.NewNetwork
                0x0000000008008b48       0x3c ./Drivers/ioLibrary_Driver/Internet/MQTT/mqtt_interface.o
                0x0000000008008b48                NewNetwork
 .text.w5x00_read
                0x0000000008008b84       0x5a ./Drivers/ioLibrary_Driver/Internet/MQTT/mqtt_interface.o
                0x0000000008008b84                w5x00_read
 .text.w5x00_write
                0x0000000008008bde       0x48 ./Drivers/ioLibrary_Driver/Internet/MQTT/mqtt_interface.o
                0x0000000008008bde                w5x00_write
 .text.w5x00_disconnect
                0x0000000008008c26       0x1c ./Drivers/ioLibrary_Driver/Internet/MQTT/mqtt_interface.o
                0x0000000008008c26                w5x00_disconnect
 .text.ConnectNetwork
                0x0000000008008c42       0x58 ./Drivers/ioLibrary_Driver/Internet/MQTT/mqtt_interface.o
                0x0000000008008c42                ConnectNetwork
 .text.MQTTSerialize_connectLength
                0x0000000008008c9a       0xc2 ./Drivers/ioLibrary_Driver/Internet/MQTT/MQTTPacket/src/MQTTConnectClient.o
                0x0000000008008c9a                MQTTSerialize_connectLength
 .text.MQTTSerialize_connect
                0x0000000008008d5c      0x1d8 ./Drivers/ioLibrary_Driver/Internet/MQTT/MQTTPacket/src/MQTTConnectClient.o
                0x0000000008008d5c                MQTTSerialize_connect
 .text.MQTTDeserialize_connack
                0x0000000008008f34       0xaa ./Drivers/ioLibrary_Driver/Internet/MQTT/MQTTPacket/src/MQTTConnectClient.o
                0x0000000008008f34                MQTTDeserialize_connack
 .text.MQTTSerialize_zero
                0x0000000008008fde       0x70 ./Drivers/ioLibrary_Driver/Internet/MQTT/MQTTPacket/src/MQTTConnectClient.o
                0x0000000008008fde                MQTTSerialize_zero
 .text.MQTTSerialize_pingreq
                0x000000000800904e       0x1e ./Drivers/ioLibrary_Driver/Internet/MQTT/MQTTPacket/src/MQTTConnectClient.o
                0x000000000800904e                MQTTSerialize_pingreq
 .text.MQTTDeserialize_publish
                0x000000000800906c       0xe4 ./Drivers/ioLibrary_Driver/Internet/MQTT/MQTTPacket/src/MQTTDeserializePublish.o
                0x000000000800906c                MQTTDeserialize_publish
 .text.MQTTDeserialize_ack
                0x0000000008009150       0x96 ./Drivers/ioLibrary_Driver/Internet/MQTT/MQTTPacket/src/MQTTDeserializePublish.o
                0x0000000008009150                MQTTDeserialize_ack
 .text.MQTTPacket_encode
                0x00000000080091e6       0x5e ./Drivers/ioLibrary_Driver/Internet/MQTT/MQTTPacket/src/MQTTPacket.o
                0x00000000080091e6                MQTTPacket_encode
 .text.MQTTPacket_decode
                0x0000000008009244       0x78 ./Drivers/ioLibrary_Driver/Internet/MQTT/MQTTPacket/src/MQTTPacket.o
                0x0000000008009244                MQTTPacket_decode
 .text.MQTTPacket_len
                0x00000000080092bc       0x54 ./Drivers/ioLibrary_Driver/Internet/MQTT/MQTTPacket/src/MQTTPacket.o
                0x00000000080092bc                MQTTPacket_len
 .text.bufchar  0x0000000008009310       0x40 ./Drivers/ioLibrary_Driver/Internet/MQTT/MQTTPacket/src/MQTTPacket.o
                0x0000000008009310                bufchar
 .text.MQTTPacket_decodeBuf
                0x0000000008009350       0x2c ./Drivers/ioLibrary_Driver/Internet/MQTT/MQTTPacket/src/MQTTPacket.o
                0x0000000008009350                MQTTPacket_decodeBuf
 .text.readInt  0x000000000800937c       0x36 ./Drivers/ioLibrary_Driver/Internet/MQTT/MQTTPacket/src/MQTTPacket.o
                0x000000000800937c                readInt
 .text.readChar
                0x00000000080093b2       0x28 ./Drivers/ioLibrary_Driver/Internet/MQTT/MQTTPacket/src/MQTTPacket.o
                0x00000000080093b2                readChar
 .text.writeChar
                0x00000000080093da       0x2a ./Drivers/ioLibrary_Driver/Internet/MQTT/MQTTPacket/src/MQTTPacket.o
                0x00000000080093da                writeChar
 .text.writeInt
                0x0000000008009404       0x52 ./Drivers/ioLibrary_Driver/Internet/MQTT/MQTTPacket/src/MQTTPacket.o
                0x0000000008009404                writeInt
 .text.writeCString
                0x0000000008009456       0x3e ./Drivers/ioLibrary_Driver/Internet/MQTT/MQTTPacket/src/MQTTPacket.o
                0x0000000008009456                writeCString
 .text.writeMQTTString
                0x0000000008009494       0x5c ./Drivers/ioLibrary_Driver/Internet/MQTT/MQTTPacket/src/MQTTPacket.o
                0x0000000008009494                writeMQTTString
 .text.readMQTTLenString
                0x00000000080094f0       0x62 ./Drivers/ioLibrary_Driver/Internet/MQTT/MQTTPacket/src/MQTTPacket.o
                0x00000000080094f0                readMQTTLenString
 .text.MQTTstrlen
                0x0000000008009552       0x32 ./Drivers/ioLibrary_Driver/Internet/MQTT/MQTTPacket/src/MQTTPacket.o
                0x0000000008009552                MQTTstrlen
 .text.MQTTPacket_equals
                0x0000000008009584       0x6e ./Drivers/ioLibrary_Driver/Internet/MQTT/MQTTPacket/src/MQTTPacket.o
                0x0000000008009584                MQTTPacket_equals
 .text.MQTTSerialize_ack
                0x00000000080095f2       0xaa ./Drivers/ioLibrary_Driver/Internet/MQTT/MQTTPacket/src/MQTTSerializePublish.o
                0x00000000080095f2                MQTTSerialize_ack
 .text.MQTTSerialize_subscribeLength
                0x000000000800969c       0x4e ./Drivers/ioLibrary_Driver/Internet/MQTT/MQTTPacket/src/MQTTSubscribeClient.o
                0x000000000800969c                MQTTSerialize_subscribeLength
 .text.MQTTSerialize_subscribe
                0x00000000080096ea       0xf4 ./Drivers/ioLibrary_Driver/Internet/MQTT/MQTTPacket/src/MQTTSubscribeClient.o
                0x00000000080096ea                MQTTSerialize_subscribe
 .text.MQTTDeserialize_suback
                0x00000000080097de       0xce ./Drivers/ioLibrary_Driver/Internet/MQTT/MQTTPacket/src/MQTTSubscribeClient.o
                0x00000000080097de                MQTTDeserialize_suback
 .text.W5500Initialze
                0x00000000080098ac       0xdc ./W5500/W5500Interface.o
                0x00000000080098ac                W5500Initialze
 .text.W5500WriteByte
                0x0000000008009988       0x24 ./W5500/W5500Interface.o
                0x0000000008009988                W5500WriteByte
 .text.W5500ReadByte
                0x00000000080099ac       0x34 ./W5500/W5500Interface.o
                0x00000000080099ac                W5500ReadByte
 .text.W5500Select
                0x00000000080099e0       0x18 ./W5500/W5500Interface.o
                0x00000000080099e0                W5500Select
 .text.W5500DeSelect
                0x00000000080099f8       0x18 ./W5500/W5500Interface.o
                0x00000000080099f8                W5500DeSelect
 .text.__errno  0x0000000008009a10        0xc c:/st/stm32cubeide_1.10.0/stm32cubeide/plugins/com.st.stm32cube.ide.mcu.externaltools.gnu-tools-for-stm32.10.3-2021.10.win32_1.0.100.202210260954/tools/bin/../lib/gcc/arm-none-eabi/10.3.1/../../../../arm-none-eabi/lib/thumb/v7e-m+fp/hard\libc_nano.a(lib_a-errno.o)
                0x0000000008009a10                __errno
 .text.__libc_init_array
                0x0000000008009a1c       0x48 c:/st/stm32cubeide_1.10.0/stm32cubeide/plugins/com.st.stm32cube.ide.mcu.externaltools.gnu-tools-for-stm32.10.3-2021.10.win32_1.0.100.202210260954/tools/bin/../lib/gcc/arm-none-eabi/10.3.1/../../../../arm-none-eabi/lib/thumb/v7e-m+fp/hard\libc_nano.a(lib_a-init.o)
                0x0000000008009a1c                __libc_init_array
 .text.memcpy   0x0000000008009a64       0x1c c:/st/stm32cubeide_1.10.0/stm32cubeide/plugins/com.st.stm32cube.ide.mcu.externaltools.gnu-tools-for-stm32.10.3-2021.10.win32_1.0.100.202210260954/tools/bin/../lib/gcc/arm-none-eabi/10.3.1/../../../../arm-none-eabi/lib/thumb/v7e-m+fp/hard\libc_nano.a(lib_a-memcpy-stub.o)
                0x0000000008009a64                memcpy
 .text.memset   0x0000000008009a80       0x10 c:/st/stm32cubeide_1.10.0/stm32cubeide/plugins/com.st.stm32cube.ide.mcu.externaltools.gnu-tools-for-stm32.10.3-2021.10.win32_1.0.100.202210260954/tools/bin/../lib/gcc/arm-none-eabi/10.3.1/../../../../arm-none-eabi/lib/thumb/v7e-m+fp/hard\libc_nano.a(lib_a-memset.o)
                0x0000000008009a80                memset
 .text._free_r  0x0000000008009a90       0x98 c:/st/stm32cubeide_1.10.0/stm32cubeide/plugins/com.st.stm32cube.ide.mcu.externaltools.gnu-tools-for-stm32.10.3-2021.10.win32_1.0.100.202210260954/tools/bin/../lib/gcc/arm-none-eabi/10.3.1/../../../../arm-none-eabi/lib/thumb/v7e-m+fp/hard\libc_nano.a(lib_a-nano-freer.o)
                0x0000000008009a90                _free_r
 .text.sbrk_aligned
                0x0000000008009b28       0x40 c:/st/stm32cubeide_1.10.0/stm32cubeide/plugins/com.st.stm32cube.ide.mcu.externaltools.gnu-tools-for-stm32.10.3-2021.10.win32_1.0.100.202210260954/tools/bin/../lib/gcc/arm-none-eabi/10.3.1/../../../../arm-none-eabi/lib/thumb/v7e-m+fp/hard\libc_nano.a(lib_a-nano-mallocr.o)
 .text._malloc_r
                0x0000000008009b68       0xe8 c:/st/stm32cubeide_1.10.0/stm32cubeide/plugins/com.st.stm32cube.ide.mcu.externaltools.gnu-tools-for-stm32.10.3-2021.10.win32_1.0.100.202210260954/tools/bin/../lib/gcc/arm-none-eabi/10.3.1/../../../../arm-none-eabi/lib/thumb/v7e-m+fp/hard\libc_nano.a(lib_a-nano-mallocr.o)
                0x0000000008009b68                _malloc_r
 .text.printf   0x0000000008009c50       0x30 c:/st/stm32cubeide_1.10.0/stm32cubeide/plugins/com.st.stm32cube.ide.mcu.externaltools.gnu-tools-for-stm32.10.3-2021.10.win32_1.0.100.202210260954/tools/bin/../lib/gcc/arm-none-eabi/10.3.1/../../../../arm-none-eabi/lib/thumb/v7e-m+fp/hard\libc_nano.a(lib_a-printf.o)
                0x0000000008009c50                iprintf
                0x0000000008009c50                printf
 .text._puts_r  0x0000000008009c80       0xdc c:/st/stm32cubeide_1.10.0/stm32cubeide/plugins/com.st.stm32cube.ide.mcu.externaltools.gnu-tools-for-stm32.10.3-2021.10.win32_1.0.100.202210260954/tools/bin/../lib/gcc/arm-none-eabi/10.3.1/../../../../arm-none-eabi/lib/thumb/v7e-m+fp/hard\libc_nano.a(lib_a-puts.o)
                0x0000000008009c80                _puts_r
 .text.puts     0x0000000008009d5c       0x10 c:/st/stm32cubeide_1.10.0/stm32cubeide/plugins/com.st.stm32cube.ide.mcu.externaltools.gnu-tools-for-stm32.10.3-2021.10.win32_1.0.100.202210260954/tools/bin/../lib/gcc/arm-none-eabi/10.3.1/../../../../arm-none-eabi/lib/thumb/v7e-m+fp/hard\libc_nano.a(lib_a-puts.o)
                0x0000000008009d5c                puts
 .text._sbrk_r  0x0000000008009d6c       0x20 c:/st/stm32cubeide_1.10.0/stm32cubeide/plugins/com.st.stm32cube.ide.mcu.externaltools.gnu-tools-for-stm32.10.3-2021.10.win32_1.0.100.202210260954/tools/bin/../lib/gcc/arm-none-eabi/10.3.1/../../../../arm-none-eabi/lib/thumb/v7e-m+fp/hard\libc_nano.a(lib_a-sbrkr.o)
                0x0000000008009d6c                _sbrk_r
 .text.sprintf  0x0000000008009d8c       0x40 c:/st/stm32cubeide_1.10.0/stm32cubeide/plugins/com.st.stm32cube.ide.mcu.externaltools.gnu-tools-for-stm32.10.3-2021.10.win32_1.0.100.202210260954/tools/bin/../lib/gcc/arm-none-eabi/10.3.1/../../../../arm-none-eabi/lib/thumb/v7e-m+fp/hard\libc_nano.a(lib_a-sprintf.o)
                0x0000000008009d8c                siprintf
                0x0000000008009d8c                sprintf
 .text.__sread  0x0000000008009dcc       0x22 c:/st/stm32cubeide_1.10.0/stm32cubeide/plugins/com.st.stm32cube.ide.mcu.externaltools.gnu-tools-for-stm32.10.3-2021.10.win32_1.0.100.202210260954/tools/bin/../lib/gcc/arm-none-eabi/10.3.1/../../../../arm-none-eabi/lib/thumb/v7e-m+fp/hard\libc_nano.a(lib_a-stdio.o)
                0x0000000008009dcc                __sread
 .text.__swrite
                0x0000000008009dee       0x38 c:/st/stm32cubeide_1.10.0/stm32cubeide/plugins/com.st.stm32cube.ide.mcu.externaltools.gnu-tools-for-stm32.10.3-2021.10.win32_1.0.100.202210260954/tools/bin/../lib/gcc/arm-none-eabi/10.3.1/../../../../arm-none-eabi/lib/thumb/v7e-m+fp/hard\libc_nano.a(lib_a-stdio.o)
                0x0000000008009dee                __swrite
 .text.__sseek  0x0000000008009e26       0x24 c:/st/stm32cubeide_1.10.0/stm32cubeide/plugins/com.st.stm32cube.ide.mcu.externaltools.gnu-tools-for-stm32.10.3-2021.10.win32_1.0.100.202210260954/tools/bin/../lib/gcc/arm-none-eabi/10.3.1/../../../../arm-none-eabi/lib/thumb/v7e-m+fp/hard\libc_nano.a(lib_a-stdio.o)
                0x0000000008009e26                __sseek
 .text.__sclose
                0x0000000008009e4a        0x8 c:/st/stm32cubeide_1.10.0/stm32cubeide/plugins/com.st.stm32cube.ide.mcu.externaltools.gnu-tools-for-stm32.10.3-2021.10.win32_1.0.100.202210260954/tools/bin/../lib/gcc/arm-none-eabi/10.3.1/../../../../arm-none-eabi/lib/thumb/v7e-m+fp/hard\libc_nano.a(lib_a-stdio.o)
                0x0000000008009e4a                __sclose
 .text.strchr   0x0000000008009e52       0x1a c:/st/stm32cubeide_1.10.0/stm32cubeide/plugins/com.st.stm32cube.ide.mcu.externaltools.gnu-tools-for-stm32.10.3-2021.10.win32_1.0.100.202210260954/tools/bin/../lib/gcc/arm-none-eabi/10.3.1/../../../../arm-none-eabi/lib/thumb/v7e-m+fp/hard\libc_nano.a(lib_a-strchr.o)
                0x0000000008009e52                strchr
 .text.strcpy   0x0000000008009e6c       0x10 c:/st/stm32cubeide_1.10.0/stm32cubeide/plugins/com.st.stm32cube.ide.mcu.externaltools.gnu-tools-for-stm32.10.3-2021.10.win32_1.0.100.202210260954/tools/bin/../lib/gcc/arm-none-eabi/10.3.1/../../../../arm-none-eabi/lib/thumb/v7e-m+fp/hard\libc_nano.a(lib_a-strcpy.o)
                0x0000000008009e6c                strcpy
 .text.strncmp  0x0000000008009e7c       0x28 c:/st/stm32cubeide_1.10.0/stm32cubeide/plugins/com.st.stm32cube.ide.mcu.externaltools.gnu-tools-for-stm32.10.3-2021.10.win32_1.0.100.202210260954/tools/bin/../lib/gcc/arm-none-eabi/10.3.1/../../../../arm-none-eabi/lib/thumb/v7e-m+fp/hard\libc_nano.a(lib_a-strncmp.o)
                0x0000000008009e7c                strncmp
 .text.strncpy  0x0000000008009ea4       0x26 c:/st/stm32cubeide_1.10.0/stm32cubeide/plugins/com.st.stm32cube.ide.mcu.externaltools.gnu-tools-for-stm32.10.3-2021.10.win32_1.0.100.202210260954/tools/bin/../lib/gcc/arm-none-eabi/10.3.1/../../../../arm-none-eabi/lib/thumb/v7e-m+fp/hard\libc_nano.a(lib_a-strncpy.o)
                0x0000000008009ea4                strncpy
 *fill*         0x0000000008009eca        0x2 
 .text.__swbuf_r
                0x0000000008009ecc       0xa4 c:/st/stm32cubeide_1.10.0/stm32cubeide/plugins/com.st.stm32cube.ide.mcu.externaltools.gnu-tools-for-stm32.10.3-2021.10.win32_1.0.100.202210260954/tools/bin/../lib/gcc/arm-none-eabi/10.3.1/../../../../arm-none-eabi/lib/thumb/v7e-m+fp/hard\libc_nano.a(lib_a-wbuf.o)
                0x0000000008009ecc                __swbuf_r
 .text._write_r
                0x0000000008009f70       0x24 c:/st/stm32cubeide_1.10.0/stm32cubeide/plugins/com.st.stm32cube.ide.mcu.externaltools.gnu-tools-for-stm32.10.3-2021.10.win32_1.0.100.202210260954/tools/bin/../lib/gcc/arm-none-eabi/10.3.1/../../../../arm-none-eabi/lib/thumb/v7e-m+fp/hard\libc_nano.a(lib_a-writer.o)
                0x0000000008009f70                _write_r
 .text.__swsetup_r
                0x0000000008009f94       0xdc c:/st/stm32cubeide_1.10.0/stm32cubeide/plugins/com.st.stm32cube.ide.mcu.externaltools.gnu-tools-for-stm32.10.3-2021.10.win32_1.0.100.202210260954/tools/bin/../lib/gcc/arm-none-eabi/10.3.1/../../../../arm-none-eabi/lib/thumb/v7e-m+fp/hard\libc_nano.a(lib_a-wsetup.o)
                0x0000000008009f94                __swsetup_r
 .text._close_r
                0x000000000800a070       0x20 c:/st/stm32cubeide_1.10.0/stm32cubeide/plugins/com.st.stm32cube.ide.mcu.externaltools.gnu-tools-for-stm32.10.3-2021.10.win32_1.0.100.202210260954/tools/bin/../lib/gcc/arm-none-eabi/10.3.1/../../../../arm-none-eabi/lib/thumb/v7e-m+fp/hard\libc_nano.a(lib_a-closer.o)
                0x000000000800a070                _close_r
 .text.__sflush_r
                0x000000000800a090      0x10c c:/st/stm32cubeide_1.10.0/stm32cubeide/plugins/com.st.stm32cube.ide.mcu.externaltools.gnu-tools-for-stm32.10.3-2021.10.win32_1.0.100.202210260954/tools/bin/../lib/gcc/arm-none-eabi/10.3.1/../../../../arm-none-eabi/lib/thumb/v7e-m+fp/hard\libc_nano.a(lib_a-fflush.o)
                0x000000000800a090                __sflush_r
 .text._fflush_r
                0x000000000800a19c       0x78 c:/st/stm32cubeide_1.10.0/stm32cubeide/plugins/com.st.stm32cube.ide.mcu.externaltools.gnu-tools-for-stm32.10.3-2021.10.win32_1.0.100.202210260954/tools/bin/../lib/gcc/arm-none-eabi/10.3.1/../../../../arm-none-eabi/lib/thumb/v7e-m+fp/hard\libc_nano.a(lib_a-fflush.o)
                0x000000000800a19c                _fflush_r
 .text.std      0x000000000800a214       0x48 c:/st/stm32cubeide_1.10.0/stm32cubeide/plugins/com.st.stm32cube.ide.mcu.externaltools.gnu-tools-for-stm32.10.3-2021.10.win32_1.0.100.202210260954/tools/bin/../lib/gcc/arm-none-eabi/10.3.1/../../../../arm-none-eabi/lib/thumb/v7e-m+fp/hard\libc_nano.a(lib_a-findfp.o)
 .text._cleanup_r
                0x000000000800a25c        0xc c:/st/stm32cubeide_1.10.0/stm32cubeide/plugins/com.st.stm32cube.ide.mcu.externaltools.gnu-tools-for-stm32.10.3-2021.10.win32_1.0.100.202210260954/tools/bin/../lib/gcc/arm-none-eabi/10.3.1/../../../../arm-none-eabi/lib/thumb/v7e-m+fp/hard\libc_nano.a(lib_a-findfp.o)
                0x000000000800a25c                _cleanup_r
 .text.__sfmoreglue
                0x000000000800a268       0x2c c:/st/stm32cubeide_1.10.0/stm32cubeide/plugins/com.st.stm32cube.ide.mcu.externaltools.gnu-tools-for-stm32.10.3-2021.10.win32_1.0.100.202210260954/tools/bin/../lib/gcc/arm-none-eabi/10.3.1/../../../../arm-none-eabi/lib/thumb/v7e-m+fp/hard\libc_nano.a(lib_a-findfp.o)
                0x000000000800a268                __sfmoreglue
 .text.__sfp_lock_acquire
                0x000000000800a294        0xc c:/st/stm32cubeide_1.10.0/stm32cubeide/plugins/com.st.stm32cube.ide.mcu.externaltools.gnu-tools-for-stm32.10.3-2021.10.win32_1.0.100.202210260954/tools/bin/../lib/gcc/arm-none-eabi/10.3.1/../../../../arm-none-eabi/lib/thumb/v7e-m+fp/hard\libc_nano.a(lib_a-findfp.o)
                0x000000000800a294                __sfp_lock_acquire
 .text.__sfp_lock_release
                0x000000000800a2a0        0xc c:/st/stm32cubeide_1.10.0/stm32cubeide/plugins/com.st.stm32cube.ide.mcu.externaltools.gnu-tools-for-stm32.10.3-2021.10.win32_1.0.100.202210260954/tools/bin/../lib/gcc/arm-none-eabi/10.3.1/../../../../arm-none-eabi/lib/thumb/v7e-m+fp/hard\libc_nano.a(lib_a-findfp.o)
                0x000000000800a2a0                __sfp_lock_release
 .text.__sinit_lock_acquire
                0x000000000800a2ac        0xc c:/st/stm32cubeide_1.10.0/stm32cubeide/plugins/com.st.stm32cube.ide.mcu.externaltools.gnu-tools-for-stm32.10.3-2021.10.win32_1.0.100.202210260954/tools/bin/../lib/gcc/arm-none-eabi/10.3.1/../../../../arm-none-eabi/lib/thumb/v7e-m+fp/hard\libc_nano.a(lib_a-findfp.o)
                0x000000000800a2ac                __sinit_lock_acquire
 .text.__sinit_lock_release
                0x000000000800a2b8        0xc c:/st/stm32cubeide_1.10.0/stm32cubeide/plugins/com.st.stm32cube.ide.mcu.externaltools.gnu-tools-for-stm32.10.3-2021.10.win32_1.0.100.202210260954/tools/bin/../lib/gcc/arm-none-eabi/10.3.1/../../../../arm-none-eabi/lib/thumb/v7e-m+fp/hard\libc_nano.a(lib_a-findfp.o)
                0x000000000800a2b8                __sinit_lock_release
 .text.__sinit  0x000000000800a2c4       0x70 c:/st/stm32cubeide_1.10.0/stm32cubeide/plugins/com.st.stm32cube.ide.mcu.externaltools.gnu-tools-for-stm32.10.3-2021.10.win32_1.0.100.202210260954/tools/bin/../lib/gcc/arm-none-eabi/10.3.1/../../../../arm-none-eabi/lib/thumb/v7e-m+fp/hard\libc_nano.a(lib_a-findfp.o)
                0x000000000800a2c4                __sinit
 .text.__sfp    0x000000000800a334       0x8c c:/st/stm32cubeide_1.10.0/stm32cubeide/plugins/com.st.stm32cube.ide.mcu.externaltools.gnu-tools-for-stm32.10.3-2021.10.win32_1.0.100.202210260954/tools/bin/../lib/gcc/arm-none-eabi/10.3.1/../../../../arm-none-eabi/lib/thumb/v7e-m+fp/hard\libc_nano.a(lib_a-findfp.o)
                0x000000000800a334                __sfp
 .text._fwalk_reent
                0x000000000800a3c0       0x3e c:/st/stm32cubeide_1.10.0/stm32cubeide/plugins/com.st.stm32cube.ide.mcu.externaltools.gnu-tools-for-stm32.10.3-2021.10.win32_1.0.100.202210260954/tools/bin/../lib/gcc/arm-none-eabi/10.3.1/../../../../arm-none-eabi/lib/thumb/v7e-m+fp/hard\libc_nano.a(lib_a-fwalk.o)
                0x000000000800a3c0                _fwalk_reent
 .text.__retarget_lock_init_recursive
                0x000000000800a3fe        0x2 c:/st/stm32cubeide_1.10.0/stm32cubeide/plugins/com.st.stm32cube.ide.mcu.externaltools.gnu-tools-for-stm32.10.3-2021.10.win32_1.0.100.202210260954/tools/bin/../lib/gcc/arm-none-eabi/10.3.1/../../../../arm-none-eabi/lib/thumb/v7e-m+fp/hard\libc_nano.a(lib_a-lock.o)
                0x000000000800a3fe                __retarget_lock_init_recursive
 .text.__retarget_lock_acquire_recursive
                0x000000000800a400        0x2 c:/st/stm32cubeide_1.10.0/stm32cubeide/plugins/com.st.stm32cube.ide.mcu.externaltools.gnu-tools-for-stm32.10.3-2021.10.win32_1.0.100.202210260954/tools/bin/../lib/gcc/arm-none-eabi/10.3.1/../../../../arm-none-eabi/lib/thumb/v7e-m+fp/hard\libc_nano.a(lib_a-lock.o)
                0x000000000800a400                __retarget_lock_acquire_recursive
 .text.__retarget_lock_release_recursive
                0x000000000800a402        0x2 c:/st/stm32cubeide_1.10.0/stm32cubeide/plugins/com.st.stm32cube.ide.mcu.externaltools.gnu-tools-for-stm32.10.3-2021.10.win32_1.0.100.202210260954/tools/bin/../lib/gcc/arm-none-eabi/10.3.1/../../../../arm-none-eabi/lib/thumb/v7e-m+fp/hard\libc_nano.a(lib_a-lock.o)
                0x000000000800a402                __retarget_lock_release_recursive
 .text._lseek_r
                0x000000000800a404       0x24 c:/st/stm32cubeide_1.10.0/stm32cubeide/plugins/com.st.stm32cube.ide.mcu.externaltools.gnu-tools-for-stm32.10.3-2021.10.win32_1.0.100.202210260954/tools/bin/../lib/gcc/arm-none-eabi/10.3.1/../../../../arm-none-eabi/lib/thumb/v7e-m+fp/hard\libc_nano.a(lib_a-lseekr.o)
                0x000000000800a404                _lseek_r
 .text.__swhatbuf_r
                0x000000000800a428       0x4a c:/st/stm32cubeide_1.10.0/stm32cubeide/plugins/com.st.stm32cube.ide.mcu.externaltools.gnu-tools-for-stm32.10.3-2021.10.win32_1.0.100.202210260954/tools/bin/../lib/gcc/arm-none-eabi/10.3.1/../../../../arm-none-eabi/lib/thumb/v7e-m+fp/hard\libc_nano.a(lib_a-makebuf.o)
                0x000000000800a428                __swhatbuf_r
 *fill*         0x000000000800a472        0x2 
 .text.__smakebuf_r
                0x000000000800a474       0x80 c:/st/stm32cubeide_1.10.0/stm32cubeide/plugins/com.st.stm32cube.ide.mcu.externaltools.gnu-tools-for-stm32.10.3-2021.10.win32_1.0.100.202210260954/tools/bin/../lib/gcc/arm-none-eabi/10.3.1/../../../../arm-none-eabi/lib/thumb/v7e-m+fp/hard\libc_nano.a(lib_a-makebuf.o)
                0x000000000800a474                __smakebuf_r
 .text.__malloc_lock
                0x000000000800a4f4        0xc c:/st/stm32cubeide_1.10.0/stm32cubeide/plugins/com.st.stm32cube.ide.mcu.externaltools.gnu-tools-for-stm32.10.3-2021.10.win32_1.0.100.202210260954/tools/bin/../lib/gcc/arm-none-eabi/10.3.1/../../../../arm-none-eabi/lib/thumb/v7e-m+fp/hard\libc_nano.a(lib_a-mlock.o)
                0x000000000800a4f4                __malloc_lock
 .text.__malloc_unlock
                0x000000000800a500        0xc c:/st/stm32cubeide_1.10.0/stm32cubeide/plugins/com.st.stm32cube.ide.mcu.externaltools.gnu-tools-for-stm32.10.3-2021.10.win32_1.0.100.202210260954/tools/bin/../lib/gcc/arm-none-eabi/10.3.1/../../../../arm-none-eabi/lib/thumb/v7e-m+fp/hard\libc_nano.a(lib_a-mlock.o)
                0x000000000800a500                __malloc_unlock
 .text.__ssputs_r
                0x000000000800a50c       0xb6 c:/st/stm32cubeide_1.10.0/stm32cubeide/plugins/com.st.stm32cube.ide.mcu.externaltools.gnu-tools-for-stm32.10.3-2021.10.win32_1.0.100.202210260954/tools/bin/../lib/gcc/arm-none-eabi/10.3.1/../../../../arm-none-eabi/lib/thumb/v7e-m+fp/hard\libc_nano.a(lib_a-nano-svfprintf.o)
                0x000000000800a50c                __ssputs_r
 *fill*         0x000000000800a5c2        0x2 
 .text._svfprintf_r
                0x000000000800a5c4      0x200 c:/st/stm32cubeide_1.10.0/stm32cubeide/plugins/com.st.stm32cube.ide.mcu.externaltools.gnu-tools-for-stm32.10.3-2021.10.win32_1.0.100.202210260954/tools/bin/../lib/gcc/arm-none-eabi/10.3.1/../../../../arm-none-eabi/lib/thumb/v7e-m+fp/hard\libc_nano.a(lib_a-nano-svfprintf.o)
                0x000000000800a5c4                _svfiprintf_r
                0x000000000800a5c4                _svfprintf_r
 .text.__sfputc_r
                0x000000000800a7c4       0x2e c:/st/stm32cubeide_1.10.0/stm32cubeide/plugins/com.st.stm32cube.ide.mcu.externaltools.gnu-tools-for-stm32.10.3-2021.10.win32_1.0.100.202210260954/tools/bin/../lib/gcc/arm-none-eabi/10.3.1/../../../../arm-none-eabi/lib/thumb/v7e-m+fp/hard\libc_nano.a(lib_a-nano-vfprintf.o)
 .text.__sfputs_r
                0x000000000800a7f2       0x24 c:/st/stm32cubeide_1.10.0/stm32cubeide/plugins/com.st.stm32cube.ide.mcu.externaltools.gnu-tools-for-stm32.10.3-2021.10.win32_1.0.100.202210260954/tools/bin/../lib/gcc/arm-none-eabi/10.3.1/../../../../arm-none-eabi/lib/thumb/v7e-m+fp/hard\libc_nano.a(lib_a-nano-vfprintf.o)
                0x000000000800a7f2                __sfputs_r
 *fill*         0x000000000800a816        0x2 
 .text._vfprintf_r
                0x000000000800a818      0x260 c:/st/stm32cubeide_1.10.0/stm32cubeide/plugins/com.st.stm32cube.ide.mcu.externaltools.gnu-tools-for-stm32.10.3-2021.10.win32_1.0.100.202210260954/tools/bin/../lib/gcc/arm-none-eabi/10.3.1/../../../../arm-none-eabi/lib/thumb/v7e-m+fp/hard\libc_nano.a(lib_a-nano-vfprintf.o)
                0x000000000800a818                _vfprintf_r
                0x000000000800a818                _vfiprintf_r
 .text._printf_common
                0x000000000800aa78       0xda c:/st/stm32cubeide_1.10.0/stm32cubeide/plugins/com.st.stm32cube.ide.mcu.externaltools.gnu-tools-for-stm32.10.3-2021.10.win32_1.0.100.202210260954/tools/bin/../lib/gcc/arm-none-eabi/10.3.1/../../../../arm-none-eabi/lib/thumb/v7e-m+fp/hard\libc_nano.a(lib_a-nano-vfprintf_i.o)
                0x000000000800aa78                _printf_common
 *fill*         0x000000000800ab52        0x2 
 .text._printf_i
                0x000000000800ab54      0x24c c:/st/stm32cubeide_1.10.0/stm32cubeide/plugins/com.st.stm32cube.ide.mcu.externaltools.gnu-tools-for-stm32.10.3-2021.10.win32_1.0.100.202210260954/tools/bin/../lib/gcc/arm-none-eabi/10.3.1/../../../../arm-none-eabi/lib/thumb/v7e-m+fp/hard\libc_nano.a(lib_a-nano-vfprintf_i.o)
                0x000000000800ab54                _printf_i
 .text._read_r  0x000000000800ada0       0x24 c:/st/stm32cubeide_1.10.0/stm32cubeide/plugins/com.st.stm32cube.ide.mcu.externaltools.gnu-tools-for-stm32.10.3-2021.10.win32_1.0.100.202210260954/tools/bin/../lib/gcc/arm-none-eabi/10.3.1/../../../../arm-none-eabi/lib/thumb/v7e-m+fp/hard\libc_nano.a(lib_a-readr.o)
                0x000000000800ada0                _read_r
 .text._fstat_r
                0x000000000800adc4       0x24 c:/st/stm32cubeide_1.10.0/stm32cubeide/plugins/com.st.stm32cube.ide.mcu.externaltools.gnu-tools-for-stm32.10.3-2021.10.win32_1.0.100.202210260954/tools/bin/../lib/gcc/arm-none-eabi/10.3.1/../../../../arm-none-eabi/lib/thumb/v7e-m+fp/hard\libc_nano.a(lib_a-fstatr.o)
                0x000000000800adc4                _fstat_r
 .text._isatty_r
                0x000000000800ade8       0x20 c:/st/stm32cubeide_1.10.0/stm32cubeide/plugins/com.st.stm32cube.ide.mcu.externaltools.gnu-tools-for-stm32.10.3-2021.10.win32_1.0.100.202210260954/tools/bin/../lib/gcc/arm-none-eabi/10.3.1/../../../../arm-none-eabi/lib/thumb/v7e-m+fp/hard\libc_nano.a(lib_a-isattyr.o)
                0x000000000800ade8                _isatty_r
 .text.memmove  0x000000000800ae08       0x34 c:/st/stm32cubeide_1.10.0/stm32cubeide/plugins/com.st.stm32cube.ide.mcu.externaltools.gnu-tools-for-stm32.10.3-2021.10.win32_1.0.100.202210260954/tools/bin/../lib/gcc/arm-none-eabi/10.3.1/../../../../arm-none-eabi/lib/thumb/v7e-m+fp/hard\libc_nano.a(lib_a-memmove.o)
                0x000000000800ae08                memmove
 .text._realloc_r
                0x000000000800ae3c       0x5e c:/st/stm32cubeide_1.10.0/stm32cubeide/plugins/com.st.stm32cube.ide.mcu.externaltools.gnu-tools-for-stm32.10.3-2021.10.win32_1.0.100.202210260954/tools/bin/../lib/gcc/arm-none-eabi/10.3.1/../../../../arm-none-eabi/lib/thumb/v7e-m+fp/hard\libc_nano.a(lib_a-nano-reallocr.o)
                0x000000000800ae3c                _realloc_r
 .text._malloc_usable_size_r
                0x000000000800ae9a       0x10 c:/st/stm32cubeide_1.10.0/stm32cubeide/plugins/com.st.stm32cube.ide.mcu.externaltools.gnu-tools-for-stm32.10.3-2021.10.win32_1.0.100.202210260954/tools/bin/../lib/gcc/arm-none-eabi/10.3.1/../../../../arm-none-eabi/lib/thumb/v7e-m+fp/hard\libc_nano.a(lib_a-nano-msizer.o)
                0x000000000800ae9a                _malloc_usable_size_r
 *(.glue_7)
 .glue_7        0x000000000800aeaa        0x0 linker stubs
 *(.glue_7t)
 .glue_7t       0x000000000800aeaa        0x0 linker stubs
 *(.eh_frame)
 *fill*         0x000000000800aeaa        0x2 
 .eh_frame      0x000000000800aeac        0x0 c:/st/stm32cubeide_1.10.0/stm32cubeide/plugins/com.st.stm32cube.ide.mcu.externaltools.gnu-tools-for-stm32.10.3-2021.10.win32_1.0.100.202210260954/tools/bin/../lib/gcc/arm-none-eabi/10.3.1/thumb/v7e-m+fp/hard/crtbegin.o
 *(.init)
 .init          0x000000000800aeac        0x4 c:/st/stm32cubeide_1.10.0/stm32cubeide/plugins/com.st.stm32cube.ide.mcu.externaltools.gnu-tools-for-stm32.10.3-2021.10.win32_1.0.100.202210260954/tools/bin/../lib/gcc/arm-none-eabi/10.3.1/thumb/v7e-m+fp/hard/crti.o
                0x000000000800aeac                _init
 .init          0x000000000800aeb0        0x8 c:/st/stm32cubeide_1.10.0/stm32cubeide/plugins/com.st.stm32cube.ide.mcu.externaltools.gnu-tools-for-stm32.10.3-2021.10.win32_1.0.100.202210260954/tools/bin/../lib/gcc/arm-none-eabi/10.3.1/thumb/v7e-m+fp/hard/crtn.o
 *(.fini)
 .fini          0x000000000800aeb8        0x4 c:/st/stm32cubeide_1.10.0/stm32cubeide/plugins/com.st.stm32cube.ide.mcu.externaltools.gnu-tools-for-stm32.10.3-2021.10.win32_1.0.100.202210260954/tools/bin/../lib/gcc/arm-none-eabi/10.3.1/thumb/v7e-m+fp/hard/crti.o
                0x000000000800aeb8                _fini
 .fini          0x000000000800aebc        0x8 c:/st/stm32cubeide_1.10.0/stm32cubeide/plugins/com.st.stm32cube.ide.mcu.externaltools.gnu-tools-for-stm32.10.3-2021.10.win32_1.0.100.202210260954/tools/bin/../lib/gcc/arm-none-eabi/10.3.1/thumb/v7e-m+fp/hard/crtn.o
                0x000000000800aec4                . = ALIGN (0x4)
                0x000000000800aec4                _etext = .

.vfp11_veneer   0x000000000800aec4        0x0
 .vfp11_veneer  0x000000000800aec4        0x0 linker stubs

.v4_bx          0x000000000800aec4        0x0
 .v4_bx         0x000000000800aec4        0x0 linker stubs

.iplt           0x000000000800aec4        0x0
 .iplt          0x000000000800aec4        0x0 c:/st/stm32cubeide_1.10.0/stm32cubeide/plugins/com.st.stm32cube.ide.mcu.externaltools.gnu-tools-for-stm32.10.3-2021.10.win32_1.0.100.202210260954/tools/bin/../lib/gcc/arm-none-eabi/10.3.1/thumb/v7e-m+fp/hard/crtbegin.o

.rodata         0x000000000800aec4      0x640
                0x000000000800aec4                . = ALIGN (0x4)
 *(.rodata)
 .rodata        0x000000000800aec4      0x23f ./Core/Src/main.o
 *fill*         0x000000000800b103        0x1 
 .rodata        0x000000000800b104      0x1ca ./Drivers/ioLibrary_Driver/Internet/DHCP/dhcp.o
 *fill*         0x000000000800b2ce        0x2 
 .rodata        0x000000000800b2d0       0xa3 ./Drivers/ioLibrary_Driver/Internet/DNS/dns.o
 *fill*         0x000000000800b373        0x1 
 .rodata        0x000000000800b374       0x58 ./Drivers/ioLibrary_Driver/Internet/MQTT/MQTTClient.o
 .rodata        0x000000000800b3cc        0xf ./Drivers/ioLibrary_Driver/Internet/MQTT/MQTTPacket/src/MQTTConnectClient.o
 *fill*         0x000000000800b3db        0x1 
 .rodata        0x000000000800b3dc       0x4d ./W5500/W5500Interface.o
 *(.rodata*)
 *fill*         0x000000000800b429        0x3 
 .rodata.AHBPrescTable
                0x000000000800b42c       0x10 ./Core/Src/system_stm32g4xx.o
                0x000000000800b42c                AHBPrescTable
 .rodata.APBPrescTable
                0x000000000800b43c        0x8 ./Core/Src/system_stm32g4xx.o
                0x000000000800b43c                APBPrescTable
 .rodata.UARTPrescTable
                0x000000000800b444       0x18 ./Drivers/STM32G4xx_HAL_Driver/Src/stm32g4xx_hal_uart.o
                0x000000000800b444                UARTPrescTable
 .rodata.numerator.1
                0x000000000800b45c        0x8 ./Drivers/STM32G4xx_HAL_Driver/Src/stm32g4xx_hal_uart_ex.o
 .rodata.denominator.0
                0x000000000800b464        0x8 ./Drivers/STM32G4xx_HAL_Driver/Src/stm32g4xx_hal_uart_ex.o
 .rodata._global_impure_ptr
                0x000000000800b46c        0x4 c:/st/stm32cubeide_1.10.0/stm32cubeide/plugins/com.st.stm32cube.ide.mcu.externaltools.gnu-tools-for-stm32.10.3-2021.10.win32_1.0.100.202210260954/tools/bin/../lib/gcc/arm-none-eabi/10.3.1/../../../../arm-none-eabi/lib/thumb/v7e-m+fp/hard\libc_nano.a(lib_a-impure.o)
                0x000000000800b46c                _global_impure_ptr
 .rodata.__sf_fake_stderr
                0x000000000800b470       0x20 c:/st/stm32cubeide_1.10.0/stm32cubeide/plugins/com.st.stm32cube.ide.mcu.externaltools.gnu-tools-for-stm32.10.3-2021.10.win32_1.0.100.202210260954/tools/bin/../lib/gcc/arm-none-eabi/10.3.1/../../../../arm-none-eabi/lib/thumb/v7e-m+fp/hard\libc_nano.a(lib_a-findfp.o)
                0x000000000800b470                __sf_fake_stderr
 .rodata.__sf_fake_stdin
                0x000000000800b490       0x20 c:/st/stm32cubeide_1.10.0/stm32cubeide/plugins/com.st.stm32cube.ide.mcu.externaltools.gnu-tools-for-stm32.10.3-2021.10.win32_1.0.100.202210260954/tools/bin/../lib/gcc/arm-none-eabi/10.3.1/../../../../arm-none-eabi/lib/thumb/v7e-m+fp/hard\libc_nano.a(lib_a-findfp.o)
                0x000000000800b490                __sf_fake_stdin
 .rodata.__sf_fake_stdout
                0x000000000800b4b0       0x20 c:/st/stm32cubeide_1.10.0/stm32cubeide/plugins/com.st.stm32cube.ide.mcu.externaltools.gnu-tools-for-stm32.10.3-2021.10.win32_1.0.100.202210260954/tools/bin/../lib/gcc/arm-none-eabi/10.3.1/../../../../arm-none-eabi/lib/thumb/v7e-m+fp/hard\libc_nano.a(lib_a-findfp.o)
                0x000000000800b4b0                __sf_fake_stdout
 .rodata._svfprintf_r.str1.1
                0x000000000800b4d0       0x11 c:/st/stm32cubeide_1.10.0/stm32cubeide/plugins/com.st.stm32cube.ide.mcu.externaltools.gnu-tools-for-stm32.10.3-2021.10.win32_1.0.100.202210260954/tools/bin/../lib/gcc/arm-none-eabi/10.3.1/../../../../arm-none-eabi/lib/thumb/v7e-m+fp/hard\libc_nano.a(lib_a-nano-svfprintf.o)
 .rodata._vfprintf_r.str1.1
                0x000000000800b4e1       0x11 c:/st/stm32cubeide_1.10.0/stm32cubeide/plugins/com.st.stm32cube.ide.mcu.externaltools.gnu-tools-for-stm32.10.3-2021.10.win32_1.0.100.202210260954/tools/bin/../lib/gcc/arm-none-eabi/10.3.1/../../../../arm-none-eabi/lib/thumb/v7e-m+fp/hard\libc_nano.a(lib_a-nano-vfprintf.o)
 .rodata._printf_i.str1.1
                0x000000000800b4e1       0x22 c:/st/stm32cubeide_1.10.0/stm32cubeide/plugins/com.st.stm32cube.ide.mcu.externaltools.gnu-tools-for-stm32.10.3-2021.10.win32_1.0.100.202210260954/tools/bin/../lib/gcc/arm-none-eabi/10.3.1/../../../../arm-none-eabi/lib/thumb/v7e-m+fp/hard\libc_nano.a(lib_a-nano-vfprintf_i.o)
                0x000000000800b504                . = ALIGN (0x4)
 *fill*         0x000000000800b503        0x1 

.ARM.extab      0x000000000800b504        0x0
                0x000000000800b504                . = ALIGN (0x4)
 *(.ARM.extab* .gnu.linkonce.armextab.*)
                0x000000000800b504                . = ALIGN (0x4)

.ARM            0x000000000800b504        0x8
                0x000000000800b504                . = ALIGN (0x4)
                0x000000000800b504                __exidx_start = .
 *(.ARM.exidx*)
 .ARM.exidx     0x000000000800b504        0x8 c:/st/stm32cubeide_1.10.0/stm32cubeide/plugins/com.st.stm32cube.ide.mcu.externaltools.gnu-tools-for-stm32.10.3-2021.10.win32_1.0.100.202210260954/tools/bin/../lib/gcc/arm-none-eabi/10.3.1/thumb/v7e-m+fp/hard\libgcc.a(_udivmoddi4.o)
                0x000000000800b50c                __exidx_end = .
                0x000000000800b50c                . = ALIGN (0x4)

.rel.dyn        0x000000000800b50c        0x0
 .rel.iplt      0x000000000800b50c        0x0 c:/st/stm32cubeide_1.10.0/stm32cubeide/plugins/com.st.stm32cube.ide.mcu.externaltools.gnu-tools-for-stm32.10.3-2021.10.win32_1.0.100.202210260954/tools/bin/../lib/gcc/arm-none-eabi/10.3.1/thumb/v7e-m+fp/hard/crtbegin.o

.preinit_array  0x000000000800b50c        0x0
                0x000000000800b50c                . = ALIGN (0x4)
                0x000000000800b50c                PROVIDE (__preinit_array_start = .)
 *(.preinit_array*)
                0x000000000800b50c                PROVIDE (__preinit_array_end = .)
                0x000000000800b50c                . = ALIGN (0x4)

.init_array     0x000000000800b50c        0x4
                0x000000000800b50c                . = ALIGN (0x4)
                0x000000000800b50c                PROVIDE (__init_array_start = .)
 *(SORT_BY_NAME(.init_array.*))
 *(.init_array*)
 .init_array    0x000000000800b50c        0x4 c:/st/stm32cubeide_1.10.0/stm32cubeide/plugins/com.st.stm32cube.ide.mcu.externaltools.gnu-tools-for-stm32.10.3-2021.10.win32_1.0.100.202210260954/tools/bin/../lib/gcc/arm-none-eabi/10.3.1/thumb/v7e-m+fp/hard/crtbegin.o
                0x000000000800b510                PROVIDE (__init_array_end = .)
                0x000000000800b510                . = ALIGN (0x4)

.fini_array     0x000000000800b510        0x4
                0x000000000800b510                . = ALIGN (0x4)
                [!provide]                        PROVIDE (__fini_array_start = .)
 *(SORT_BY_NAME(.fini_array.*))
 *(.fini_array*)
 .fini_array    0x000000000800b510        0x4 c:/st/stm32cubeide_1.10.0/stm32cubeide/plugins/com.st.stm32cube.ide.mcu.externaltools.gnu-tools-for-stm32.10.3-2021.10.win32_1.0.100.202210260954/tools/bin/../lib/gcc/arm-none-eabi/10.3.1/thumb/v7e-m+fp/hard/crtbegin.o
                [!provide]                        PROVIDE (__fini_array_end = .)
                0x000000000800b514                . = ALIGN (0x4)
                0x000000000800b514                _sidata = LOADADDR (.data)

.data           0x0000000020000000      0x118 load address 0x000000000800b514
                0x0000000020000000                . = ALIGN (0x4)
                0x0000000020000000                _sdata = .
 *(.data)
 *(.data*)
 .data.gWIZNETINFO
                0x0000000020000000       0x17 ./Core/Src/main.o
                0x0000000020000000                gWIZNETINFO
 *fill*         0x0000000020000017        0x1 
 .data.opts     0x0000000020000018       0x24 ./Core/Src/main.o
                0x0000000020000018                opts
 .data.TargetName
                0x000000002000003c       0x15 ./Core/Src/main.o
                0x000000002000003c                TargetName
 *fill*         0x0000000020000051        0x3 
 .data.targetIP
                0x0000000020000054        0x4 ./Core/Src/main.o
                0x0000000020000054                targetIP
 .data.targetPort
                0x0000000020000058        0x4 ./Core/Src/main.o
                0x0000000020000058                targetPort
 .data.SystemCoreClock
                0x000000002000005c        0x4 ./Core/Src/system_stm32g4xx.o
                0x000000002000005c                SystemCoreClock
 .data.uwTickPrio
                0x0000000020000060        0x4 ./Drivers/STM32G4xx_HAL_Driver/Src/stm32g4xx_hal.o
                0x0000000020000060                uwTickPrio
 .data.uwTickFreq
                0x0000000020000064        0x4 ./Drivers/STM32G4xx_HAL_Driver/Src/stm32g4xx_hal.o
                0x0000000020000064                uwTickFreq
 .data.sock_any_port
                0x0000000020000068        0x2 ./Drivers/ioLibrary_Driver/Ethernet/socket.o
 *fill*         0x000000002000006a        0x2 
 .data.WIZCHIP  0x000000002000006c       0x2c ./Drivers/ioLibrary_Driver/Ethernet/wizchip_conf.o
                0x000000002000006c                WIZCHIP
 .data.dhcp_lease_time
                0x0000000020000098        0x4 ./Drivers/ioLibrary_Driver/Internet/DHCP/dhcp.o
                0x0000000020000098                dhcp_lease_time
 .data.dhcp_tick_next
                0x000000002000009c        0x4 ./Drivers/ioLibrary_Driver/Internet/DHCP/dhcp.o
                0x000000002000009c                dhcp_tick_next
 .data.HOST_NAME
                0x00000000200000a0        0x8 ./Drivers/ioLibrary_Driver/Internet/DHCP/dhcp.o
                0x00000000200000a0                HOST_NAME
 .data.dhcp_ip_assign
                0x00000000200000a8        0x4 ./Drivers/ioLibrary_Driver/Internet/DHCP/dhcp.o
                0x00000000200000a8                dhcp_ip_assign
 .data.dhcp_ip_update
                0x00000000200000ac        0x4 ./Drivers/ioLibrary_Driver/Internet/DHCP/dhcp.o
                0x00000000200000ac                dhcp_ip_update
 .data.dhcp_ip_conflict
                0x00000000200000b0        0x4 ./Drivers/ioLibrary_Driver/Internet/DHCP/dhcp.o
                0x00000000200000b0                dhcp_ip_conflict
 .data._impure_ptr
                0x00000000200000b4        0x4 c:/st/stm32cubeide_1.10.0/stm32cubeide/plugins/com.st.stm32cube.ide.mcu.externaltools.gnu-tools-for-stm32.10.3-2021.10.win32_1.0.100.202210260954/tools/bin/../lib/gcc/arm-none-eabi/10.3.1/../../../../arm-none-eabi/lib/thumb/v7e-m+fp/hard\libc_nano.a(lib_a-impure.o)
                0x00000000200000b4                _impure_ptr
 .data.impure_data
                0x00000000200000b8       0x60 c:/st/stm32cubeide_1.10.0/stm32cubeide/plugins/com.st.stm32cube.ide.mcu.externaltools.gnu-tools-for-stm32.10.3-2021.10.win32_1.0.100.202210260954/tools/bin/../lib/gcc/arm-none-eabi/10.3.1/../../../../arm-none-eabi/lib/thumb/v7e-m+fp/hard\libc_nano.a(lib_a-impure.o)
 *(.RamFunc)
 *(.RamFunc*)
                0x0000000020000118                . = ALIGN (0x4)
                0x0000000020000118                _edata = .

.igot.plt       0x0000000020000118        0x0 load address 0x000000000800b62c
 .igot.plt      0x0000000020000118        0x0 c:/st/stm32cubeide_1.10.0/stm32cubeide/plugins/com.st.stm32cube.ide.mcu.externaltools.gnu-tools-for-stm32.10.3-2021.10.win32_1.0.100.202210260954/tools/bin/../lib/gcc/arm-none-eabi/10.3.1/thumb/v7e-m+fp/hard/crtbegin.o
                0x0000000020000118                . = ALIGN (0x4)

.bss            0x0000000020000118     0x19dc load address 0x000000000800b62c
                0x0000000020000118                _sbss = .
                0x0000000020000118                __bss_start__ = _sbss
 *(.bss)
 .bss           0x0000000020000118       0x1c c:/st/stm32cubeide_1.10.0/stm32cubeide/plugins/com.st.stm32cube.ide.mcu.externaltools.gnu-tools-for-stm32.10.3-2021.10.win32_1.0.100.202210260954/tools/bin/../lib/gcc/arm-none-eabi/10.3.1/thumb/v7e-m+fp/hard/crtbegin.o
 *(.bss*)
 .bss.ethBuf1   0x0000000020000134      0x800 ./Core/Src/main.o
                0x0000000020000134                ethBuf1
 .bss.ethBuf2   0x0000000020000934      0x800 ./Core/Src/main.o
                0x0000000020000934                ethBuf2
 .bss.ethBuf3   0x0000000020001134      0x800 ./Core/Src/main.o
                0x0000000020001134                ethBuf3
 .bss.uartBuf   0x0000000020001934       0x40 ./Core/Src/main.o
                0x0000000020001934                uartBuf
 .bss.uartBufLen
                0x0000000020001974        0x1 ./Core/Src/main.o
                0x0000000020001974                uartBufLen
 .bss.dhcp_retry
                0x0000000020001975        0x1 ./Core/Src/main.o
                0x0000000020001975                dhcp_retry
 *fill*         0x0000000020001976        0x2 
 .bss.hspi1     0x0000000020001978       0x64 ./Core/Src/spi.o
                0x0000000020001978                hspi1
 .bss.__sbrk_heap_end
                0x00000000200019dc        0x4 ./Core/Src/sysmem.o
 .bss.huart2    0x00000000200019e0       0x90 ./Core/Src/usart.o
                0x00000000200019e0                huart2
 .bss.uwTick    0x0000000020001a70        0x4 ./Drivers/STM32G4xx_HAL_Driver/Src/stm32g4xx_hal.o
                0x0000000020001a70                uwTick
 .bss.sock_io_mode
                0x0000000020001a74        0x2 ./Drivers/ioLibrary_Driver/Ethernet/socket.o
 .bss.sock_is_sending
                0x0000000020001a76        0x2 ./Drivers/ioLibrary_Driver/Ethernet/socket.o
 .bss.sock_remained_size
                0x0000000020001a78       0x10 ./Drivers/ioLibrary_Driver/Ethernet/socket.o
 .bss.sock_pack_info
                0x0000000020001a88        0x8 ./Drivers/ioLibrary_Driver/Ethernet/socket.o
                0x0000000020001a88                sock_pack_info
 .bss._DNS_     0x0000000020001a90        0x4 ./Drivers/ioLibrary_Driver/Ethernet/wizchip_conf.o
 .bss._DHCP_    0x0000000020001a94        0x1 ./Drivers/ioLibrary_Driver/Ethernet/wizchip_conf.o
 .bss.DHCP_SOCKET
                0x0000000020001a95        0x1 ./Drivers/ioLibrary_Driver/Internet/DHCP/dhcp.o
                0x0000000020001a95                DHCP_SOCKET
 *fill*         0x0000000020001a96        0x2 
 .bss.DHCP_SIP  0x0000000020001a98        0x4 ./Drivers/ioLibrary_Driver/Internet/DHCP/dhcp.o
                0x0000000020001a98                DHCP_SIP
 .bss.DHCP_REAL_SIP
                0x0000000020001a9c        0x4 ./Drivers/ioLibrary_Driver/Internet/DHCP/dhcp.o
                0x0000000020001a9c                DHCP_REAL_SIP
 .bss.OLD_allocated_ip
                0x0000000020001aa0        0x4 ./Drivers/ioLibrary_Driver/Internet/DHCP/dhcp.o
                0x0000000020001aa0                OLD_allocated_ip
 .bss.DHCP_allocated_ip
                0x0000000020001aa4        0x4 ./Drivers/ioLibrary_Driver/Internet/DHCP/dhcp.o
                0x0000000020001aa4                DHCP_allocated_ip
 .bss.DHCP_allocated_gw
                0x0000000020001aa8        0x4 ./Drivers/ioLibrary_Driver/Internet/DHCP/dhcp.o
                0x0000000020001aa8                DHCP_allocated_gw
 .bss.DHCP_allocated_sn
                0x0000000020001aac        0x4 ./Drivers/ioLibrary_Driver/Internet/DHCP/dhcp.o
                0x0000000020001aac                DHCP_allocated_sn
 .bss.DHCP_allocated_dns
                0x0000000020001ab0        0x4 ./Drivers/ioLibrary_Driver/Internet/DHCP/dhcp.o
                0x0000000020001ab0                DHCP_allocated_dns
 .bss.dhcp_state
                0x0000000020001ab4        0x1 ./Drivers/ioLibrary_Driver/Internet/DHCP/dhcp.o
                0x0000000020001ab4                dhcp_state
 .bss.dhcp_retry_count
                0x0000000020001ab5        0x1 ./Drivers/ioLibrary_Driver/Internet/DHCP/dhcp.o
                0x0000000020001ab5                dhcp_retry_count
 *fill*         0x0000000020001ab6        0x2 
 .bss.dhcp_tick_1s
                0x0000000020001ab8        0x4 ./Drivers/ioLibrary_Driver/Internet/DHCP/dhcp.o
                0x0000000020001ab8                dhcp_tick_1s
 .bss.DHCP_XID  0x0000000020001abc        0x4 ./Drivers/ioLibrary_Driver/Internet/DHCP/dhcp.o
                0x0000000020001abc                DHCP_XID
 .bss.pDHCPMSG  0x0000000020001ac0        0x4 ./Drivers/ioLibrary_Driver/Internet/DHCP/dhcp.o
                0x0000000020001ac0                pDHCPMSG
 .bss.DHCP_CHADDR
                0x0000000020001ac4        0x6 ./Drivers/ioLibrary_Driver/Internet/DHCP/dhcp.o
                0x0000000020001ac4                DHCP_CHADDR
 *fill*         0x0000000020001aca        0x2 
 .bss.pDNSMSG   0x0000000020001acc        0x4 ./Drivers/ioLibrary_Driver/Internet/DNS/dns.o
                0x0000000020001acc                pDNSMSG
 .bss.DNS_SOCKET
                0x0000000020001ad0        0x1 ./Drivers/ioLibrary_Driver/Internet/DNS/dns.o
                0x0000000020001ad0                DNS_SOCKET
 *fill*         0x0000000020001ad1        0x1 
 .bss.DNS_MSGID
                0x0000000020001ad2        0x2 ./Drivers/ioLibrary_Driver/Internet/DNS/dns.o
                0x0000000020001ad2                DNS_MSGID
 .bss.dns_1s_tick
                0x0000000020001ad4        0x4 ./Drivers/ioLibrary_Driver/Internet/DNS/dns.o
                0x0000000020001ad4                dns_1s_tick
 .bss.retry_count
                0x0000000020001ad8        0x1 ./Drivers/ioLibrary_Driver/Internet/DNS/dns.o
 *fill*         0x0000000020001ad9        0x3 
 .bss.MilliTimer
                0x0000000020001adc        0x4 ./Drivers/ioLibrary_Driver/Internet/MQTT/mqtt_interface.o
                0x0000000020001adc                MilliTimer
 .bss.bufptr    0x0000000020001ae0        0x4 ./Drivers/ioLibrary_Driver/Internet/MQTT/MQTTPacket/src/MQTTPacket.o
 .bss.__malloc_free_list
                0x0000000020001ae4        0x4 c:/st/stm32cubeide_1.10.0/stm32cubeide/plugins/com.st.stm32cube.ide.mcu.externaltools.gnu-tools-for-stm32.10.3-2021.10.win32_1.0.100.202210260954/tools/bin/../lib/gcc/arm-none-eabi/10.3.1/../../../../arm-none-eabi/lib/thumb/v7e-m+fp/hard\libc_nano.a(lib_a-nano-mallocr.o)
                0x0000000020001ae4                __malloc_free_list
 .bss.__malloc_sbrk_start