Archive member included to satisfy reference by file (symbol)

c:/st/stm32cubeide_1.10.0/stm32cubeide/plugins/com.st.stm32cube.ide.mcu.externaltools.gnu-tools-for-stm32.10.3-2021.10.win32_1.0.100.202210260954/tools/bin/../lib/gcc/arm-none-eabi/10.3.1/../../../../arm-none-eabi/lib/thumb/v7e-m+fp/hard\libc_nano.a(lib_a-atoi.o)
                              ./Drivers/ioLibrary_Driver/Internet/FTPServer/ftpd.o (atoi)
c:/st/stm32cubeide_1.10.0/stm32cubeide/plugins/com.st.stm32cube.ide.mcu.externaltools.gnu-tools-for-stm32.10.3-2021.10.win32_1.0.100.202210260954/tools/bin/../lib/gcc/arm-none-eabi/10.3.1/../../../../arm-none-eabi/lib/thumb/v7e-m+fp/hard\libc_nano.a(lib_a-ctype_.o)
                              ./Drivers/ioLibrary_Driver/Internet/FTPServer/ftpd.o (_ctype_)
c:/st/stm32cubeide_1.10.0/stm32cubeide/plugins/com.st.stm32cube.ide.mcu.externaltools.gnu-tools-for-stm32.10.3-2021.10.win32_1.0.100.202210260954/tools/bin/../lib/gcc/arm-none-eabi/10.3.1/../../../../arm-none-eabi/lib/thumb/v7e-m+fp/hard\libc_nano.a(lib_a-errno.o)
                              ./Core/Src/syscalls.o (__errno)
c:/st/stm32cubeide_1.10.0/stm32cubeide/plugins/com.st.stm32cube.ide.mcu.externaltools.gnu-tools-for-stm32.10.3-2021.10.win32_1.0.100.202210260954/tools/bin/../lib/gcc/arm-none-eabi/10.3.1/../../../../arm-none-eabi/lib/thumb/v7e-m+fp/hard\libc_nano.a(lib_a-exit.o)
                              c:/st/stm32cubeide_1.10.0/stm32cubeide/plugins/com.st.stm32cube.ide.mcu.externaltools.gnu-tools-for-stm32.10.3-2021.10.win32_1.0.100.202210260954/tools/bin/../lib/gcc/arm-none-eabi/10.3.1/../../../../arm-none-eabi/lib/thumb/v7e-m+fp/hard/crt0.o (exit)
c:/st/stm32cubeide_1.10.0/stm32cubeide/plugins/com.st.stm32cube.ide.mcu.externaltools.gnu-tools-for-stm32.10.3-2021.10.win32_1.0.100.202210260954/tools/bin/../lib/gcc/arm-none-eabi/10.3.1/../../../../arm-none-eabi/lib/thumb/v7e-m+fp/hard\libc_nano.a(lib_a-impure.o)
                              c:/st/stm32cubeide_1.10.0/stm32cubeide/plugins/com.st.stm32cube.ide.mcu.externaltools.gnu-tools-for-stm32.10.3-2021.10.win32_1.0.100.202210260954/tools/bin/../lib/gcc/arm-none-eabi/10.3.1/../../../../arm-none-eabi/lib/thumb/v7e-m+fp/hard\libc_nano.a(lib_a-exit.o) (_global_impure_ptr)
c:/st/stm32cubeide_1.10.0/stm32cubeide/plugins/com.st.stm32cube.ide.mcu.externaltools.gnu-tools-for-stm32.10.3-2021.10.win32_1.0.100.202210260954/tools/bin/../lib/gcc/arm-none-eabi/10.3.1/../../../../arm-none-eabi/lib/thumb/v7e-m+fp/hard\libc_nano.a(lib_a-init.o)
                              c:/st/stm32cubeide_1.10.0/stm32cubeide/plugins/com.st.stm32cube.ide.mcu.externaltools.gnu-tools-for-stm32.10.3-2021.10.win32_1.0.100.202210260954/tools/bin/../lib/gcc/arm-none-eabi/10.3.1/../../../../arm-none-eabi/lib/thumb/v7e-m+fp/hard/crt0.o (__libc_init_array)
c:/st/stm32cubeide_1.10.0/stm32cubeide/plugins/com.st.stm32cube.ide.mcu.externaltools.gnu-tools-for-stm32.10.3-2021.10.win32_1.0.100.202210260954/tools/bin/../lib/gcc/arm-none-eabi/10.3.1/../../../../arm-none-eabi/lib/thumb/v7e-m+fp/hard\libc_nano.a(lib_a-malloc.o)
                              ./Drivers/ioLibrary_Driver/Internet/httpServer/httpServer.o (malloc)
c:/st/stm32cubeide_1.10.0/stm32cubeide/plugins/com.st.stm32cube.ide.mcu.externaltools.gnu-tools-for-stm32.10.3-2021.10.win32_1.0.100.202210260954/tools/bin/../lib/gcc/arm-none-eabi/10.3.1/../../../../arm-none-eabi/lib/thumb/v7e-m+fp/hard\libc_nano.a(lib_a-memcmp.o)
                              ./Drivers/ioLibrary_Driver/Internet/MQTT/MQTTPacket/src/MQTTConnectServer.o (memcmp)
c:/st/stm32cubeide_1.10.0/stm32cubeide/plugins/com.st.stm32cube.ide.mcu.externaltools.gnu-tools-for-stm32.10.3-2021.10.win32_1.0.100.202210260954/tools/bin/../lib/gcc/arm-none-eabi/10.3.1/../../../../arm-none-eabi/lib/thumb/v7e-m+fp/hard\libc_nano.a(lib_a-memcpy-stub.o)
                              ./Core/Src/main.o (memcpy)
c:/st/stm32cubeide_1.10.0/stm32cubeide/plugins/com.st.stm32cube.ide.mcu.externaltools.gnu-tools-for-stm32.10.3-2021.10.win32_1.0.100.202210260954/tools/bin/../lib/gcc/arm-none-eabi/10.3.1/../../../../arm-none-eabi/lib/thumb/v7e-m+fp/hard\libc_nano.a(lib_a-memset.o)
                              c:/st/stm32cubeide_1.10.0/stm32cubeide/plugins/com.st.stm32cube.ide.mcu.externaltools.gnu-tools-for-stm32.10.3-2021.10.win32_1.0.100.202210260954/tools/bin/../lib/gcc/arm-none-eabi/10.3.1/../../../../arm-none-eabi/lib/thumb/v7e-m+fp/hard/crt0.o (memset)
c:/st/stm32cubeide_1.10.0/stm32cubeide/plugins/com.st.stm32cube.ide.mcu.externaltools.gnu-tools-for-stm32.10.3-2021.10.win32_1.0.100.202210260954/tools/bin/../lib/gcc/arm-none-eabi/10.3.1/../../../../arm-none-eabi/lib/thumb/v7e-m+fp/hard\libc_nano.a(lib_a-nano-freer.o)
                              c:/st/stm32cubeide_1.10.0/stm32cubeide/plugins/com.st.stm32cube.ide.mcu.externaltools.gnu-tools-for-stm32.10.3-2021.10.win32_1.0.100.202210260954/tools/bin/../lib/gcc/arm-none-eabi/10.3.1/../../../../arm-none-eabi/lib/thumb/v7e-m+fp/hard\libc_nano.a(lib_a-malloc.o) (_free_r)
[...]
Memory Configuration

Name             Origin             Length             Attributes
RAM              0x0000000020000000 0x0000000000008000 xrw
FLASH            0x0000000008000000 0x0000000000020000 xr
*default*        0x0000000000000000 0xffffffffffffffff

Linker script and memory map

LOAD c:/st/stm32cubeide_1.10.0/stm32cubeide/plugins/com.st.stm32cube.ide.mcu.externaltools.gnu-tools-for-stm32.10.3-2021.10.win32_1.0.100.202210260954/tools/bin/../lib/gcc/arm-none-eabi/10.3.1/thumb/v7e-m+fp/hard/crti.o
LOAD c:/st/stm32cubeide_1.10.0/stm32cubeide/plugins/com.st.stm32cube.ide.mcu.externaltools.gnu-tools-for-stm32.10.3-2021.10.win32_1.0.100.202210260954/tools/bin/../lib/gcc/arm-none-eabi/10.3.1/thumb/v7e-m+fp/hard/crtbegin.o
LOAD c:/st/stm32cubeide_1.10.0/stm32cubeide/plugins/com.st.stm32cube.ide.mcu.externaltools.gnu-tools-for-stm32.10.3-2021.10.win32_1.0.100.202210260954/tools/bin/../lib/gcc/arm-none-eabi/10.3.1/../../../../arm-none-eabi/lib/thumb/v7e-m+fp/hard/crt0.o
LOAD ./Core/Src/gpio.o
LOAD ./Core/Src/main.o
LOAD ./Core/Src/serialCommand.o
LOAD ./Core/Src/spi.o
LOAD ./Core/Src/stm32g4xx_hal_msp.o
LOAD ./Core/Src/stm32g4xx_it.o
LOAD ./Core/Src/syscalls.o
LOAD ./Core/Src/sysmem.o
LOAD ./Core/Src/system_stm32g4xx.o
LOAD ./Core/Src/usart.o
LOAD ./Core/Startup/startup_stm32g431kbtx.o
LOAD ./Drivers/STM32G4xx_HAL_Driver/Src/stm32g4xx_hal.o
LOAD ./Drivers/STM32G4xx_HAL_Driver/Src/stm32g4xx_hal_cortex.o
LOAD ./Drivers/STM32G4xx_HAL_Driver/Src/stm32g4xx_hal_dma.o
LOAD ./Drivers/STM32G4xx_HAL_Driver/Src/stm32g4xx_hal_dma_ex.o
LOAD ./Drivers/STM32G4xx_HAL_Driver/Src/stm32g4xx_hal_exti.o
LOAD ./Drivers/STM32G4xx_HAL_Driver/Src/stm32g4xx_hal_flash.o
LOAD ./Drivers/STM32G4xx_HAL_Driver/Src/stm32g4xx_hal_flash_ex.o
LOAD ./Drivers/STM32G4xx_HAL_Driver/Src/stm32g4xx_hal_flash_ramfunc.o
LOAD ./Drivers/STM32G4xx_HAL_Driver/Src/stm32g4xx_hal_gpio.o
LOAD ./Drivers/STM32G4xx_HAL_Driver/Src/stm32g4xx_hal_pwr.o
LOAD ./Drivers/STM32G4xx_HAL_Driver/Src/stm32g4xx_hal_pwr_ex.o
LOAD ./Drivers/STM32G4xx_HAL_Driver/Src/stm32g4xx_hal_rcc.o
LOAD ./Drivers/STM32G4xx_HAL_Driver/Src/stm32g4xx_hal_rcc_ex.o
LOAD ./Drivers/STM32G4xx_HAL_Driver/Src/stm32g4xx_hal_spi.o
LOAD ./Drivers/STM32G4xx_HAL_Driver/Src/stm32g4xx_hal_spi_ex.o
LOAD ./Drivers/STM32G4xx_HAL_Driver/Src/stm32g4xx_hal_uart.o
LOAD ./Drivers/STM32G4xx_HAL_Driver/Src/stm32g4xx_hal_uart_ex.o
LOAD ./Drivers/ioLibrary_Driver/Application/loopback/loopback.o
LOAD ./Drivers/ioLibrary_Driver/Application/multicast/multicast.o
LOAD ./Drivers/ioLibrary_Driver/Ethernet/W5100/w5100.o
LOAD ./Drivers/ioLibrary_Driver/Ethernet/W5100S/w5100s.o
LOAD ./Drivers/ioLibrary_Driver/Ethernet/W5200/w5200.o
LOAD ./Drivers/ioLibrary_Driver/Ethernet/W5300/w5300.o
LOAD ./Drivers/ioLibrary_Driver/Ethernet/W5500/w5500.o
LOAD ./Drivers/ioLibrary_Driver/Ethernet/socket.o
LOAD ./Drivers/ioLibrary_Driver/Ethernet/wizchip_conf.o
LOAD ./Drivers/ioLibrary_Driver/Internet/DHCP/dhcp.o
LOAD ./Drivers/ioLibrary_Driver/Internet/DNS/dns.o
LOAD ./Drivers/ioLibrary_Driver/Internet/FTPClient/ftpc.o
LOAD ./Drivers/ioLibrary_Driver/Internet/FTPServer/ftpd.o
LOAD ./Drivers/ioLibrary_Driver/Internet/MQTT/MQTTClient.o
LOAD ./Drivers/ioLibrary_Driver/Internet/MQTT/mqtt_interface.o
LOAD ./Drivers/ioLibrary_Driver/Internet/MQTT/MQTTPacket/src/MQTTConnectClient.o
LOAD ./Drivers/ioLibrary_Driver/Internet/MQTT/MQTTPacket/src/MQTTConnectServer.o
LOAD ./Drivers/ioLibrary_Driver/Internet/MQTT/MQTTPacket/src/MQTTDeserializePublish.o
LOAD ./Drivers/ioLibrary_Driver/Internet/MQTT/MQTTPacket/src/MQTTFormat.o
LOAD ./Drivers/ioLibrary_Driver/Internet/MQTT/MQTTPacket/src/MQTTPacket.o
LOAD ./Drivers/ioLibrary_Driver/Internet/MQTT/MQTTPacket/src/MQTTSerializePublish.o
LOAD ./Drivers/ioLibrary_Driver/Internet/MQTT/MQTTPacket/src/MQTTSubscribeClient.o
LOAD ./Drivers/ioLibrary_Driver/Internet/MQTT/MQTTPacket/src/MQTTSubscribeServer.o
LOAD ./Drivers/ioLibrary_Driver/Internet/MQTT/MQTTPacket/src/MQTTUnsubscribeClient.o
LOAD ./Drivers/ioLibrary_Driver/Internet/MQTT/MQTTPacket/src/MQTTUnsubscribeServer.o
LOAD ./Drivers/ioLibrary_Driver/Internet/SNMP/snmp.o
LOAD ./Drivers/ioLibrary_Driver/Internet/SNMP/snmp_custom.o
LOAD ./Drivers/ioLibrary_Driver/Internet/SNTP/sntp.o
LOAD ./Drivers/ioLibrary_Driver/Internet/TFTP/netutil.o
LOAD ./Drivers/ioLibrary_Driver/Internet/TFTP/tftp.o
LOAD ./Drivers/ioLibrary_Driver/Internet/httpServer/httpParser.o
LOAD ./Drivers/ioLibrary_Driver/Internet/httpServer/httpServer.o
LOAD ./Drivers/ioLibrary_Driver/Internet/httpServer/httpUtil.o
LOAD ./W5500/W5500Interface.o
START GROUP
LOAD c:/st/stm32cubeide_1.10.0/stm32cubeide/plugins/com.st.stm32cube.ide.mcu.externaltools.gnu-tools-for-stm32.10.3-2021.10.win32_1.0.100.202210260954/tools/bin/../lib/gcc/arm-none-eabi/10.3.1/../../../../arm-none-eabi/lib/thumb/v7e-m+fp/hard\libstdc++_nano.a
LOAD c:/st/stm32cubeide_1.10.0/stm32cubeide/plugins/com.st.stm32cube.ide.mcu.externaltools.gnu-tools-for-stm32.10.3-2021.10.win32_1.0.100.202210260954/tools/bin/../lib/gcc/arm-none-eabi/10.3.1/../../../../arm-none-eabi/lib/thumb/v7e-m+fp/hard\libsupc++_nano.a
END GROUP
LOAD c:/st/stm32cubeide_1.10.0/stm32cubeide/plugins/com.st.stm32cube.ide.mcu.externaltools.gnu-tools-for-stm32.10.3-2021.10.win32_1.0.100.202210260954/tools/bin/../lib/gcc/arm-none-eabi/10.3.1/../../../../arm-none-eabi/lib/thumb/v7e-m+fp/hard\libstdc++_nano.a
LOAD c:/st/stm32cubeide_1.10.0/stm32cubeide/plugins/com.st.stm32cube.ide.mcu.externaltools.gnu-tools-for-stm32.10.3-2021.10.win32_1.0.100.202210260954/tools/bin/../lib/gcc/arm-none-eabi/10.3.1/../../../../arm-none-eabi/lib/thumb/v7e-m+fp/hard\libm.a
LOAD c:/st/stm32cubeide_1.10.0/stm32cubeide/plugins/com.st.stm32cube.ide.mcu.externaltools.gnu-tools-for-stm32.10.3-2021.10.win32_1.0.100.202210260954/tools/bin/../lib/gcc/arm-none-eabi/10.3.1/../../../../arm-none-eabi/lib/thumb/v7e-m+fp/hard\libc_nano.a
START GROUP
LOAD c:/st/stm32cubeide_1.10.0/stm32cubeide/plugins/com.st.stm32cube.ide.mcu.externaltools.gnu-tools-for-stm32.10.3-2021.10.win32_1.0.100.202210260954/tools/bin/../lib/gcc/arm-none-eabi/10.3.1/thumb/v7e-m+fp/hard\libgcc.a
LOAD c:/st/stm32cubeide_1.10.0/stm32cubeide/plugins/com.st.stm32cube.ide.mcu.externaltools.gnu-tools-for-stm32.10.3-2021.10.win32_1.0.100.202210260954/tools/bin/../lib/gcc/arm-none-eabi/10.3.1/../../../../arm-none-eabi/lib/thumb/v7e-m+fp/hard\libc_nano.a
END GROUP
START GROUP
LOAD c:/st/stm32cubeide_1.10.0/stm32cubeide/plugins/com.st.stm32cube.ide.mcu.externaltools.gnu-tools-for-stm32.10.3-2021.10.win32_1.0.100.202210260954/tools/bin/../lib/gcc/arm-none-eabi/10.3.1/thumb/v7e-m+fp/hard\libgcc.a
LOAD c:/st/stm32cubeide_1.10.0/stm32cubeide/plugins/com.st.stm32cube.ide.mcu.externaltools.gnu-tools-for-stm32.10.3-2021.10.win32_1.0.100.202210260954/tools/bin/../lib/gcc/arm-none-eabi/10.3.1/../../../../arm-none-eabi/lib/thumb/v7e-m+fp/hard\libc_nano.a
LOAD c:/st/stm32cubeide_1.10.0/stm32cubeide/plugins/com.st.stm32cube.ide.mcu.externaltools.gnu-tools-for-stm32.10.3-2021.10.win32_1.0.100.202210260954/tools/bin/../lib/gcc/arm-none-eabi/10.3.1/../../../../arm-none-eabi/lib/thumb/v7e-m+fp/hard\libnosys.a
END GROUP
START GROUP
LOAD c:/st/stm32cubeide_1.10.0/stm32cubeide/plugins/com.st.stm32cube.ide.mcu.externaltools.gnu-tools-for-stm32.10.3-2021.10.win32_1.0.100.202210260954/tools/bin/../lib/gcc/arm-none-eabi/10.3.1/thumb/v7e-m+fp/hard\libgcc.a
LOAD c:/st/stm32cubeide_1.10.0/stm32cubeide/plugins/com.st.stm32cube.ide.mcu.externaltools.gnu-tools-for-stm32.10.3-2021.10.win32_1.0.100.202210260954/tools/bin/../lib/gcc/arm-none-eabi/10.3.1/../../../../arm-none-eabi/lib/thumb/v7e-m+fp/hard\libc_nano.a
LOAD c:/st/stm32cubeide_1.10.0/stm32cubeide/plugins/com.st.stm32cube.ide.mcu.externaltools.gnu-tools-for-stm32.10.3-2021.10.win32_1.0.100.202210260954/tools/bin/../lib/gcc/arm-none-eabi/10.3.1/../../../../arm-none-eabi/lib/thumb/v7e-m+fp/hard\libnosys.a
END GROUP
LOAD c:/st/stm32cubeide_1.10.0/stm32cubeide/plugins/com.st.stm32cube.ide.mcu.externaltools.gnu-tools-for-stm32.10.3-2021.10.win32_1.0.100.202210260954/tools/bin/../lib/gcc/arm-none-eabi/10.3.1/thumb/v7e-m+fp/hard/crtend.o
LOAD c:/st/stm32cubeide_1.10.0/stm32cubeide/plugins/com.st.stm32cube.ide.mcu.externaltools.gnu-tools-for-stm32.10.3-2021.10.win32_1.0.100.202210260954/tools/bin/../lib/gcc/arm-none-eabi/10.3.1/thumb/v7e-m+fp/hard/crtn.o
                0x0000000020008000                _estack = (ORIGIN (RAM) + LENGTH (RAM))
                0x0000000000000200                _Min_Heap_Size = 0x200
                0x0000000000000400                _Min_Stack_Size = 0x400

.isr_vector     0x0000000008000000      0x1d8
                0x0000000008000000                . = ALIGN (0x4)
 *(.isr_vector)
 .isr_vector    0x0000000008000000      0x1d8 ./Core/Startup/startup_stm32g431kbtx.o
                0x0000000008000000                g_pfnVectors
                0x00000000080001d8                . = ALIGN (0x4)

.text           0x00000000080001e0     0xbcc0
                0x00000000080001e0                . = ALIGN (0x4)
 *(.text)
 .text          0x00000000080001e0       0x40 c:/st/stm32cubeide_1.10.0/stm32cubeide/plugins/com.st.stm32cube.ide.mcu.externaltools.gnu-tools-for-stm32.10.3-2021.10.win32_1.0.100.202210260954/tools/bin/../lib/gcc/arm-none-eabi/10.3.1/thumb/v7e-m+fp/hard/crtbegin.o
 .text          0x0000000008000220       0x10 c:/st/stm32cubeide_1.10.0/stm32cubeide/plugins/com.st.stm32cube.ide.mcu.externaltools.gnu-tools-for-stm32.10.3-2021.10.win32_1.0.100.202210260954/tools/bin/../lib/gcc/arm-none-eabi/10.3.1/../../../../arm-none-eabi/lib/thumb/v7e-m+fp/hard\libc_nano.a(lib_a-strlen.o)
                0x0000000008000220                strlen
 .text          0x0000000008000230       0xa0 c:/st/stm32cubeide_1.10.0/stm32cubeide/plugins/com.st.stm32cube.ide.mcu.externaltools.gnu-tools-for-stm32.10.3-2021.10.win32_1.0.100.202210260954/tools/bin/../lib/gcc/arm-none-eabi/10.3.1/../../../../arm-none-eabi/lib/thumb/v7e-m+fp/hard\libc_nano.a(lib_a-memchr.o)
                0x0000000008000230                memchr
 .text          0x00000000080002d0       0x30 c:/st/stm32cubeide_1.10.0/stm32cubeide/plugins/com.st.stm32cube.ide.mcu.externaltools.gnu-tools-for-stm32.10.3-2021.10.win32_1.0.100.202210260954/tools/bin/../lib/gcc/arm-none-eabi/10.3.1/thumb/v7e-m+fp/hard\libgcc.a(_aeabi_uldivmod.o)
                0x00000000080002d0                __aeabi_uldivmod
 .text          0x0000000008000300      0x2d0 c:/st/stm32cubeide_1.10.0/stm32cubeide/plugins/com.st.stm32cube.ide.mcu.externaltools.gnu-tools-for-stm32.10.3-2021.10.win32_1.0.100.202210260954/tools/bin/../lib/gcc/arm-none-eabi/10.3.1/thumb/v7e-m+fp/hard\libgcc.a(_udivmoddi4.o)
                0x0000000008000300                __udivmoddi4
 .text          0x00000000080005d0      0x9d8 c:/st/stm32cubeide_1.10.0/stm32cubeide/plugins/com.st.stm32cube.ide.mcu.externaltools.gnu-tools-for-stm32.10.3-2021.10.win32_1.0.100.202210260954/tools/bin/../lib/gcc/arm-none-eabi/10.3.1/thumb/v7e-m+fp/hard\libgcc.a(unwind-arm.o)
                0x0000000008000878                _Unwind_GetCFA
                0x000000000800087c                __gnu_Unwind_RaiseException
                0x00000000080008e4                __gnu_Unwind_ForcedUnwind
                0x00000000080008f4                __gnu_Unwind_Resume
                0x0000000008000938                __gnu_Unwind_Resume_or_Rethrow
                0x0000000008000948                _Unwind_Complete
                0x000000000800094c                _Unwind_DeleteException
                0x0000000008000958                _Unwind_VRS_Get
                0x00000000080009a4                _Unwind_VRS_Set
                0x00000000080009ec                __gnu_Unwind_Backtrace
                0x0000000008000d18                __aeabi_unwind_cpp_pr0
                0x0000000008000d1c                __aeabi_unwind_cpp_pr1
                0x0000000008000d20                __aeabi_unwind_cpp_pr2
                0x0000000008000d24                _Unwind_VRS_Pop
 .text          0x0000000008000fa8      0x1ac c:/st/stm32cubeide_1.10.0/stm32cubeide/plugins/com.st.stm32cube.ide.mcu.externaltools.gnu-tools-for-stm32.10.3-2021.10.win32_1.0.100.202210260954/tools/bin/../lib/gcc/arm-none-eabi/10.3.1/thumb/v7e-m+fp/hard\libgcc.a(libunwind.o)
                0x0000000008000fa8                __restore_core_regs
                0x0000000008000fa8                restore_core_regs
                0x0000000008000fc0                __gnu_Unwind_Restore_VFP
                0x0000000008000fc8                __gnu_Unwind_Save_VFP
                0x0000000008000fd0                __gnu_Unwind_Restore_VFP_D
                0x0000000008000fd8                __gnu_Unwind_Save_VFP_D
                0x0000000008000fe0                __gnu_Unwind_Restore_VFP_D_16_to_31
                0x0000000008000fe8                __gnu_Unwind_Save_VFP_D_16_to_31
                0x0000000008000ff0                __gnu_Unwind_Restore_WMMXD
                0x0000000008001034                __gnu_Unwind_Save_WMMXD
                0x0000000008001078                __gnu_Unwind_Restore_WMMXC
                0x000000000800108c                __gnu_Unwind_Save_WMMXC
                0x00000000080010a0                ___Unwind_RaiseException
                0x00000000080010a0                _Unwind_RaiseException
                0x00000000080010c4                _Unwind_Resume
                0x00000000080010c4                ___Unwind_Resume
                0x00000000080010e8                _Unwind_Resume_or_Rethrow
                0x00000000080010e8                ___Unwind_Resume_or_Rethrow
                0x000000000800110c                _Unwind_ForcedUnwind
                0x000000000800110c                ___Unwind_ForcedUnwind
                0x0000000008001130                ___Unwind_Backtrace
                0x0000000008001130                _Unwind_Backtrace
 .text          0x0000000008001154      0x350 c:/st/stm32cubeide_1.10.0/stm32cubeide/plugins/com.st.stm32cube.ide.mcu.externaltools.gnu-tools-for-stm32.10.3-2021.10.win32_1.0.100.202210260954/tools/bin/../lib/gcc/arm-none-eabi/10.3.1/thumb/v7e-m+fp/hard\libgcc.a(pr-support.o)
                0x00000000080011ac                __gnu_unwind_execute
                0x0000000008001458                __gnu_unwind_frame
                0x0000000008001484                _Unwind_GetRegionStart
                0x0000000008001490                _Unwind_GetLanguageSpecificData
 .text          0x00000000080014a4        0x4 c:/st/stm32cubeide_1.10.0/stm32cubeide/plugins/com.st.stm32cube.ide.mcu.externaltools.gnu-tools-for-stm32.10.3-2021.10.win32_1.0.100.202210260954/tools/bin/../lib/gcc/arm-none-eabi/10.3.1/thumb/v7e-m+fp/hard\libgcc.a(_dvmd_tls.o)
                0x00000000080014a4                __aeabi_idiv0
                0x00000000080014a4                __aeabi_ldiv0
 *(.text*)
 .text.MX_GPIO_Init
                0x00000000080014a8       0xa8 ./Core/Src/gpio.o
                0x00000000080014a8                MX_GPIO_Init
 .text._Z14messageArrivedP11MessageData
                0x0000000008001550       0x98 ./Core/Src/main.o
                0x0000000008001550                messageArrived(MessageData*)
 .text.main     0x00000000080015e8      0x230 ./Core/Src/main.o
                0x00000000080015e8                main
 .text._Z18SystemClock_Configv
                0x0000000008001818       0x94 ./Core/Src/main.o
                0x0000000008001818                SystemClock_Config()
 .text._Z25print_network_informationv
                0x00000000080018ac       0xe8 ./Core/Src/main.o
                0x00000000080018ac                print_network_information()
 .text._Z12process_dhcpv
                0x0000000008001994       0x60 ./Core/Src/main.o
                0x0000000008001994                process_dhcp()
 .text.Error_Handler
                0x00000000080019f4        0xa ./Core/Src/main.o
                0x00000000080019f4                Error_Handler
 *fill*         0x00000000080019fe        0x2 
 .text._write   0x0000000008001a00       0x28 ./Core/Src/serialCommand.o
                0x0000000008001a00                _write
 .text.MX_SPI1_Init
                0x0000000008001a28       0x7c ./Core/Src/spi.o
                0x0000000008001a28                MX_SPI1_Init
 .text.HAL_SPI_MspInit
                0x0000000008001aa4       0x84 ./Core/Src/spi.o
                0x0000000008001aa4                HAL_SPI_MspInit
 .text.HAL_MspInit
                0x0000000008001b28       0x48 ./Core/Src/stm32g4xx_hal_msp.o
                0x0000000008001b28                HAL_MspInit
 .text.NMI_Handler
                0x0000000008001b70        0x6 ./Core/Src/stm32g4xx_it.o
                0x0000000008001b70                NMI_Handler
 .text.HardFault_Handler
                0x0000000008001b76        0x6 ./Core/Src/stm32g4xx_it.o
                0x0000000008001b76                HardFault_Handler
 .text.MemManage_Handler
                0x0000000008001b7c        0x6 ./Core/Src/stm32g4xx_it.o
                0x0000000008001b7c                MemManage_Handler
 .text.BusFault_Handler
                0x0000000008001b82        0x6 ./Core/Src/stm32g4xx_it.o
                0x0000000008001b82                BusFault_Handler
 .text.UsageFault_Handler
                0x0000000008001b88        0x6 ./Core/Src/stm32g4xx_it.o
                0x0000000008001b88                UsageFault_Handler
 .text.SVC_Handler
                0x0000000008001b8e        0xe ./Core/Src/stm32g4xx_it.o
                0x0000000008001b8e                SVC_Handler
 .text.DebugMon_Handler
                0x0000000008001b9c        0xe ./Core/Src/stm32g4xx_it.o
                0x0000000008001b9c                DebugMon_Handler
 .text.PendSV_Handler
                0x0000000008001baa        0xe ./Core/Src/stm32g4xx_it.o
                0x0000000008001baa                PendSV_Handler
 .text.SysTick_Handler
                0x0000000008001bb8        0xc ./Core/Src/stm32g4xx_it.o
                0x0000000008001bb8                SysTick_Handler
 .text._getpid  0x0000000008001bc4       0x10 ./Core/Src/syscalls.o
                0x0000000008001bc4                _getpid
 .text._kill    0x0000000008001bd4       0x20 ./Core/Src/syscalls.o
                0x0000000008001bd4                _kill
 .text._exit    0x0000000008001bf4       0x14 ./Core/Src/syscalls.o
                0x0000000008001bf4                _exit
 .text._read    0x0000000008001c08       0x3a ./Core/Src/syscalls.o
                0x0000000008001c08                _read
 .text._close   0x0000000008001c42       0x18 ./Core/Src/syscalls.o
                0x0000000008001c42                _close
 .text._fstat   0x0000000008001c5a       0x20 ./Core/Src/syscalls.o
                0x0000000008001c5a                _fstat
 .text._isatty  0x0000000008001c7a       0x16 ./Core/Src/syscalls.o
                0x0000000008001c7a                _isatty
 .text._lseek   0x0000000008001c90       0x1a ./Core/Src/syscalls.o
                0x0000000008001c90                _lseek
 *fill*         0x0000000008001caa        0x2 
 .text._sbrk    0x0000000008001cac       0x6c ./Core/Src/sysmem.o
                0x0000000008001cac                _sbrk
 .text.SystemInit
                0x0000000008001d18       0x24 ./Core/Src/system_stm32g4xx.o
                0x0000000008001d18                SystemInit
 .text.MX_USART2_UART_Init
                0x0000000008001d3c       0x98 ./Core/Src/usart.o
                0x0000000008001d3c                MX_USART2_UART_Init
 .text.HAL_UART_MspInit
                0x0000000008001dd4       0xb0 ./Core/Src/usart.o
                0x0000000008001dd4                HAL_UART_MspInit
 .text.Reset_Handler
                0x0000000008001e84       0x50 ./Core/Startup/startup_stm32g431kbtx.o
                0x0000000008001e84                Reset_Handler
 .text.Default_Handler
                0x0000000008001ed4        0x2 ./Core/Startup/startup_stm32g431kbtx.o
                0x0000000008001ed4                RTC_Alarm_IRQHandler
                0x0000000008001ed4                EXTI2_IRQHandler
                0x0000000008001ed4                TIM8_TRG_COM_IRQHandler
                0x0000000008001ed4                TIM8_CC_IRQHandler
                0x0000000008001ed4                TIM1_CC_IRQHandler
                0x0000000008001ed4                USB_HP_IRQHandler
                0x0000000008001ed4                CORDIC_IRQHandler
                0x0000000008001ed4                EXTI3_IRQHandler
                0x0000000008001ed4                I2C3_ER_IRQHandler
                0x0000000008001ed4                EXTI0_IRQHandler
                0x0000000008001ed4                I2C2_EV_IRQHandler
                0x0000000008001ed4                FPU_IRQHandler
                0x0000000008001ed4                FDCAN1_IT1_IRQHandler
                0x0000000008001ed4                TIM1_UP_TIM16_IRQHandler
                0x0000000008001ed4                ADC1_2_IRQHandler
                0x0000000008001ed4                SPI1_IRQHandler
                0x0000000008001ed4                TIM6_DAC_IRQHandler
                0x0000000008001ed4                TIM8_UP_IRQHandler
                0x0000000008001ed4                DMA2_Channel2_IRQHandler
                0x0000000008001ed4                DMA1_Channel4_IRQHandler
                0x0000000008001ed4                USART3_IRQHandler
                0x0000000008001ed4                TIM4_IRQHandler
                0x0000000008001ed4                DMA2_Channel1_IRQHandler
                0x0000000008001ed4                I2C1_EV_IRQHandler
                0x0000000008001ed4                DMA1_Channel6_IRQHandler
                0x0000000008001ed4                UART4_IRQHandler
                0x0000000008001ed4                DMA2_Channel4_IRQHandler
                0x0000000008001ed4                TIM3_IRQHandler
                0x0000000008001ed4                RCC_IRQHandler
                0x0000000008001ed4                DMA1_Channel1_IRQHandler
                0x0000000008001ed4                Default_Handler
                0x0000000008001ed4                RTC_TAMP_LSECSS_IRQHandler
                0x0000000008001ed4                FMAC_IRQHandler
                0x0000000008001ed4                EXTI15_10_IRQHandler
                0x0000000008001ed4                TIM7_IRQHandler
                0x0000000008001ed4                UCPD1_IRQHandler
                0x0000000008001ed4                I2C3_EV_IRQHandler
                0x0000000008001ed4                EXTI9_5_IRQHandler
                0x0000000008001ed4                RTC_WKUP_IRQHandler
                0x0000000008001ed4                PVD_PVM_IRQHandler
                0x0000000008001ed4                SPI2_IRQHandler
                0x0000000008001ed4                DMA2_Channel5_IRQHandler
                0x0000000008001ed4                CRS_IRQHandler
                0x0000000008001ed4                DMA1_Channel5_IRQHandler
                0x0000000008001ed4                USB_LP_IRQHandler
                0x0000000008001ed4                EXTI4_IRQHandler
                0x0000000008001ed4                RNG_IRQHandler
                0x0000000008001ed4                TIM1_TRG_COM_TIM17_IRQHandler
                0x0000000008001ed4                DMA1_Channel3_IRQHandler
                0x0000000008001ed4                WWDG_IRQHandler
                0x0000000008001ed4                LPUART1_IRQHandler
                0x0000000008001ed4                DMA2_Channel6_IRQHandler
                0x0000000008001ed4                FDCAN1_IT0_IRQHandler
                0x0000000008001ed4                TIM2_IRQHandler
                0x0000000008001ed4                COMP1_2_3_IRQHandler
                0x0000000008001ed4                EXTI1_IRQHandler
                0x0000000008001ed4                USART2_IRQHandler
                0x0000000008001ed4                I2C2_ER_IRQHandler
                0x0000000008001ed4                DMA1_Channel2_IRQHandler
                0x0000000008001ed4                TIM8_BRK_IRQHandler
                0x0000000008001ed4                FLASH_IRQHandler
                0x0000000008001ed4                USART1_IRQHandler
                0x0000000008001ed4                SPI3_IRQHandler
                0x0000000008001ed4                I2C1_ER_IRQHandler
                0x0000000008001ed4                LPTIM1_IRQHandler
                0x0000000008001ed4                DMAMUX_OVR_IRQHandler
                0x0000000008001ed4                USBWakeUp_IRQHandler
                0x0000000008001ed4                SAI1_IRQHandler
                0x0000000008001ed4                DMA2_Channel3_IRQHandler
                0x0000000008001ed4                COMP4_IRQHandler
                0x0000000008001ed4                TIM1_BRK_TIM15_IRQHandler
 .text.HAL_Init
                0x0000000008001ed6       0x30 ./Drivers/STM32G4xx_HAL_Driver/Src/stm32g4xx_hal.o
                0x0000000008001ed6                HAL_Init
 *fill*         0x0000000008001f06        0x2 
 .text.HAL_InitTick
                0x0000000008001f08       0x74 ./Drivers/STM32G4xx_HAL_Driver/Src/stm32g4xx_hal.o
                0x0000000008001f08                HAL_InitTick
 .text.HAL_IncTick
                0x0000000008001f7c       0x24 ./Drivers/STM32G4xx_HAL_Driver/Src/stm32g4xx_hal.o
                0x0000000008001f7c                HAL_IncTick
 .text.HAL_GetTick
                0x0000000008001fa0       0x18 ./Drivers/STM32G4xx_HAL_Driver/Src/stm32g4xx_hal.o
                0x0000000008001fa0                HAL_GetTick
 .text.HAL_Delay
                0x0000000008001fb8       0x44 ./Drivers/STM32G4xx_HAL_Driver/Src/stm32g4xx_hal.o
                0x0000000008001fb8                HAL_Delay
 .text.__NVIC_SetPriorityGrouping
                0x0000000008001ffc       0x48 ./Drivers/STM32G4xx_HAL_Driver/Src/stm32g4xx_hal_cortex.o
 .text.__NVIC_GetPriorityGrouping
                0x0000000008002044       0x1c ./Drivers/STM32G4xx_HAL_Driver/Src/stm32g4xx_hal_cortex.o
 .text.__NVIC_SetPriority
                0x0000000008002060       0x54 ./Drivers/STM32G4xx_HAL_Driver/Src/stm32g4xx_hal_cortex.o
 .text.NVIC_EncodePriority
                0x00000000080020b4       0x66 ./Drivers/STM32G4xx_HAL_Driver/Src/stm32g4xx_hal_cortex.o
 *fill*         0x000000000800211a        0x2 
 .text.SysTick_Config
                0x000000000800211c       0x44 ./Drivers/STM32G4xx_HAL_Driver/Src/stm32g4xx_hal_cortex.o
 .text.HAL_NVIC_SetPriorityGrouping
                0x0000000008002160       0x16 ./Drivers/STM32G4xx_HAL_Driver/Src/stm32g4xx_hal_cortex.o
                0x0000000008002160                HAL_NVIC_SetPriorityGrouping
 .text.HAL_NVIC_SetPriority
                0x0000000008002176       0x34 ./Drivers/STM32G4xx_HAL_Driver/Src/stm32g4xx_hal_cortex.o
                0x0000000008002176                HAL_NVIC_SetPriority
 .text.HAL_SYSTICK_Config
                0x00000000080021aa       0x18 ./Drivers/STM32G4xx_HAL_Driver/Src/stm32g4xx_hal_cortex.o
                0x00000000080021aa                HAL_SYSTICK_Config
 *fill*         0x00000000080021c2        0x2 
 .text.HAL_GPIO_Init
                0x00000000080021c4      0x304 ./Drivers/STM32G4xx_HAL_Driver/Src/stm32g4xx_hal_gpio.o
                0x00000000080021c4                HAL_GPIO_Init
 .text.HAL_GPIO_WritePin
                0x00000000080024c8       0x30 ./Drivers/STM32G4xx_HAL_Driver/Src/stm32g4xx_hal_gpio.o
                0x00000000080024c8                HAL_GPIO_WritePin
 .text.HAL_PWREx_ControlVoltageScaling
                0x00000000080024f8      0x148 ./Drivers/STM32G4xx_HAL_Driver/Src/stm32g4xx_hal_pwr_ex.o
                0x00000000080024f8                HAL_PWREx_ControlVoltageScaling
 .text.HAL_RCC_OscConfig
                0x0000000008002640      0x630 ./Drivers/STM32G4xx_HAL_Driver/Src/stm32g4xx_hal_rcc.o
                0x0000000008002640                HAL_RCC_OscConfig
 .text.HAL_RCC_ClockConfig
                0x0000000008002c70      0x278 ./Drivers/STM32G4xx_HAL_Driver/Src/stm32g4xx_hal_rcc.o
                0x0000000008002c70                HAL_RCC_ClockConfig
 .text.HAL_RCC_GetSysClockFreq
                0x0000000008002ee8       0xc4 ./Drivers/STM32G4xx_HAL_Driver/Src/stm32g4xx_hal_rcc.o
                0x0000000008002ee8                HAL_RCC_GetSysClockFreq
 .text.HAL_RCC_GetHCLKFreq
                0x0000000008002fac       0x18 ./Drivers/STM32G4xx_HAL_Driver/Src/stm32g4xx_hal_rcc.o
                0x0000000008002fac                HAL_RCC_GetHCLKFreq
 .text.HAL_RCC_GetPCLK1Freq
                0x0000000008002fc4       0x2c ./Drivers/STM32G4xx_HAL_Driver/Src/stm32g4xx_hal_rcc.o
                0x0000000008002fc4                HAL_RCC_GetPCLK1Freq
 .text.HAL_RCC_GetPCLK2Freq
                0x0000000008002ff0       0x2c ./Drivers/STM32G4xx_HAL_Driver/Src/stm32g4xx_hal_rcc.o
                0x0000000008002ff0                HAL_RCC_GetPCLK2Freq
 .text.RCC_GetSysClockFreqFromPLLSource
                0x000000000800301c       0x8c ./Drivers/STM32G4xx_HAL_Driver/Src/stm32g4xx_hal_rcc.o
 .text.HAL_RCCEx_PeriphCLKConfig
                0x00000000080030a8      0x3e0 ./Drivers/STM32G4xx_HAL_Driver/Src/stm32g4xx_hal_rcc_ex.o
                0x00000000080030a8                HAL_RCCEx_PeriphCLKConfig
 .text.HAL_SPI_Init
                0x0000000008003488      0x156 ./Drivers/STM32G4xx_HAL_Driver/Src/stm32g4xx_hal_spi.o
                0x0000000008003488                HAL_SPI_Init
 .text.HAL_SPI_Transmit
                0x00000000080035de      0x2dc ./Drivers/STM32G4xx_HAL_Driver/Src/stm32g4xx_hal_spi.o
                0x00000000080035de                HAL_SPI_Transmit
 .text.HAL_SPI_Receive
                0x00000000080038ba      0x260 ./Drivers/STM32G4xx_HAL_Driver/Src/stm32g4xx_hal_spi.o
                0x00000000080038ba                HAL_SPI_Receive
 .text.HAL_SPI_TransmitReceive
                0x0000000008003b1a      0x426 ./Drivers/STM32G4xx_HAL_Driver/Src/stm32g4xx_hal_spi.o
                0x0000000008003b1a                HAL_SPI_TransmitReceive
 .text.SPI_WaitFlagStateUntilTimeout
                0x0000000008003f40      0x110 ./Drivers/STM32G4xx_HAL_Driver/Src/stm32g4xx_hal_spi.o
 .text.SPI_WaitFifoStateUntilTimeout
                0x0000000008004050      0x12c ./Drivers/STM32G4xx_HAL_Driver/Src/stm32g4xx_hal_spi.o
 .text.SPI_EndRxTransaction
                0x000000000800417c       0xb0 ./Drivers/STM32G4xx_HAL_Driver/Src/stm32g4xx_hal_spi.o
 .text.SPI_EndRxTxTransaction
                0x000000000800422c       0x8c ./Drivers/STM32G4xx_HAL_Driver/Src/stm32g4xx_hal_spi.o
 .text.HAL_UART_Init
                0x00000000080042b8       0xa0 ./Drivers/STM32G4xx_HAL_Driver/Src/stm32g4xx_hal_uart.o
                0x00000000080042b8                HAL_UART_Init
 .text.HAL_UART_Transmit
                0x0000000008004358      0x12c ./Drivers/STM32G4xx_HAL_Driver/Src/stm32g4xx_hal_uart.o
                0x0000000008004358                HAL_UART_Transmit
 .text.UART_SetConfig
                0x0000000008004484      0x598 ./Drivers/STM32G4xx_HAL_Driver/Src/stm32g4xx_hal_uart.o
                0x0000000008004484                UART_SetConfig
 .text.UART_AdvFeatureConfig
                0x0000000008004a1c      0x144 ./Drivers/STM32G4xx_HAL_Driver/Src/stm32g4xx_hal_uart.o
                0x0000000008004a1c                UART_AdvFeatureConfig
 .text.UART_CheckIdleState
                0x0000000008004b60       0x96 ./Drivers/STM32G4xx_HAL_Driver/Src/stm32g4xx_hal_uart.o
                0x0000000008004b60                UART_CheckIdleState
 .text.UART_WaitOnFlagUntilTimeout
                0x0000000008004bf6      0x190 ./Drivers/STM32G4xx_HAL_Driver/Src/stm32g4xx_hal_uart.o
                0x0000000008004bf6                UART_WaitOnFlagUntilTimeout
 .text.HAL_UARTEx_DisableFifoMode
                0x0000000008004d86       0x72 ./Drivers/STM32G4xx_HAL_Driver/Src/stm32g4xx_hal_uart_ex.o
                0x0000000008004d86                HAL_UARTEx_DisableFifoMode
 .text.HAL_UARTEx_SetTxFifoThreshold
                0x0000000008004df8       0x7c ./Drivers/STM32G4xx_HAL_Driver/Src/stm32g4xx_hal_uart_ex.o
                0x0000000008004df8                HAL_UARTEx_SetTxFifoThreshold
 .text.HAL_UARTEx_SetRxFifoThreshold
                0x0000000008004e74       0x7c ./Drivers/STM32G4xx_HAL_Driver/Src/stm32g4xx_hal_uart_ex.o
                0x0000000008004e74                HAL_UARTEx_SetRxFifoThreshold
 .text.UARTEx_SetNbDataToProcess
                0x0000000008004ef0       0x9c ./Drivers/STM32G4xx_HAL_Driver/Src/stm32g4xx_hal_uart_ex.o
 .text.WIZCHIP_READ
                0x0000000008004f8c       0x98 ./Drivers/ioLibrary_Driver/Ethernet/W5500/w5500.o
                0x0000000008004f8c                WIZCHIP_READ
 .text.WIZCHIP_WRITE
                0x0000000008005024       0x9c ./Drivers/ioLibrary_Driver/Ethernet/W5500/w5500.o
                0x0000000008005024                WIZCHIP_WRITE
 .text.WIZCHIP_READ_BUF
                0x00000000080050c0       0xc0 ./Drivers/ioLibrary_Driver/Ethernet/W5500/w5500.o
                0x00000000080050c0                WIZCHIP_READ_BUF
 .text.WIZCHIP_WRITE_BUF
                0x0000000008005180       0xc0 ./Drivers/ioLibrary_Driver/Ethernet/W5500/w5500.o
                0x0000000008005180                WIZCHIP_WRITE_BUF
 .text.getSn_TX_FSR
                0x0000000008005240       0x96 ./Drivers/ioLibrary_Driver/Ethernet/W5500/w5500.o
                0x0000000008005240                getSn_TX_FSR
 .text.getSn_RX_RSR
                0x00000000080052d6       0x96 ./Drivers/ioLibrary_Driver/Ethernet/W5500/w5500.o
                0x00000000080052d6                getSn_RX_RSR
 .text.wiz_send_data
                0x000000000800536c       0xb8 ./Drivers/ioLibrary_Driver/Ethernet/W5500/w5500.o
                0x000000000800536c                wiz_send_data
 .text.wiz_recv_data
                0x0000000008005424       0xb8 ./Drivers/ioLibrary_Driver/Ethernet/W5500/w5500.o
                0x0000000008005424                wiz_recv_data
 .text.wiz_recv_ignore
                0x00000000080054dc       0x90 ./Drivers/ioLibrary_Driver/Ethernet/W5500/w5500.o
                0x00000000080054dc                wiz_recv_ignore
 .text.socket   0x000000000800556c      0x22c ./Drivers/ioLibrary_Driver/Ethernet/socket.o
                0x000000000800556c                socket
 .text.close    0x0000000008005798       0xdc ./Drivers/ioLibrary_Driver/Ethernet/socket.o
                0x0000000008005798                close
 .text.connect  0x0000000008005874      0x1b8 ./Drivers/ioLibrary_Driver/Ethernet/socket.o
                0x0000000008005874                connect
 .text.disconnect
                0x0000000008005a2c       0xec ./Drivers/ioLibrary_Driver/Ethernet/socket.o
                0x0000000008005a2c                disconnect
 .text.send     0x0000000008005b18      0x1f4 ./Drivers/ioLibrary_Driver/Ethernet/socket.o
                0x0000000008005b18                send
 .text.recv     0x0000000008005d0c      0x16c ./Drivers/ioLibrary_Driver/Ethernet/socket.o
                0x0000000008005d0c                recv
 .text.sendto   0x0000000008005e78      0x26c ./Drivers/ioLibrary_Driver/Ethernet/socket.o
                0x0000000008005e78                sendto
 .text.recvfrom
                0x00000000080060e4      0x3dc ./Drivers/ioLibrary_Driver/Ethernet/socket.o
                0x00000000080060e4                recvfrom
 .text.wizchip_cris_enter
                0x00000000080064c0        0xe ./Drivers/ioLibrary_Driver/Ethernet/wizchip_conf.o
                0x00000000080064c0                wizchip_cris_enter
 .text.wizchip_cris_exit
                0x00000000080064ce        0xe ./Drivers/ioLibrary_Driver/Ethernet/wizchip_conf.o
                0x00000000080064ce                wizchip_cris_exit
 .text.wizchip_cs_select
                0x00000000080064dc        0xe ./Drivers/ioLibrary_Driver/Ethernet/wizchip_conf.o
                0x00000000080064dc                wizchip_cs_select
 .text.wizchip_cs_deselect
                0x00000000080064ea        0xe ./Drivers/ioLibrary_Driver/Ethernet/wizchip_conf.o
                0x00000000080064ea                wizchip_cs_deselect
 .text.wizchip_bus_readdata
                0x00000000080064f8       0x1a ./Drivers/ioLibrary_Driver/Ethernet/wizchip_conf.o
                0x00000000080064f8                wizchip_bus_readdata
 .text.wizchip_bus_writedata
                0x0000000008006512       0x1e ./Drivers/ioLibrary_Driver/Ethernet/wizchip_conf.o
                0x0000000008006512                wizchip_bus_writedata
 .text.wizchip_spi_readbyte
                0x0000000008006530       0x10 ./Drivers/ioLibrary_Driver/Ethernet/wizchip_conf.o
                0x0000000008006530                wizchip_spi_readbyte
 .text.wizchip_spi_writebyte
                0x0000000008006540       0x16 ./Drivers/ioLibrary_Driver/Ethernet/wizchip_conf.o
                0x0000000008006540                wizchip_spi_writebyte
 *fill*         0x0000000008006556        0x2 
 .text.reg_wizchip_cs_cbfunc
                0x0000000008006558       0x4c ./Drivers/ioLibrary_Driver/Ethernet/wizchip_conf.o
                0x0000000008006558                reg_wizchip_cs_cbfunc
 .text.reg_wizchip_spi_cbfunc
                0x00000000080065a4       0x58 ./Drivers/ioLibrary_Driver/Ethernet/wizchip_conf.o
                0x00000000080065a4                reg_wizchip_spi_cbfunc
 .text.ctlwizchip
                0x00000000080065fc      0x1c4 ./Drivers/ioLibrary_Driver/Ethernet/wizchip_conf.o
                0x00000000080065fc                ctlwizchip
 .text.ctlnetwork
                0x00000000080067c0       0x7c ./Drivers/ioLibrary_Driver/Ethernet/wizchip_conf.o
                0x00000000080067c0                ctlnetwork
 .text.wizchip_sw_reset
                0x000000000800683c       0x98 ./Drivers/ioLibrary_Driver/Ethernet/wizchip_conf.o
                0x000000000800683c                wizchip_sw_reset
 .text.wizchip_init
                0x00000000080068d4      0x118 ./Drivers/ioLibrary_Driver/Ethernet/wizchip_conf.o
                0x00000000080068d4                wizchip_init
 .text.wizchip_clrinterrupt
                0x00000000080069ec       0x68 ./Drivers/ioLibrary_Driver/Ethernet/wizchip_conf.o
                0x00000000080069ec                wizchip_clrinterrupt
 .text.wizchip_getinterrupt
                0x0000000008006a54       0x4a ./Drivers/ioLibrary_Driver/Ethernet/wizchip_conf.o
                0x0000000008006a54                wizchip_getinterrupt
 .text.wizchip_setinterruptmask
                0x0000000008006a9e       0x36 ./Drivers/ioLibrary_Driver/Ethernet/wizchip_conf.o
                0x0000000008006a9e                wizchip_setinterruptmask
 .text.wizchip_getinterruptmask
                0x0000000008006ad4       0x46 ./Drivers/ioLibrary_Driver/Ethernet/wizchip_conf.o
                0x0000000008006ad4                wizchip_getinterruptmask
 .text.wizphy_getphylink
                0x0000000008006b1a       0x2c ./Drivers/ioLibrary_Driver/Ethernet/wizchip_conf.o
                0x0000000008006b1a                wizphy_getphylink
 .text.wizphy_getphypmode
                0x0000000008006b46       0x32 ./Drivers/ioLibrary_Driver/Ethernet/wizchip_conf.o
                0x0000000008006b46                wizphy_getphypmode
 .text.wizphy_reset
                0x0000000008006b78       0x4e ./Drivers/ioLibrary_Driver/Ethernet/wizchip_conf.o
                0x0000000008006b78                wizphy_reset
 .text.wizphy_setphyconf
                0x0000000008006bc6       0x84 ./Drivers/ioLibrary_Driver/Ethernet/wizchip_conf.o
                0x0000000008006bc6                wizphy_setphyconf
 .text.wizphy_getphyconf
                0x0000000008006c4a       0xd2 ./Drivers/ioLibrary_Driver/Ethernet/wizchip_conf.o
                0x0000000008006c4a                wizphy_getphyconf
 .text.wizphy_setphypmode
                0x0000000008006d1c       0x94 ./Drivers/ioLibrary_Driver/Ethernet/wizchip_conf.o
                0x0000000008006d1c                wizphy_setphypmode
 .text.wizchip_setnetinfo
                0x0000000008006db0       0x80 ./Drivers/ioLibrary_Driver/Ethernet/wizchip_conf.o
                0x0000000008006db0                wizchip_setnetinfo
 .text.wizchip_getnetinfo
                0x0000000008006e30       0x80 ./Drivers/ioLibrary_Driver/Ethernet/wizchip_conf.o
                0x0000000008006e30                wizchip_getnetinfo
 .text.wizchip_setnetmode
                0x0000000008006eb0       0x44 ./Drivers/ioLibrary_Driver/Ethernet/wizchip_conf.o
                0x0000000008006eb0                wizchip_setnetmode
 .text.wizchip_getnetmode
                0x0000000008006ef4       0x10 ./Drivers/ioLibrary_Driver/Ethernet/wizchip_conf.o
                0x0000000008006ef4                wizchip_getnetmode
 .text.wizchip_settimeout
                0x0000000008006f04       0x42 ./Drivers/ioLibrary_Driver/Ethernet/wizchip_conf.o
                0x0000000008006f04                wizchip_settimeout
 .text.wizchip_gettimeout
                0x0000000008006f46       0x44 ./Drivers/ioLibrary_Driver/Ethernet/wizchip_conf.o
                0x0000000008006f46                wizchip_gettimeout
 *fill*         0x0000000008006f8a        0x2 
 .text.default_ip_assign
                0x0000000008006f8c       0x38 ./Drivers/ioLibrary_Driver/Internet/DHCP/dhcp.o
                0x0000000008006f8c                default_ip_assign
 .text.default_ip_update
                0x0000000008006fc4       0x2c ./Drivers/ioLibrary_Driver/Internet/DHCP/dhcp.o
                0x0000000008006fc4                default_ip_update
 .text.default_ip_conflict
                0x0000000008006ff0       0x28 ./Drivers/ioLibrary_Driver/Internet/DHCP/dhcp.o
                0x0000000008006ff0                default_ip_conflict
 .text.makeDHCPMSG
                0x0000000008007018      0x1ec ./Drivers/ioLibrary_Driver/Internet/DHCP/dhcp.o
                0x0000000008007018                makeDHCPMSG
 .text.send_DHCP_DISCOVER
                0x0000000008007204      0x398 ./Drivers/ioLibrary_Driver/Internet/DHCP/dhcp.o
                0x0000000008007204                send_DHCP_DISCOVER
 .text.send_DHCP_REQUEST
                0x000000000800759c      0x520 ./Drivers/ioLibrary_Driver/Internet/DHCP/dhcp.o
                0x000000000800759c                send_DHCP_REQUEST
 .text.send_DHCP_DECLINE
                0x0000000008007abc      0x2ac ./Drivers/ioLibrary_Driver/Internet/DHCP/dhcp.o
                0x0000000008007abc                send_DHCP_DECLINE
 .text.parseDHCPMSG
                0x0000000008007d68      0x480 ./Drivers/ioLibrary_Driver/Internet/DHCP/dhcp.o
                0x0000000008007d68                parseDHCPMSG
 .text.DHCP_run
                0x00000000080081e8      0x27c ./Drivers/ioLibrary_Driver/Internet/DHCP/dhcp.o
                0x00000000080081e8                DHCP_run
 .text.DHCP_stop
                0x0000000008008464       0x20 ./Drivers/ioLibrary_Driver/Internet/DHCP/dhcp.o
                0x0000000008008464                DHCP_stop
 .text.check_DHCP_timeout
                0x0000000008008484       0xc0 ./Drivers/ioLibrary_Driver/Internet/DHCP/dhcp.o
                0x0000000008008484                check_DHCP_timeout
 .text.check_DHCP_leasedIP
                0x0000000008008544       0x88 ./Drivers/ioLibrary_Driver/Internet/DHCP/dhcp.o
                0x0000000008008544                check_DHCP_leasedIP
 .text.DHCP_init
                0x00000000080085cc      0x128 ./Drivers/ioLibrary_Driver/Internet/DHCP/dhcp.o
                0x00000000080085cc                DHCP_init
 .text.reset_DHCP_timeout
                0x00000000080086f4       0x2c ./Drivers/ioLibrary_Driver/Internet/DHCP/dhcp.o
                0x00000000080086f4                reset_DHCP_timeout
 .text.NibbleToHex
                0x0000000008008720       0x32 ./Drivers/ioLibrary_Driver/Internet/DHCP/dhcp.o
                0x0000000008008720                NibbleToHex
 .text.get16    0x0000000008008752       0x30 ./Drivers/ioLibrary_Driver/Internet/DNS/dns.o
                0x0000000008008752                get16
 .text.put16    0x0000000008008782       0x36 ./Drivers/ioLibrary_Driver/Internet/DNS/dns.o
                0x0000000008008782                put16
 .text.parse_name
                0x00000000080087b8      0x10e ./Drivers/ioLibrary_Driver/Internet/DNS/dns.o
                0x00000000080087b8                parse_name
 .text.dns_question
                0x00000000080088c6       0x4a ./Drivers/ioLibrary_Driver/Internet/DNS/dns.o
                0x00000000080088c6                dns_question
 .text.dns_answer
                0x0000000008008910      0x1f0 ./Drivers/ioLibrary_Driver/Internet/DNS/dns.o
                0x0000000008008910                dns_answer
 .text.parseDNSMSG
                0x0000000008008b00      0x18e ./Drivers/ioLibrary_Driver/Internet/DNS/dns.o
                0x0000000008008b00                parseDNSMSG
 *fill*         0x0000000008008c8e        0x2 
 .text.dns_makequery
                0x0000000008008c90      0x17c ./Drivers/ioLibrary_Driver/Internet/DNS/dns.o
                0x0000000008008c90                dns_makequery
 .text.check_DNS_timeout
                0x0000000008008e0c       0x4c ./Drivers/ioLibrary_Driver/Internet/DNS/dns.o
                0x0000000008008e0c                check_DNS_timeout
 .text.DNS_init
                0x0000000008008e58       0x38 ./Drivers/ioLibrary_Driver/Internet/DNS/dns.o
                0x0000000008008e58                DNS_init
 .text.DNS_run  0x0000000008008e90      0x198 ./Drivers/ioLibrary_Driver/Internet/DNS/dns.o
                0x0000000008008e90                DNS_run
 .text.NewMessageData
                0x0000000008009028       0x24 ./Drivers/ioLibrary_Driver/Internet/MQTT/MQTTClient.o
 .text.getNextPacketId
                0x000000000800904c       0x32 ./Drivers/ioLibrary_Driver/Internet/MQTT/MQTTClient.o
 .text.sendPacket
                0x000000000800907e       0x92 ./Drivers/ioLibrary_Driver/Internet/MQTT/MQTTClient.o
 .text.MQTTClientInit
                0x0000000008009110       0x7c ./Drivers/ioLibrary_Driver/Internet/MQTT/MQTTClient.o
                0x0000000008009110                MQTTClientInit
 .text.decodePacket
                0x000000000800918c       0x88 ./Drivers/ioLibrary_Driver/Internet/MQTT/MQTTClient.o
 .text.readPacket
                0x0000000008009214       0xc8 ./Drivers/ioLibrary_Driver/Internet/MQTT/MQTTClient.o
 .text.isTopicMatched
                0x00000000080092dc       0xd2 ./Drivers/ioLibrary_Driver/Internet/MQTT/MQTTClient.o
 .text.deliverMessage
                0x00000000080093ae       0xd6 ./Drivers/ioLibrary_Driver/Internet/MQTT/MQTTClient.o
                0x00000000080093ae                deliverMessage
 .text.keepalive
                0x0000000008009484       0x8e ./Drivers/ioLibrary_Driver/Internet/MQTT/MQTTClient.o
                0x0000000008009484                keepalive
 *fill*         0x0000000008009512        0x2 
 .text.cycle    0x0000000008009514      0x1c8 ./Drivers/ioLibrary_Driver/Internet/MQTT/MQTTClient.o
                0x0000000008009514                cycle
 .text.MQTTYield
                0x00000000080096dc       0x4a ./Drivers/ioLibrary_Driver/Internet/MQTT/MQTTClient.o
                0x00000000080096dc                MQTTYield
 .text.waitfor  0x0000000008009726       0x3e ./Drivers/ioLibrary_Driver/Internet/MQTT/MQTTClient.o
                0x0000000008009726                waitfor
 .text.MQTTConnect
                0x0000000008009764      0x10c ./Drivers/ioLibrary_Driver/Internet/MQTT/MQTTClient.o
                0x0000000008009764                MQTTConnect
 .text.MQTTSubscribe
                0x0000000008009870      0x152 ./Drivers/ioLibrary_Driver/Internet/MQTT/MQTTClient.o
                0x0000000008009870                MQTTSubscribe
 .text.TimerInit
                0x00000000080099c2       0x1a ./Drivers/ioLibrary_Driver/Internet/MQTT/mqtt_interface.o
                0x00000000080099c2                TimerInit
 .text.TimerIsExpired
                0x00000000080099dc       0x2c ./Drivers/ioLibrary_Driver/Internet/MQTT/mqtt_interface.o
                0x00000000080099dc                TimerIsExpired
 .text.TimerCountdownMS
                0x0000000008009a08       0x28 ./Drivers/ioLibrary_Driver/Internet/MQTT/mqtt_interface.o
                0x0000000008009a08                TimerCountdownMS
 .text.TimerCountdown
                0x0000000008009a30       0x30 ./Drivers/ioLibrary_Driver/Internet/MQTT/mqtt_interface.o
                0x0000000008009a30                TimerCountdown
 .text.TimerLeftMS
                0x0000000008009a60       0x2c ./Drivers/ioLibrary_Driver/Internet/MQTT/mqtt_interface.o
                0x0000000008009a60                TimerLeftMS
 .text.NewNetwork
                0x0000000008009a8c       0x3c ./Drivers/ioLibrary_Driver/Internet/MQTT/mqtt_interface.o
                0x0000000008009a8c                NewNetwork
 .text.w5x00_read
                0x0000000008009ac8       0x5a ./Drivers/ioLibrary_Driver/Internet/MQTT/mqtt_interface.o
                0x0000000008009ac8                w5x00_read
 .text.w5x00_write
                0x0000000008009b22       0x48 ./Drivers/ioLibrary_Driver/Internet/MQTT/mqtt_interface.o
                0x0000000008009b22                w5x00_write
 .text.w5x00_disconnect
                0x0000000008009b6a       0x1c ./Drivers/ioLibrary_Driver/Internet/MQTT/mqtt_interface.o
                0x0000000008009b6a                w5x00_disconnect
 .text.ConnectNetwork
                0x0000000008009b86       0x58 ./Drivers/ioLibrary_Driver/Internet/MQTT/mqtt_interface.o
                0x0000000008009b86                ConnectNetwork
 .text.MQTTSerialize_connectLength
                0x0000000008009bde       0xc2 ./Drivers/ioLibrary_Driver/Internet/MQTT/MQTTPacket/src/MQTTConnectClient.o
                0x0000000008009bde                MQTTSerialize_connectLength
 .text.MQTTSerialize_connect
                0x0000000008009ca0      0x1d8 ./Drivers/ioLibrary_Driver/Internet/MQTT/MQTTPacket/src/MQTTConnectClient.o
                0x0000000008009ca0                MQTTSerialize_connect
 .text.MQTTDeserialize_connack
                0x0000000008009e78       0xaa ./Drivers/ioLibrary_Driver/Internet/MQTT/MQTTPacket/src/MQTTConnectClient.o
                0x0000000008009e78                MQTTDeserialize_connack
 .text.MQTTSerialize_zero
                0x0000000008009f22       0x70 ./Drivers/ioLibrary_Driver/Internet/MQTT/MQTTPacket/src/MQTTConnectClient.o
                0x0000000008009f22                MQTTSerialize_zero
 .text.MQTTSerialize_pingreq
                0x0000000008009f92       0x1e ./Drivers/ioLibrary_Driver/Internet/MQTT/MQTTPacket/src/MQTTConnectClient.o
                0x0000000008009f92                MQTTSerialize_pingreq
 .text.MQTTDeserialize_publish
                0x0000000008009fb0       0xe4 ./Drivers/ioLibrary_Driver/Internet/MQTT/MQTTPacket/src/MQTTDeserializePublish.o
                0x0000000008009fb0                MQTTDeserialize_publish
 .text.MQTTDeserialize_ack
                0x000000000800a094       0x96 ./Drivers/ioLibrary_Driver/Internet/MQTT/MQTTPacket/src/MQTTDeserializePublish.o
                0x000000000800a094                MQTTDeserialize_ack
 .text.MQTTPacket_encode
                0x000000000800a12a       0x5e ./Drivers/ioLibrary_Driver/Internet/MQTT/MQTTPacket/src/MQTTPacket.o
                0x000000000800a12a                MQTTPacket_encode
 .text.MQTTPacket_decode
                0x000000000800a188       0x78 ./Drivers/ioLibrary_Driver/Internet/MQTT/MQTTPacket/src/MQTTPacket.o
                0x000000000800a188                MQTTPacket_decode
 .text.MQTTPacket_len
                0x000000000800a200       0x54 ./Drivers/ioLibrary_Driver/Internet/MQTT/MQTTPacket/src/MQTTPacket.o
                0x000000000800a200                MQTTPacket_len
 .text.bufchar  0x000000000800a254       0x40 ./Drivers/ioLibrary_Driver/Internet/MQTT/MQTTPacket/src/MQTTPacket.o
                0x000000000800a254                bufchar
 .text.MQTTPacket_decodeBuf
                0x000000000800a294       0x2c ./Drivers/ioLibrary_Driver/Internet/MQTT/MQTTPacket/src/MQTTPacket.o
                0x000000000800a294                MQTTPacket_decodeBuf
 .text.readInt  0x000000000800a2c0       0x36 ./Drivers/ioLibrary_Driver/Internet/MQTT/MQTTPacket/src/MQTTPacket.o
                0x000000000800a2c0                readInt
 .text.readChar
                0x000000000800a2f6       0x28 ./Drivers/ioLibrary_Driver/Internet/MQTT/MQTTPacket/src/MQTTPacket.o
                0x000000000800a2f6                readChar
 .text.writeChar
                0x000000000800a31e       0x2a ./Drivers/ioLibrary_Driver/Internet/MQTT/MQTTPacket/src/MQTTPacket.o
                0x000000000800a31e                writeChar
 .text.writeInt
                0x000000000800a348       0x52 ./Drivers/ioLibrary_Driver/Internet/MQTT/MQTTPacket/src/MQTTPacket.o
                0x000000000800a348                writeInt
 .text.writeCString
                0x000000000800a39a       0x3e ./Drivers/ioLibrary_Driver/Internet/MQTT/MQTTPacket/src/MQTTPacket.o
                0x000000000800a39a                writeCString
 .text.writeMQTTString
                0x000000000800a3d8       0x5c ./Drivers/ioLibrary_Driver/Internet/MQTT/MQTTPacket/src/MQTTPacket.o
                0x000000000800a3d8                writeMQTTString
 .text.readMQTTLenString
                0x000000000800a434       0x62 ./Drivers/ioLibrary_Driver/Internet/MQTT/MQTTPacket/src/MQTTPacket.o
                0x000000000800a434                readMQTTLenString
 .text.MQTTstrlen
                0x000000000800a496       0x32 ./Drivers/ioLibrary_Driver/Internet/MQTT/MQTTPacket/src/MQTTPacket.o
                0x000000000800a496                MQTTstrlen
 .text.MQTTPacket_equals
                0x000000000800a4c8       0x6e ./Drivers/ioLibrary_Driver/Internet/MQTT/MQTTPacket/src/MQTTPacket.o
                0x000000000800a4c8                MQTTPacket_equals
 .text.MQTTSerialize_ack
                0x000000000800a536       0xaa ./Drivers/ioLibrary_Driver/Internet/MQTT/MQTTPacket/src/MQTTSerializePublish.o
                0x000000000800a536                MQTTSerialize_ack
 .text.MQTTSerialize_subscribeLength
                0x000000000800a5e0       0x4e ./Drivers/ioLibrary_Driver/Internet/MQTT/MQTTPacket/src/MQTTSubscribeClient.o
                0x000000000800a5e0                MQTTSerialize_subscribeLength
 .text.MQTTSerialize_subscribe
                0x000000000800a62e       0xf4 ./Drivers/ioLibrary_Driver/Internet/MQTT/MQTTPacket/src/MQTTSubscribeClient.o
                0x000000000800a62e                MQTTSerialize_subscribe
 .text.MQTTDeserialize_suback
                0x000000000800a722       0xce ./Drivers/ioLibrary_Driver/Internet/MQTT/MQTTPacket/src/MQTTSubscribeClient.o
                0x000000000800a722                MQTTDeserialize_suback
 .text.W5500Initialze
                0x000000000800a7f0       0xdc ./W5500/W5500Interface.o
                0x000000000800a7f0                W5500Initialze
 .text.W5500WriteByte
                0x000000000800a8cc       0x24 ./W5500/W5500Interface.o
                0x000000000800a8cc                W5500WriteByte
 .text.W5500ReadByte
                0x000000000800a8f0       0x34 ./W5500/W5500Interface.o
                0x000000000800a8f0                W5500ReadByte
 .text.W5500Select
                0x000000000800a924       0x18 ./W5500/W5500Interface.o
                0x000000000800a924                W5500Select
 .text.W5500DeSelect
                0x000000000800a93c       0x18 ./W5500/W5500Interface.o
                0x000000000800a93c                W5500DeSelect
 .text.__errno  0x000000000800a954        0xc c:/st/stm32cubeide_1.10.0/stm32cubeide/plugins/com.st.stm32cube.ide.mcu.externaltools.gnu-tools-for-stm32.10.3-2021.10.win32_1.0.100.202210260954/tools/bin/../lib/gcc/arm-none-eabi/10.3.1/../../../../arm-none-eabi/lib/thumb/v7e-m+fp/hard\libc_nano.a(lib_a-errno.o)
                0x000000000800a954                __errno
 .text.__libc_init_array
                0x000000000800a960       0x48 c:/st/stm32cubeide_1.10.0/stm32cubeide/plugins/com.st.stm32cube.ide.mcu.externaltools.gnu-tools-for-stm32.10.3-2021.10.win32_1.0.100.202210260954/tools/bin/../lib/gcc/arm-none-eabi/10.3.1/../../../../arm-none-eabi/lib/thumb/v7e-m+fp/hard\libc_nano.a(lib_a-init.o)
                0x000000000800a960                __libc_init_array
 .text.memcpy   0x000000000800a9a8       0x1c c:/st/stm32cubeide_1.10.0/stm32cubeide/plugins/com.st.stm32cube.ide.mcu.externaltools.gnu-tools-for-stm32.10.3-2021.10.win32_1.0.100.202210260954/tools/bin/../lib/gcc/arm-none-eabi/10.3.1/../../../../arm-none-eabi/lib/thumb/v7e-m+fp/hard\libc_nano.a(lib_a-memcpy-stub.o)
                0x000000000800a9a8                memcpy
 .text.memset   0x000000000800a9c4       0x10 c:/st/stm32cubeide_1.10.0/stm32cubeide/plugins/com.st.stm32cube.ide.mcu.externaltools.gnu-tools-for-stm32.10.3-2021.10.win32_1.0.100.202210260954/tools/bin/../lib/gcc/arm-none-eabi/10.3.1/../../../../arm-none-eabi/lib/thumb/v7e-m+fp/hard\libc_nano.a(lib_a-memset.o)
                0x000000000800a9c4                memset
 .text._free_r  0x000000000800a9d4       0x98 c:/st/stm32cubeide_1.10.0/stm32cubeide/plugins/com.st.stm32cube.ide.mcu.externaltools.gnu-tools-for-stm32.10.3-2021.10.win32_1.0.100.202210260954/tools/bin/../lib/gcc/arm-none-eabi/10.3.1/../../../../arm-none-eabi/lib/thumb/v7e-m+fp/hard\libc_nano.a(lib_a-nano-freer.o)
                0x000000000800a9d4                _free_r
 .text.sbrk_aligned
                0x000000000800aa6c       0x40 c:/st/stm32cubeide_1.10.0/stm32cubeide/plugins/com.st.stm32cube.ide.mcu.externaltools.gnu-tools-for-stm32.10.3-2021.10.win32_1.0.100.202210260954/tools/bin/../lib/gcc/arm-none-eabi/10.3.1/../../../../arm-none-eabi/lib/thumb/v7e-m+fp/hard\libc_nano.a(lib_a-nano-mallocr.o)
 .text._malloc_r
                0x000000000800aaac       0xe8 c:/st/stm32cubeide_1.10.0/stm32cubeide/plugins/com.st.stm32cube.ide.mcu.externaltools.gnu-tools-for-stm32.10.3-2021.10.win32_1.0.100.202210260954/tools/bin/../lib/gcc/arm-none-eabi/10.3.1/../../../../arm-none-eabi/lib/thumb/v7e-m+fp/hard\libc_nano.a(lib_a-nano-mallocr.o)
                0x000000000800aaac                _malloc_r
 .text.printf   0x000000000800ab94       0x30 c:/st/stm32cubeide_1.10.0/stm32cubeide/plugins/com.st.stm32cube.ide.mcu.externaltools.gnu-tools-for-stm32.10.3-2021.10.win32_1.0.100.202210260954/tools/bin/../lib/gcc/arm-none-eabi/10.3.1/../../../../arm-none-eabi/lib/thumb/v7e-m+fp/hard\libc_nano.a(lib_a-printf.o)
                0x000000000800ab94                iprintf
                0x000000000800ab94                printf
 .text._puts_r  0x000000000800abc4       0xdc c:/st/stm32cubeide_1.10.0/stm32cubeide/plugins/com.st.stm32cube.ide.mcu.externaltools.gnu-tools-for-stm32.10.3-2021.10.win32_1.0.100.202210260954/tools/bin/../lib/gcc/arm-none-eabi/10.3.1/../../../../arm-none-eabi/lib/thumb/v7e-m+fp/hard\libc_nano.a(lib_a-puts.o)
                0x000000000800abc4                _puts_r
 .text.puts     0x000000000800aca0       0x10 c:/st/stm32cubeide_1.10.0/stm32cubeide/plugins/com.st.stm32cube.ide.mcu.externaltools.gnu-tools-for-stm32.10.3-2021.10.win32_1.0.100.202210260954/tools/bin/../lib/gcc/arm-none-eabi/10.3.1/../../../../arm-none-eabi/lib/thumb/v7e-m+fp/hard\libc_nano.a(lib_a-puts.o)
                0x000000000800aca0                puts
 .text._sbrk_r  0x000000000800acb0       0x20 c:/st/stm32cubeide_1.10.0/stm32cubeide/plugins/com.st.stm32cube.ide.mcu.externaltools.gnu-tools-for-stm32.10.3-2021.10.win32_1.0.100.202210260954/tools/bin/../lib/gcc/arm-none-eabi/10.3.1/../../../../arm-none-eabi/lib/thumb/v7e-m+fp/hard\libc_nano.a(lib_a-sbrkr.o)
                0x000000000800acb0                _sbrk_r
 .text.sprintf  0x000000000800acd0       0x40 c:/st/stm32cubeide_1.10.0/stm32cubeide/plugins/com.st.stm32cube.ide.mcu.externaltools.gnu-tools-for-stm32.10.3-2021.10.win32_1.0.100.202210260954/tools/bin/../lib/gcc/arm-none-eabi/10.3.1/../../../../arm-none-eabi/lib/thumb/v7e-m+fp/hard\libc_nano.a(lib_a-sprintf.o)
                0x000000000800acd0                siprintf
                0x000000000800acd0                sprintf
 .text.__sread  0x000000000800ad10       0x22 c:/st/stm32cubeide_1.10.0/stm32cubeide/plugins/com.st.stm32cube.ide.mcu.externaltools.gnu-tools-for-stm32.10.3-2021.10.win32_1.0.100.202210260954/tools/bin/../lib/gcc/arm-none-eabi/10.3.1/../../../../arm-none-eabi/lib/thumb/v7e-m+fp/hard\libc_nano.a(lib_a-stdio.o)
                0x000000000800ad10                __sread
 .text.__swrite
                0x000000000800ad32       0x38 c:/st/stm32cubeide_1.10.0/stm32cubeide/plugins/com.st.stm32cube.ide.mcu.externaltools.gnu-tools-for-stm32.10.3-2021.10.win32_1.0.100.202210260954/tools/bin/../lib/gcc/arm-none-eabi/10.3.1/../../../../arm-none-eabi/lib/thumb/v7e-m+fp/hard\libc_nano.a(lib_a-stdio.o)
                0x000000000800ad32                __swrite
 .text.__sseek  0x000000000800ad6a       0x24 c:/st/stm32cubeide_1.10.0/stm32cubeide/plugins/com.st.stm32cube.ide.mcu.externaltools.gnu-tools-for-stm32.10.3-2021.10.win32_1.0.100.202210260954/tools/bin/../lib/gcc/arm-none-eabi/10.3.1/../../../../arm-none-eabi/lib/thumb/v7e-m+fp/hard\libc_nano.a(lib_a-stdio.o)
                0x000000000800ad6a                __sseek
 .text.__sclose
                0x000000000800ad8e        0x8 c:/st/stm32cubeide_1.10.0/stm32cubeide/plugins/com.st.stm32cube.ide.mcu.externaltools.gnu-tools-for-stm32.10.3-2021.10.win32_1.0.100.202210260954/tools/bin/../lib/gcc/arm-none-eabi/10.3.1/../../../../arm-none-eabi/lib/thumb/v7e-m+fp/hard\libc_nano.a(lib_a-stdio.o)
                0x000000000800ad8e                __sclose
 .text.strchr   0x000000000800ad96       0x1a c:/st/stm32cubeide_1.10.0/stm32cubeide/plugins/com.st.stm32cube.ide.mcu.externaltools.gnu-tools-for-stm32.10.3-2021.10.win32_1.0.100.202210260954/tools/bin/../lib/gcc/arm-none-eabi/10.3.1/../../../../arm-none-eabi/lib/thumb/v7e-m+fp/hard\libc_nano.a(lib_a-strchr.o)
                0x000000000800ad96                strchr
 .text.strcpy   0x000000000800adb0       0x10 c:/st/stm32cubeide_1.10.0/stm32cubeide/plugins/com.st.stm32cube.ide.mcu.externaltools.gnu-tools-for-stm32.10.3-2021.10.win32_1.0.100.202210260954/tools/bin/../lib/gcc/arm-none-eabi/10.3.1/../../../../arm-none-eabi/lib/thumb/v7e-m+fp/hard\libc_nano.a(lib_a-strcpy.o)
                0x000000000800adb0                strcpy
 .text.strncmp  0x000000000800adc0       0x28 c:/st/stm32cubeide_1.10.0/stm32cubeide/plugins/com.st.stm32cube.ide.mcu.externaltools.gnu-tools-for-stm32.10.3-2021.10.win32_1.0.100.202210260954/tools/bin/../lib/gcc/arm-none-eabi/10.3.1/../../../../arm-none-eabi/lib/thumb/v7e-m+fp/hard\libc_nano.a(lib_a-strncmp.o)
                0x000000000800adc0                strncmp
 .text.strncpy  0x000000000800ade8       0x26 c:/st/stm32cubeide_1.10.0/stm32cubeide/plugins/com.st.stm32cube.ide.mcu.externaltools.gnu-tools-for-stm32.10.3-2021.10.win32_1.0.100.202210260954/tools/bin/../lib/gcc/arm-none-eabi/10.3.1/../../../../arm-none-eabi/lib/thumb/v7e-m+fp/hard\libc_nano.a(lib_a-strncpy.o)
                0x000000000800ade8                strncpy
 *fill*         0x000000000800ae0e        0x2 
 .text.__swbuf_r
                0x000000000800ae10       0xa4 c:/st/stm32cubeide_1.10.0/stm32cubeide/plugins/com.st.stm32cube.ide.mcu.externaltools.gnu-tools-for-stm32.10.3-2021.10.win32_1.0.100.202210260954/tools/bin/../lib/gcc/arm-none-eabi/10.3.1/../../../../arm-none-eabi/lib/thumb/v7e-m+fp/hard\libc_nano.a(lib_a-wbuf.o)
                0x000000000800ae10                __swbuf_r
 .text._write_r
                0x000000000800aeb4       0x24 c:/st/stm32cubeide_1.10.0/stm32cubeide/plugins/com.st.stm32cube.ide.mcu.externaltools.gnu-tools-for-stm32.10.3-2021.10.win32_1.0.100.202210260954/tools/bin/../lib/gcc/arm-none-eabi/10.3.1/../../../../arm-none-eabi/lib/thumb/v7e-m+fp/hard\libc_nano.a(lib_a-writer.o)
                0x000000000800aeb4                _write_r
 .text.__swsetup_r
                0x000000000800aed8       0xdc c:/st/stm32cubeide_1.10.0/stm32cubeide/plugins/com.st.stm32cube.ide.mcu.externaltools.gnu-tools-for-stm32.10.3-2021.10.win32_1.0.100.202210260954/tools/bin/../lib/gcc/arm-none-eabi/10.3.1/../../../../arm-none-eabi/lib/thumb/v7e-m+fp/hard\libc_nano.a(lib_a-wsetup.o)
                0x000000000800aed8                __swsetup_r
 .text._close_r
                0x000000000800afb4       0x20 c:/st/stm32cubeide_1.10.0/stm32cubeide/plugins/com.st.stm32cube.ide.mcu.externaltools.gnu-tools-for-stm32.10.3-2021.10.win32_1.0.100.202210260954/tools/bin/../lib/gcc/arm-none-eabi/10.3.1/../../../../arm-none-eabi/lib/thumb/v7e-m+fp/hard\libc_nano.a(lib_a-closer.o)
                0x000000000800afb4                _close_r
 .text.__sflush_r
                0x000000000800afd4      0x10c c:/st/stm32cubeide_1.10.0/stm32cubeide/plugins/com.st.stm32cube.ide.mcu.externaltools.gnu-tools-for-stm32.10.3-2021.10.win32_1.0.100.202210260954/tools/bin/../lib/gcc/arm-none-eabi/10.3.1/../../../../arm-none-eabi/lib/thumb/v7e-m+fp/hard\libc_nano.a(lib_a-fflush.o)
                0x000000000800afd4                __sflush_r
 .text._fflush_r
                0x000000000800b0e0       0x78 c:/st/stm32cubeide_1.10.0/stm32cubeide/plugins/com.st.stm32cube.ide.mcu.externaltools.gnu-tools-for-stm32.10.3-2021.10.win32_1.0.100.202210260954/tools/bin/../lib/gcc/arm-none-eabi/10.3.1/../../../../arm-none-eabi/lib/thumb/v7e-m+fp/hard\libc_nano.a(lib_a-fflush.o)
                0x000000000800b0e0                _fflush_r
 .text.std      0x000000000800b158       0x48 c:/st/stm32cubeide_1.10.0/stm32cubeide/plugins/com.st.stm32cube.ide.mcu.externaltools.gnu-tools-for-stm32.10.3-2021.10.win32_1.0.100.202210260954/tools/bin/../lib/gcc/arm-none-eabi/10.3.1/../../../../arm-none-eabi/lib/thumb/v7e-m+fp/hard\libc_nano.a(lib_a-findfp.o)
 .text._cleanup_r
                0x000000000800b1a0        0xc c:/st/stm32cubeide_1.10.0/stm32cubeide/plugins/com.st.stm32cube.ide.mcu.externaltools.gnu-tools-for-stm32.10.3-2021.10.win32_1.0.100.202210260954/tools/bin/../lib/gcc/arm-none-eabi/10.3.1/../../../../arm-none-eabi/lib/thumb/v7e-m+fp/hard\libc_nano.a(lib_a-findfp.o)
                0x000000000800b1a0                _cleanup_r
 .text.__sfmoreglue
                0x000000000800b1ac       0x2c c:/st/stm32cubeide_1.10.0/stm32cubeide/plugins/com.st.stm32cube.ide.mcu.externaltools.gnu-tools-for-stm32.10.3-2021.10.win32_1.0.100.202210260954/tools/bin/../lib/gcc/arm-none-eabi/10.3.1/../../../../arm-none-eabi/lib/thumb/v7e-m+fp/hard\libc_nano.a(lib_a-findfp.o)
                0x000000000800b1ac                __sfmoreglue
 .text.__sfp_lock_acquire
                0x000000000800b1d8        0xc c:/st/stm32cubeide_1.10.0/stm32cubeide/plugins/com.st.stm32cube.ide.mcu.externaltools.gnu-tools-for-stm32.10.3-2021.10.win32_1.0.100.202210260954/tools/bin/../lib/gcc/arm-none-eabi/10.3.1/../../../../arm-none-eabi/lib/thumb/v7e-m+fp/hard\libc_nano.a(lib_a-findfp.o)
                0x000000000800b1d8                __sfp_lock_acquire
 .text.__sfp_lock_release
                0x000000000800b1e4        0xc c:/st/stm32cubeide_1.10.0/stm32cubeide/plugins/com.st.stm32cube.ide.mcu.externaltools.gnu-tools-for-stm32.10.3-2021.10.win32_1.0.100.202210260954/tools/bin/../lib/gcc/arm-none-eabi/10.3.1/../../../../arm-none-eabi/lib/thumb/v7e-m+fp/hard\libc_nano.a(lib_a-findfp.o)
                0x000000000800b1e4                __sfp_lock_release
 .text.__sinit_lock_acquire
                0x000000000800b1f0        0xc c:/st/stm32cubeide_1.10.0/stm32cubeide/plugins/com.st.stm32cube.ide.mcu.externaltools.gnu-tools-for-stm32.10.3-2021.10.win32_1.0.100.202210260954/tools/bin/../lib/gcc/arm-none-eabi/10.3.1/../../../../arm-none-eabi/lib/thumb/v7e-m+fp/hard\libc_nano.a(lib_a-findfp.o)
                0x000000000800b1f0                __sinit_lock_acquire
 .text.__sinit_lock_release
                0x000000000800b1fc        0xc c:/st/stm32cubeide_1.10.0/stm32cubeide/plugins/com.st.stm32cube.ide.mcu.externaltools.gnu-tools-for-stm32.10.3-2021.10.win32_1.0.100.202210260954/tools/bin/../lib/gcc/arm-none-eabi/10.3.1/../../../../arm-none-eabi/lib/thumb/v7e-m+fp/hard\libc_nano.a(lib_a-findfp.o)
                0x000000000800b1fc                __sinit_lock_release
 .text.__sinit  0x000000000800b208       0x70 c:/st/stm32cubeide_1.10.0/stm32cubeide/plugins/com.st.stm32cube.ide.mcu.externaltools.gnu-tools-for-stm32.10.3-2021.10.win32_1.0.100.202210260954/tools/bin/../lib/gcc/arm-none-eabi/10.3.1/../../../../arm-none-eabi/lib/thumb/v7e-m+fp/hard\libc_nano.a(lib_a-findfp.o)
                0x000000000800b208                __sinit
 .text.__sfp    0x000000000800b278       0x8c c:/st/stm32cubeide_1.10.0/stm32cubeide/plugins/com.st.stm32cube.ide.mcu.externaltools.gnu-tools-for-stm32.10.3-2021.10.win32_1.0.100.202210260954/tools/bin/../lib/gcc/arm-none-eabi/10.3.1/../../../../arm-none-eabi/lib/thumb/v7e-m+fp/hard\libc_nano.a(lib_a-findfp.o)
                0x000000000800b278                __sfp
 .text._fwalk_reent
                0x000000000800b304       0x3e c:/st/stm32cubeide_1.10.0/stm32cubeide/plugins/com.st.stm32cube.ide.mcu.externaltools.gnu-tools-for-stm32.10.3-2021.10.win32_1.0.100.202210260954/tools/bin/../lib/gcc/arm-none-eabi/10.3.1/../../../../arm-none-eabi/lib/thumb/v7e-m+fp/hard\libc_nano.a(lib_a-fwalk.o)
                0x000000000800b304                _fwalk_reent
 .text.__retarget_lock_init_recursive
                0x000000000800b342        0x2 c:/st/stm32cubeide_1.10.0/stm32cubeide/plugins/com.st.stm32cube.ide.mcu.externaltools.gnu-tools-for-stm32.10.3-2021.10.win32_1.0.100.202210260954/tools/bin/../lib/gcc/arm-none-eabi/10.3.1/../../../../arm-none-eabi/lib/thumb/v7e-m+fp/hard\libc_nano.a(lib_a-lock.o)
                0x000000000800b342                __retarget_lock_init_recursive
 .text.__retarget_lock_acquire_recursive
                0x000000000800b344        0x2 c:/st/stm32cubeide_1.10.0/stm32cubeide/plugins/com.st.stm32cube.ide.mcu.externaltools.gnu-tools-for-stm32.10.3-2021.10.win32_1.0.100.202210260954/tools/bin/../lib/gcc/arm-none-eabi/10.3.1/../../../../arm-none-eabi/lib/thumb/v7e-m+fp/hard\libc_nano.a(lib_a-lock.o)
                0x000000000800b344                __retarget_lock_acquire_recursive
 .text.__retarget_lock_release_recursive
                0x000000000800b346        0x2 c:/st/stm32cubeide_1.10.0/stm32cubeide/plugins/com.st.stm32cube.ide.mcu.externaltools.gnu-tools-for-stm32.10.3-2021.10.win32_1.0.100.202210260954/tools/bin/../lib/gcc/arm-none-eabi/10.3.1/../../../../arm-none-eabi/lib/thumb/v7e-m+fp/hard\libc_nano.a(lib_a-lock.o)
                0x000000000800b346                __retarget_lock_release_recursive
 .text._lseek_r
                0x000000000800b348       0x24 c:/st/stm32cubeide_1.10.0/stm32cubeide/plugins/com.st.stm32cube.ide.mcu.externaltools.gnu-tools-for-stm32.10.3-2021.10.win32_1.0.100.202210260954/tools/bin/../lib/gcc/arm-none-eabi/10.3.1/../../../../arm-none-eabi/lib/thumb/v7e-m+fp/hard\libc_nano.a(lib_a-lseekr.o)
                0x000000000800b348                _lseek_r
 .text.__swhatbuf_r
                0x000000000800b36c       0x4a c:/st/stm32cubeide_1.10.0/stm32cubeide/plugins/com.st.stm32cube.ide.mcu.externaltools.gnu-tools-for-stm32.10.3-2021.10.win32_1.0.100.202210260954/tools/bin/../lib/gcc/arm-none-eabi/10.3.1/../../../../arm-none-eabi/lib/thumb/v7e-m+fp/hard\libc_nano.a(lib_a-makebuf.o)
                0x000000000800b36c                __swhatbuf_r
 *fill*         0x000000000800b3b6        0x2 
 .text.__smakebuf_r
                0x000000000800b3b8       0x80 c:/st/stm32cubeide_1.10.0/stm32cubeide/plugins/com.st.stm32cube.ide.mcu.externaltools.gnu-tools-for-stm32.10.3-2021.10.win32_1.0.100.202210260954/tools/bin/../lib/gcc/arm-none-eabi/10.3.1/../../../../arm-none-eabi/lib/thumb/v7e-m+fp/hard\libc_nano.a(lib_a-makebuf.o)
                0x000000000800b3b8                __smakebuf_r
 .text.__malloc_lock
                0x000000000800b438        0xc c:/st/stm32cubeide_1.10.0/stm32cubeide/plugins/com.st.stm32cube.ide.mcu.externaltools.gnu-tools-for-stm32.10.3-2021.10.win32_1.0.100.202210260954/tools/bin/../lib/gcc/arm-none-eabi/10.3.1/../../../../arm-none-eabi/lib/thumb/v7e-m+fp/hard\libc_nano.a(lib_a-mlock.o)
                0x000000000800b438                __malloc_lock
 .text.__malloc_unlock
                0x000000000800b444        0xc c:/st/stm32cubeide_1.10.0/stm32cubeide/plugins/com.st.stm32cube.ide.mcu.externaltools.gnu-tools-for-stm32.10.3-2021.10.win32_1.0.100.202210260954/tools/bin/../lib/gcc/arm-none-eabi/10.3.1/../../../../arm-none-eabi/lib/thumb/v7e-m+fp/hard\libc_nano.a(lib_a-mlock.o)
                0x000000000800b444                __malloc_unlock
 .text.__ssputs_r
                0x000000000800b450       0xb6 c:/st/stm32cubeide_1.10.0/stm32cubeide/plugins/com.st.stm32cube.ide.mcu.externaltools.gnu-tools-for-stm32.10.3-2021.10.win32_1.0.100.202210260954/tools/bin/../lib/gcc/arm-none-eabi/10.3.1/../../../../arm-none-eabi/lib/thumb/v7e-m+fp/hard\libc_nano.a(lib_a-nano-svfprintf.o)
                0x000000000800b450                __ssputs_r
 *fill*         0x000000000800b506        0x2 
 .text._svfprintf_r
                0x000000000800b508      0x200 c:/st/stm32cubeide_1.10.0/stm32cubeide/plugins/com.st.stm32cube.ide.mcu.externaltools.gnu-tools-for-stm32.10.3-2021.10.win32_1.0.100.202210260954/tools/bin/../lib/gcc/arm-none-eabi/10.3.1/../../../../arm-none-eabi/lib/thumb/v7e-m+fp/hard\libc_nano.a(lib_a-nano-svfprintf.o)
                0x000000000800b508                _svfiprintf_r
                0x000000000800b508                _svfprintf_r
 .text.__sfputc_r
                0x000000000800b708       0x2e c:/st/stm32cubeide_1.10.0/stm32cubeide/plugins/com.st.stm32cube.ide.mcu.externaltools.gnu-tools-for-stm32.10.3-2021.10.win32_1.0.100.202210260954/tools/bin/../lib/gcc/arm-none-eabi/10.3.1/../../../../arm-none-eabi/lib/thumb/v7e-m+fp/hard\libc_nano.a(lib_a-nano-vfprintf.o)
 .text.__sfputs_r
                0x000000000800b736       0x24 c:/st/stm32cubeide_1.10.0/stm32cubeide/plugins/com.st.stm32cube.ide.mcu.externaltools.gnu-tools-for-stm32.10.3-2021.10.win32_1.0.100.202210260954/tools/bin/../lib/gcc/arm-none-eabi/10.3.1/../../../../arm-none-eabi/lib/thumb/v7e-m+fp/hard\libc_nano.a(lib_a-nano-vfprintf.o)
                0x000000000800b736                __sfputs_r
 *fill*         0x000000000800b75a        0x2 
 .text._vfprintf_r
                0x000000000800b75c      0x260 c:/st/stm32cubeide_1.10.0/stm32cubeide/plugins/com.st.stm32cube.ide.mcu.externaltools.gnu-tools-for-stm32.10.3-2021.10.win32_1.0.100.202210260954/tools/bin/../lib/gcc/arm-none-eabi/10.3.1/../../../../arm-none-eabi/lib/thumb/v7e-m+fp/hard\libc_nano.a(lib_a-nano-vfprintf.o)
                0x000000000800b75c                _vfprintf_r
                0x000000000800b75c                _vfiprintf_r
 .text._printf_common
                0x000000000800b9bc       0xda c:/st/stm32cubeide_1.10.0/stm32cubeide/plugins/com.st.stm32cube.ide.mcu.externaltools.gnu-tools-for-stm32.10.3-2021.10.win32_1.0.100.202210260954/tools/bin/../lib/gcc/arm-none-eabi/10.3.1/../../../../arm-none-eabi/lib/thumb/v7e-m+fp/hard\libc_nano.a(lib_a-nano-vfprintf_i.o)
                0x000000000800b9bc                _printf_common
 *fill*         0x000000000800ba96        0x2 
 .text._printf_i
                0x000000000800ba98      0x24c c:/st/stm32cubeide_1.10.0/stm32cubeide/plugins/com.st.stm32cube.ide.mcu.externaltools.gnu-tools-for-stm32.10.3-2021.10.win32_1.0.100.202210260954/tools/bin/../lib/gcc/arm-none-eabi/10.3.1/../../../../arm-none-eabi/lib/thumb/v7e-m+fp/hard\libc_nano.a(lib_a-nano-vfprintf_i.o)
                0x000000000800ba98                _printf_i
 .text._read_r  0x000000000800bce4       0x24 c:/st/stm32cubeide_1.10.0/stm32cubeide/plugins/com.st.stm32cube.ide.mcu.externaltools.gnu-tools-for-stm32.10.3-2021.10.win32_1.0.100.202210260954/tools/bin/../lib/gcc/arm-none-eabi/10.3.1/../../../../arm-none-eabi/lib/thumb/v7e-m+fp/hard\libc_nano.a(lib_a-readr.o)
                0x000000000800bce4                _read_r
 .text.abort    0x000000000800bd08        0xe c:/st/stm32cubeide_1.10.0/stm32cubeide/plugins/com.st.stm32cube.ide.mcu.externaltools.gnu-tools-for-stm32.10.3-2021.10.win32_1.0.100.202210260954/tools/bin/../lib/gcc/arm-none-eabi/10.3.1/../../../../arm-none-eabi/lib/thumb/v7e-m+fp/hard\libc_nano.a(lib_a-abort.o)
                0x000000000800bd08                abort
 *fill*         0x000000000800bd16        0x2 
 .text._fstat_r
                0x000000000800bd18       0x24 c:/st/stm32cubeide_1.10.0/stm32cubeide/plugins/com.st.stm32cube.ide.mcu.externaltools.gnu-tools-for-stm32.10.3-2021.10.win32_1.0.100.202210260954/tools/bin/../lib/gcc/arm-none-eabi/10.3.1/../../../../arm-none-eabi/lib/thumb/v7e-m+fp/hard\libc_nano.a(lib_a-fstatr.o)
                0x000000000800bd18                _fstat_r
 .text._isatty_r
                0x000000000800bd3c       0x20 c:/st/stm32cubeide_1.10.0/stm32cubeide/plugins/com.st.stm32cube.ide.mcu.externaltools.gnu-tools-for-stm32.10.3-2021.10.win32_1.0.100.202210260954/tools/bin/../lib/gcc/arm-none-eabi/10.3.1/../../../../arm-none-eabi/lib/thumb/v7e-m+fp/hard\libc_nano.a(lib_a-isattyr.o)
                0x000000000800bd3c                _isatty_r
 .text.memmove  0x000000000800bd5c       0x34 c:/st/stm32cubeide_1.10.0/stm32cubeide/plugins/com.st.stm32cube.ide.mcu.externaltools.gnu-tools-for-stm32.10.3-2021.10.win32_1.0.100.202210260954/tools/bin/../lib/gcc/arm-none-eabi/10.3.1/../../../../arm-none-eabi/lib/thumb/v7e-m+fp/hard\libc_nano.a(lib_a-memmove.o)
                0x000000000800bd5c                memmove
 .text._realloc_r
                0x000000000800bd90       0x5e c:/st/stm32cubeide_1.10.0/stm32cubeide/plugins/com.st.stm32cube.ide.mcu.externaltools.gnu-tools-for-stm32.10.3-2021.10.win32_1.0.100.202210260954/tools/bin/../lib/gcc/arm-none-eabi/10.3.1/../../../../arm-none-eabi/lib/thumb/v7e-m+fp/hard\libc_nano.a(lib_a-nano-reallocr.o)
                0x000000000800bd90                _realloc_r
 .text._raise_r
                0x000000000800bdee       0x50 c:/st/stm32cubeide_1.10.0/stm32cubeide/plugins/com.st.stm32cube.ide.mcu.externaltools.gnu-tools-for-stm32.10.3-2021.10.win32_1.0.100.202210260954/tools/bin/../lib/gcc/arm-none-eabi/10.3.1/../../../../arm-none-eabi/lib/thumb/v7e-m+fp/hard\libc_nano.a(lib_a-signal.o)
                0x000000000800bdee                _raise_r
 *fill*         0x000000000800be3e        0x2 
 .text.raise    0x000000000800be40       0x10 c:/st/stm32cubeide_1.10.0/stm32cubeide/plugins/com.st.stm32cube.ide.mcu.externaltools.gnu-tools-for-stm32.10.3-2021.10.win32_1.0.100.202210260954/tools/bin/../lib/gcc/arm-none-eabi/10.3.1/../../../../arm-none-eabi/lib/thumb/v7e-m+fp/hard\libc_nano.a(lib_a-signal.o)
                0x000000000800be40                raise
 .text._kill_r  0x000000000800be50       0x24 c:/st/stm32cubeide_1.10.0/stm32cubeide/plugins/com.st.stm32cube.ide.mcu.externaltools.gnu-tools-for-stm32.10.3-2021.10.win32_1.0.100.202210260954/tools/bin/../lib/gcc/arm-none-eabi/10.3.1/../../../../arm-none-eabi/lib/thumb/v7e-m+fp/hard\libc_nano.a(lib_a-signalr.o)
                0x000000000800be50                _kill_r
 .text._getpid_r
                0x000000000800be74        0x4 c:/st/stm32cubeide_1.10.0/stm32cubeide/plugins/com.st.stm32cube.ide.mcu.externaltools.gnu-tools-for-stm32.10.3-2021.10.win32_1.0.100.202210260954/tools/bin/../lib/gcc/arm-none-eabi/10.3.1/../../../../arm-none-eabi/lib/thumb/v7e-m+fp/hard\libc_nano.a(lib_a-signalr.o)
                0x000000000800be74                _getpid_r
 .text._malloc_usable_size_r
                0x000000000800be78       0x10 c:/st/stm32cubeide_1.10.0/stm32cubeide/plugins/com.st.stm32cube.ide.mcu.externaltools.gnu-tools-for-stm32.10.3-2021.10.win32_1.0.100.202210260954/tools/bin/../lib/gcc/arm-none-eabi/10.3.1/../../../../arm-none-eabi/lib/thumb/v7e-m+fp/hard\libc_nano.a(lib_a-nano-msizer.o)
                0x000000000800be78                _malloc_usable_size_r
 *(.glue_7)
 .glue_7        0x000000000800be88        0x0 linker stubs
 *(.glue_7t)
 .glue_7t       0x000000000800be88        0x0 linker stubs
 *(.eh_frame)
 .eh_frame      0x000000000800be88        0x0 c:/st/stm32cubeide_1.10.0/stm32cubeide/plugins/com.st.stm32cube.ide.mcu.externaltools.gnu-tools-for-stm32.10.3-2021.10.win32_1.0.100.202210260954/tools/bin/../lib/gcc/arm-none-eabi/10.3.1/thumb/v7e-m+fp/hard/crtbegin.o
 *(.init)
 .init          0x000000000800be88        0x4 c:/st/stm32cubeide_1.10.0/stm32cubeide/plugins/com.st.stm32cube.ide.mcu.externaltools.gnu-tools-for-stm32.10.3-2021.10.win32_1.0.100.202210260954/tools/bin/../lib/gcc/arm-none-eabi/10.3.1/thumb/v7e-m+fp/hard/crti.o
                0x000000000800be88                _init
 .init          0x000000000800be8c        0x8 c:/st/stm32cubeide_1.10.0/stm32cubeide/plugins/com.st.stm32cube.ide.mcu.externaltools.gnu-tools-for-stm32.10.3-2021.10.win32_1.0.100.202210260954/tools/bin/../lib/gcc/arm-none-eabi/10.3.1/thumb/v7e-m+fp/hard/crtn.o
 *(.fini)
 .fini          0x000000000800be94        0x4 c:/st/stm32cubeide_1.10.0/stm32cubeide/plugins/com.st.stm32cube.ide.mcu.externaltools.gnu-tools-for-stm32.10.3-2021.10.win32_1.0.100.202210260954/tools/bin/../lib/gcc/arm-none-eabi/10.3.1/thumb/v7e-m+fp/hard/crti.o
                0x000000000800be94                _fini
 .fini          0x000000000800be98        0x8 c:/st/stm32cubeide_1.10.0/stm32cubeide/plugins/com.st.stm32cube.ide.mcu.externaltools.gnu-tools-for-stm32.10.3-2021.10.win32_1.0.100.202210260954/tools/bin/../lib/gcc/arm-none-eabi/10.3.1/thumb/v7e-m+fp/hard/crtn.o
                0x000000000800bea0                . = ALIGN (0x4)
                0x000000000800bea0                _etext = .

.vfp11_veneer   0x000000000800bea0        0x0
 .vfp11_veneer  0x000000000800bea0        0x0 linker stubs

.v4_bx          0x000000000800bea0        0x0
 .v4_bx         0x000000000800bea0        0x0 linker stubs

.iplt           0x000000000800bea0        0x0
 .iplt          0x000000000800bea0        0x0 c:/st/stm32cubeide_1.10.0/stm32cubeide/plugins/com.st.stm32cube.ide.mcu.externaltools.gnu-tools-for-stm32.10.3-2021.10.win32_1.0.100.202210260954/tools/bin/../lib/gcc/arm-none-eabi/10.3.1/thumb/v7e-m+fp/hard/crtbegin.o

.rodata         0x000000000800bea0      0x640
                0x000000000800bea0                . = ALIGN (0x4)
 *(.rodata)
 .rodata        0x000000000800bea0      0x23f ./Core/Src/main.o
 *fill*         0x000000000800c0df        0x1 
 .rodata        0x000000000800c0e0      0x1ca ./Drivers/ioLibrary_Driver/Internet/DHCP/dhcp.o
 *fill*         0x000000000800c2aa        0x2 
 .rodata        0x000000000800c2ac       0xa3 ./Drivers/ioLibrary_Driver/Internet/DNS/dns.o
 *fill*         0x000000000800c34f        0x1 
 .rodata        0x000000000800c350       0x58 ./Drivers/ioLibrary_Driver/Internet/MQTT/MQTTClient.o
 .rodata        0x000000000800c3a8        0xf ./Drivers/ioLibrary_Driver/Internet/MQTT/MQTTPacket/src/MQTTConnectClient.o
 *fill*         0x000000000800c3b7        0x1 
 .rodata        0x000000000800c3b8       0x4d ./W5500/W5500Interface.o
 *(.rodata*)
 *fill*         0x000000000800c405        0x3 
 .rodata.AHBPrescTable
                0x000000000800c408       0x10 ./Core/Src/system_stm32g4xx.o
                0x000000000800c408                AHBPrescTable
 .rodata.APBPrescTable
                0x000000000800c418        0x8 ./Core/Src/system_stm32g4xx.o
                0x000000000800c418                APBPrescTable
 .rodata.UARTPrescTable
                0x000000000800c420       0x18 ./Drivers/STM32G4xx_HAL_Driver/Src/stm32g4xx_hal_uart.o
                0x000000000800c420                UARTPrescTable
 .rodata.numerator.1
                0x000000000800c438        0x8 ./Drivers/STM32G4xx_HAL_Driver/Src/stm32g4xx_hal_uart_ex.o
 .rodata.denominator.0
                0x000000000800c440        0x8 ./Drivers/STM32G4xx_HAL_Driver/Src/stm32g4xx_hal_uart_ex.o
 .rodata._global_impure_ptr
                0x000000000800c448        0x4 c:/st/stm32cubeide_1.10.0/stm32cubeide/plugins/com.st.stm32cube.ide.mcu.externaltools.gnu-tools-for-stm32.10.3-2021.10.win32_1.0.100.202210260954/tools/bin/../lib/gcc/arm-none-eabi/10.3.1/../../../../arm-none-eabi/lib/thumb/v7e-m+fp/hard\libc_nano.a(lib_a-impure.o)
                0x000000000800c448                _global_impure_ptr
 .rodata.__sf_fake_stderr
                0x000000000800c44c       0x20 c:/st/stm32cubeide_1.10.0/stm32cubeide/plugins/com.st.stm32cube.ide.mcu.externaltools.gnu-tools-for-stm32.10.3-2021.10.win32_1.0.100.202210260954/tools/bin/../lib/gcc/arm-none-eabi/10.3.1/../../../../arm-none-eabi/lib/thumb/v7e-m+fp/hard\libc_nano.a(lib_a-findfp.o)
                0x000000000800c44c                __sf_fake_stderr
 .rodata.__sf_fake_stdin
                0x000000000800c46c       0x20 c:/st/stm32cubeide_1.10.0/stm32cubeide/plugins/com.st.stm32cube.ide.mcu.externaltools.gnu-tools-for-stm32.10.3-2021.10.win32_1.0.100.202210260954/tools/bin/../lib/gcc/arm-none-eabi/10.3.1/../../../../arm-none-eabi/lib/thumb/v7e-m+fp/hard\libc_nano.a(lib_a-findfp.o)
                0x000000000800c46c                __sf_fake_stdin
 .rodata.__sf_fake_stdout
                0x000000000800c48c       0x20 c:/st/stm32cubeide_1.10.0/stm32cubeide/plugins/com.st.stm32cube.ide.mcu.externaltools.gnu-tools-for-stm32.10.3-2021.10.win32_1.0.100.202210260954/tools/bin/../lib/gcc/arm-none-eabi/10.3.1/../../../../arm-none-eabi/lib/thumb/v7e-m+fp/hard\libc_nano.a(lib_a-findfp.o)
                0x000000000800c48c                __sf_fake_stdout
 .rodata._svfprintf_r.str1.1
                0x000000000800c4ac       0x11 c:/st/stm32cubeide_1.10.0/stm32cubeide/plugins/com.st.stm32cube.ide.mcu.externaltools.gnu-tools-for-stm32.10.3-2021.10.win32_1.0.100.202210260954/tools/bin/../lib/gcc/arm-none-eabi/10.3.1/../../../../arm-none-eabi/lib/thumb/v7e-m+fp/hard\libc_nano.a(lib_a-nano-svfprintf.o)
 .rodata._vfprintf_r.str1.1
                0x000000000800c4bd       0x11 c:/st/stm32cubeide_1.10.0/stm32cubeide/plugins/com.st.stm32cube.ide.mcu.externaltools.gnu-tools-for-stm32.10.3-2021.10.win32_1.0.100.202210260954/tools/bin/../lib/gcc/arm-none-eabi/10.3.1/../../../../arm-none-eabi/lib/thumb/v7e-m+fp/hard\libc_nano.a(lib_a-nano-vfprintf.o)
 .rodata._printf_i.str1.1
                0x000000000800c4bd       0x22 c:/st/stm32cubeide_1.10.0/stm32cubeide/plugins/com.st.stm32cube.ide.mcu.externaltools.gnu-tools-for-stm32.10.3-2021.10.win32_1.0.100.202210260954/tools/bin/../lib/gcc/arm-none-eabi/10.3.1/../../../../arm-none-eabi/lib/thumb/v7e-m+fp/hard\libc_nano.a(lib_a-nano-vfprintf_i.o)
                0x000000000800c4e0                . = ALIGN (0x4)
 *fill*         0x000000000800c4df        0x1 

.ARM.extab      0x000000000800c4e0       0x48
                0x000000000800c4e0                . = ALIGN (0x4)
 *(.ARM.extab* .gnu.linkonce.armextab.*)
 .ARM.extab.text._Z14messageArrivedP11MessageData
                0x000000000800c4e0        0xc ./Core/Src/main.o
 .ARM.extab.text.main
                0x000000000800c4ec        0xc ./Core/Src/main.o
 .ARM.extab.text._Z18SystemClock_Configv
                0x000000000800c4f8        0xc ./Core/Src/main.o
 .ARM.extab.text._Z12process_dhcpv
                0x000000000800c504        0xc ./Core/Src/main.o
 .ARM.extab     0x000000000800c510       0x18 c:/st/stm32cubeide_1.10.0/stm32cubeide/plugins/com.st.stm32cube.ide.mcu.externaltools.gnu-tools-for-stm32.10.3-2021.10.win32_1.0.100.202210260954/tools/bin/../lib/gcc/arm-none-eabi/10.3.1/thumb/v7e-m+fp/hard\libgcc.a(pr-support.o)
                0x000000000800c528                . = ALIGN (0x4)

.ARM            0x000000000800c528       0xe8
                0x000000000800c528                . = ALIGN (0x4)
                0x000000000800c528                __exidx_start = .
 *(.ARM.exidx*)
 .ARM.exidx.text._Z14messageArrivedP11MessageData
                0x000000000800c5e0        0x8 ./Core/Src/main.o
 .ARM.exidx.text.main
                0x000000000800c5e8        0x8 ./Core/Src/main.o
 .ARM.exidx.text._Z18SystemClock_Configv
                0x000000000800c5f0        0x8 ./Core/Src/main.o
 .ARM.exidx.text._Z25print_network_informationv
                0x000000000800c5f8        0x8 ./Core/Src/main.o
 .ARM.exidx.text._Z12process_dhcpv
                0x000000000800c600        0x8 ./Core/Src/main.o
 .ARM.exidx.text.Error_Handler
                0x000000000800c608        0x8 ./Core/Src/main.o
 .ARM.exidx     0x000000000800c528        0x8 c:/st/stm32cubeide_1.10.0/stm32cubeide/plugins/com.st.stm32cube.ide.mcu.externaltools.gnu-tools-for-stm32.10.3-2021.10.win32_1.0.100.202210260954/tools/bin/../lib/gcc/arm-none-eabi/10.3.1/thumb/v7e-m+fp/hard\libgcc.a(_udivmoddi4.o)
 .ARM.exidx     0x000000000800c530       0x78 c:/st/stm32cubeide_1.10.0/stm32cubeide/plugins/com.st.stm32cube.ide.mcu.externaltools.gnu-tools-for-stm32.10.3-2021.10.win32_1.0.100.202210260954/tools/bin/../lib/gcc/arm-none-eabi/10.3.1/thumb/v7e-m+fp/hard\libgcc.a(unwind-arm.o)
                                         0xd8 (size before relaxing)
 .ARM.exidx     0x000000000800c5a8       0x38 c:/st/stm32cubeide_1.10.0/stm32cubeide/plugins/com.st.stm32cube.ide.mcu.externaltools.gnu-tools-for-stm32.10.3-2021.10.win32_1.0.100.202210260954/tools/bin/../lib/gcc/arm-none-eabi/10.3.1/thumb/v7e-m+fp/hard\libgcc.a(pr-support.o)
                0x000000000800c610                __exidx_end = .
                0x000000000800c610                . = ALIGN (0x4)

.rel.dyn        0x000000000800c610        0x0
 .rel.iplt      0x000000000800c610        0x0 c:/st/stm32cubeide_1.10.0/stm32cubeide/plugins/com.st.stm32cube.ide.mcu.externaltools.gnu-tools-for-stm32.10.3-2021.10.win32_1.0.100.202210260954/tools/bin/../lib/gcc/arm-none-eabi/10.3.1/thumb/v7e-m+fp/hard/crtbegin.o

.preinit_array  0x000000000800c610        0x0
                0x000000000800c610                . = ALIGN (0x4)
                0x000000000800c610                PROVIDE (__preinit_array_start = .)
 *(.preinit_array*)
                0x000000000800c610                PROVIDE (__preinit_array_end = .)
                0x000000000800c610                . = ALIGN (0x4)

.init_array     0x000000000800c610        0x4
                0x000000000800c610                . = ALIGN (0x4)
                0x000000000800c610                PROVIDE (__init_array_start = .)
 *(SORT_BY_NAME(.init_array.*))
 *(.init_array*)
 .init_array    0x000000000800c610        0x4 c:/st/stm32cubeide_1.10.0/stm32cubeide/plugins/com.st.stm32cube.ide.mcu.externaltools.gnu-tools-for-stm32.10.3-2021.10.win32_1.0.100.202210260954/tools/bin/../lib/gcc/arm-none-eabi/10.3.1/thumb/v7e-m+fp/hard/crtbegin.o
                0x000000000800c614                PROVIDE (__init_array_end = .)
                0x000000000800c614                . = ALIGN (0x4)

.fini_array     0x000000000800c614        0x4
                0x000000000800c614                . = ALIGN (0x4)
                [!provide]                        PROVIDE (__fini_array_start = .)
 *(SORT_BY_NAME(.fini_array.*))
 *(.fini_array*)
 .fini_array    0x000000000800c614        0x4 c:/st/stm32cubeide_1.10.0/stm32cubeide/plugins/com.st.stm32cube.ide.mcu.externaltools.gnu-tools-for-stm32.10.3-2021.10.win32_1.0.100.202210260954/tools/bin/../lib/gcc/arm-none-eabi/10.3.1/thumb/v7e-m+fp/hard/crtbegin.o
                [!provide]                        PROVIDE (__fini_array_end = .)
                0x000000000800c618                . = ALIGN (0x4)
                0x000000000800c618                _sidata = LOADADDR (.data)

.data           0x0000000020000000      0x118 load address 0x000000000800c618
                0x0000000020000000                . = ALIGN (0x4)
                0x0000000020000000                _sdata = .
 *(.data)
 *(.data*)
 .data.gWIZNETINFO
                0x0000000020000000       0x17 ./Core/Src/main.o
                0x0000000020000000                gWIZNETINFO
 *fill*         0x0000000020000017        0x1 
 .data.opts     0x0000000020000018       0x24 ./Core/Src/main.o
                0x0000000020000018                opts
 .data.TargetName
                0x000000002000003c       0x15 ./Core/Src/main.o
                0x000000002000003c                TargetName
 *fill*         0x0000000020000051        0x3 
 .data.targetIP
                0x0000000020000054        0x4 ./Core/Src/main.o
                0x0000000020000054                targetIP
 .data.targetPort
                0x0000000020000058        0x4 ./Core/Src/main.o
                0x0000000020000058                targetPort
 .data.SystemCoreClock
                0x000000002000005c        0x4 ./Core/Src/system_stm32g4xx.o
                0x000000002000005c                SystemCoreClock
 .data.uwTickPrio
                0x0000000020000060        0x4 ./Drivers/STM32G4xx_HAL_Driver/Src/stm32g4xx_hal.o
                0x0000000020000060                uwTickPrio
 .data.uwTickFreq
                0x0000000020000064        0x4 ./Drivers/STM32G4xx_HAL_Driver/Src/stm32g4xx_hal.o
                0x0000000020000064                uwTickFreq
 .data.sock_any_port
                0x0000000020000068        0x2 ./Drivers/ioLibrary_Driver/Ethernet/socket.o
 *fill*         0x000000002000006a        0x2 
 .data.WIZCHIP  0x000000002000006c       0x2c ./Drivers/ioLibrary_Driver/Ethernet/wizchip_conf.o
                0x000000002000006c                WIZCHIP
 .data.dhcp_lease_time
                0x0000000020000098        0x4 ./Drivers/ioLibrary_Driver/Internet/DHCP/dhcp.o
                0x0000000020000098                dhcp_lease_time
 .data.dhcp_tick_next
                0x000000002000009c        0x4 ./Drivers/ioLibrary_Driver/Internet/DHCP/dhcp.o
                0x000000002000009c                dhcp_tick_next
 .data.HOST_NAME
                0x00000000200000a0        0x8 ./Drivers/ioLibrary_Driver/Internet/DHCP/dhcp.o
                0x00000000200000a0                HOST_NAME
 .data.dhcp_ip_assign
                0x00000000200000a8        0x4 ./Drivers/ioLibrary_Driver/Internet/DHCP/dhcp.o
                0x00000000200000a8                dhcp_ip_assign
 .data.dhcp_ip_update
                0x00000000200000ac        0x4 ./Drivers/ioLibrary_Driver/Internet/DHCP/dhcp.o
                0x00000000200000ac                dhcp_ip_update
 .data.dhcp_ip_conflict
                0x00000000200000b0        0x4 ./Drivers/ioLibrary_Driver/Internet/DHCP/dhcp.o
                0x00000000200000b0                dhcp_ip_conflict
 .data._impure_ptr