../Drivers/TLS/mbedtls/library/md.c:94:12:mbedtls_md_list	0	static
../Drivers/TLS/mbedtls/library/md.c:99:26:mbedtls_md_info_from_string	8	static
../Drivers/TLS/mbedtls/library/md.c:140:26:mbedtls_md_info_from_type	0	static
../Drivers/TLS/mbedtls/library/md.c:181:6:mbedtls_md_init	0	static
../Drivers/TLS/mbedtls/library/md.c:186:6:mbedtls_md_free	8	static
../Drivers/TLS/mbedtls/library/md.c:203:5:mbedtls_md_clone	8	static
../Drivers/TLS/mbedtls/library/md.c:225:5:mbedtls_md_setup	24	static
../Drivers/TLS/mbedtls/library/md.c:219:5:mbedtls_md_init_ctx	0	static
../Drivers/TLS/mbedtls/library/md.c:248:5:mbedtls_md_starts	0	static
../Drivers/TLS/mbedtls/library/md.c:256:5:mbedtls_md_update	0	static
../Drivers/TLS/mbedtls/library/md.c:264:5:mbedtls_md_finish	0	static
../Drivers/TLS/mbedtls/library/md.c:272:5:mbedtls_md	4	static
../Drivers/TLS/mbedtls/library/md.c:322:5:mbedtls_md_hmac_starts	56	static
../Drivers/TLS/mbedtls/library/md.c:369:5:mbedtls_md_hmac_update	4	static
../Drivers/TLS/mbedtls/library/md.c:377:5:mbedtls_md_hmac_finish	56	static
../Drivers/TLS/mbedtls/library/md.c:401:5:mbedtls_md_hmac_reset	16	static
../Drivers/TLS/mbedtls/library/md.c:417:5:mbedtls_md_hmac	40	static
../Drivers/TLS/mbedtls/library/md.c:446:5:mbedtls_md_process	0	static
../Drivers/TLS/mbedtls/library/md.c:454:15:mbedtls_md_get_size	0	static
../Drivers/TLS/mbedtls/library/md.c:462:19:mbedtls_md_get_type	0	static
../Drivers/TLS/mbedtls/library/md.c:470:13:mbedtls_md_get_name	0	static
