../Drivers/ioLibrary_Driver/Internet/SNMP/snmp.c:63:6:currentUptime	0	static
../Drivers/ioLibrary_Driver/Internet/SNMP/snmp.c:72:6:SNMP_time_handler	0	static
../Drivers/ioLibrary_Driver/Internet/SNMP/snmp.c:78:10:getSNMPTimeTick	0	static
../Drivers/ioLibrary_Driver/Internet/SNMP/snmp.c:100:6:snmpd_init	24	static
../Drivers/ioLibrary_Driver/Internet/SNMP/snmp.c:207:9:findEntry	24	static
../Drivers/ioLibrary_Driver/Internet/SNMP/snmp.c:223:9:getOID	8	static
../Drivers/ioLibrary_Driver/Internet/SNMP/snmp.c:240:9:getValue	8	static
../Drivers/ioLibrary_Driver/Internet/SNMP/snmp.c:255:9:getEntry	24	static
../Drivers/ioLibrary_Driver/Internet/SNMP/snmp.c:331:9:setEntry	16	static
../Drivers/ioLibrary_Driver/Internet/SNMP/snmp.c:386:9:parseLength	12	static
../Drivers/ioLibrary_Driver/Internet/SNMP/snmp.c:410:9:parseTLV	16	static
../Drivers/ioLibrary_Driver/Internet/SNMP/snmp.c:437:6:insertRespLen	12	static
../Drivers/ioLibrary_Driver/Internet/SNMP/snmp.c:462:9:parseVarBind	80	static
../Drivers/ioLibrary_Driver/Internet/SNMP/snmp.c:546:9:parseSequence	48	static
../Drivers/ioLibrary_Driver/Internet/SNMP/snmp.c:568:9:parseSequenceOf	40	static
../Drivers/ioLibrary_Driver/Internet/SNMP/snmp.c:594:9:parseRequest	96	static
../Drivers/ioLibrary_Driver/Internet/SNMP/snmp.c:644:9:parseCommunity	40	static
../Drivers/ioLibrary_Driver/Internet/SNMP/snmp.c:674:9:parseVersion	32	static
../Drivers/ioLibrary_Driver/Internet/SNMP/snmp.c:694:9:parseSNMPMessage	40	static
../Drivers/ioLibrary_Driver/Internet/SNMP/snmp.c:717:6:ipToByteArray	80	static
../Drivers/ioLibrary_Driver/Internet/SNMP/snmp.c:734:9:makeTrapVariableBindings	24	static
../Drivers/ioLibrary_Driver/Internet/SNMP/snmp.c:795:9:snmp_sendTrap	72	static
../Drivers/ioLibrary_Driver/Internet/SNMP/snmp.c:889:6:dumpCode	40	static
../Drivers/ioLibrary_Driver/Internet/SNMP/snmp.c:145:9:snmpd_run	40	static
