../Drivers/ioLibrary_Driver/Internet/MQTT/MQTTClient.c:29:12:sendPacket	40	static
../Drivers/ioLibrary_Driver/Internet/MQTT/MQTTClient.c:52:6:MQTTClientInit	0	static
../Drivers/ioLibrary_Driver/Internet/MQTT/MQTTClient.c:163:5:deliverMessage	40	static
../Drivers/ioLibrary_Driver/Internet/MQTT/MQTTClient.c:196:5:keepalive	16	static
../Drivers/ioLibrary_Driver/Internet/MQTT/MQTTClient.c:224:5:cycle	96	static
../Drivers/ioLibrary_Driver/Internet/MQTT/MQTTClient.c:291:5:MQTTYield	24	static
../Drivers/ioLibrary_Driver/Internet/MQTT/MQTTClient.c:308:6:MQTTRun	16	static
../Drivers/ioLibrary_Driver/Internet/MQTT/MQTTClient.c:337:5:waitfor	24	static
../Drivers/ioLibrary_Driver/Internet/MQTT/MQTTClient.c:352:5:MQTTConnect	120	static
../Drivers/ioLibrary_Driver/Internet/MQTT/MQTTClient.c:403:5:MQTTSubscribe	72	static
../Drivers/ioLibrary_Driver/Internet/MQTT/MQTTClient.c:461:5:MQTTUnsubscribe	48	static
../Drivers/ioLibrary_Driver/Internet/MQTT/MQTTClient.c:500:5:MQTTPublish	72	static
../Drivers/ioLibrary_Driver/Internet/MQTT/MQTTClient.c:560:5:MQTTDisconnect	16	static
